
===========================================================================
report_checks -unconstrained
===========================================================================
======================= min_ff_n40C_1v95 Corner ===================================

Startpoint: wb_rst_i (input port clocked by clk)
Endpoint: _2042_ (recovery check against rising-edge clock clk)
Path Group: asynchronous
Path Type: max

Fanout         Cap        Slew       Delay        Time   Description
---------------------------------------------------------------------------------------------
                                  0.000000    0.000000   clock clk (rise edge)
                                  5.570000    5.570000   clock network delay (propagated)
                                 50.000000   55.570000 v input external delay
     2    0.016213    0.000000    0.000000   55.570000 v wb_rst_i (in)
                                                         wb_rst_i (net)
                      0.000718    0.000359   55.570358 v input99/A (sky130_fd_sc_hd__buf_12)
     5    0.186812    0.046136    0.088530   55.658890 v input99/X (sky130_fd_sc_hd__buf_12)
                                                         net99 (net)
                      0.127860    0.053252   55.712139 v fanout451/A (sky130_fd_sc_hd__buf_12)
    11    0.164325    0.070047    0.156696   55.868835 v fanout451/X (sky130_fd_sc_hd__buf_12)
                                                         net451 (net)
                      0.087048    0.026741   55.895576 v fanout450/A (sky130_fd_sc_hd__buf_8)
    17    0.145535    0.080481    0.148550   56.044128 v fanout450/X (sky130_fd_sc_hd__buf_8)
                                                         net450 (net)
                      0.081391    0.006963   56.051090 v fanout449/A (sky130_fd_sc_hd__buf_8)
    21    0.129046    0.073184    0.138630   56.189720 v fanout449/X (sky130_fd_sc_hd__buf_8)
                                                         net449 (net)
                      0.073264    0.002188   56.191910 v fanout448/A (sky130_fd_sc_hd__buf_6)
    21    0.108506    0.072282    0.138616   56.330524 v fanout448/X (sky130_fd_sc_hd__buf_6)
                                                         net448 (net)
                      0.077058    0.014470   56.344997 v _1825_/A (sky130_fd_sc_hd__inv_2)
     1    0.004444    0.029850    0.047489   56.392487 ^ _1825_/Y (sky130_fd_sc_hd__inv_2)
                                                         _0022_ (net)
                      0.029850    0.000046   56.392532 ^ _2042_/RESET_B (sky130_fd_sc_hd__dfrtp_1)
                                             56.392532   data arrival time

                                100.000000  100.000000   clock clk (rise edge)
                                  4.650000  104.649994   clock source latency
     4    0.358365    0.610000    0.000000  104.649994 ^ wb_clk_i (in)
                                                         wb_clk_i (net)
                      1.052773    0.221391  104.871384 ^ clkbuf_regs_0_clk/A (sky130_fd_sc_hd__clkbuf_16)
     3    0.032521    0.064590    0.138080  105.009468 ^ clkbuf_regs_0_clk/X (sky130_fd_sc_hd__clkbuf_16)
                                                         wb_clk_i_regs (net)
                      0.064670    0.004086  105.013550 ^ clkbuf_0_wb_clk_i_regs/A (sky130_fd_sc_hd__clkbuf_16)
     5    0.107957    0.095539    0.139750  105.153297 ^ clkbuf_0_wb_clk_i_regs/X (sky130_fd_sc_hd__clkbuf_16)
                                                         clknet_0_wb_clk_i_regs (net)
                      0.097134    0.009791  105.163094 ^ clkbuf_1_1_0_wb_clk_i_regs/A (sky130_fd_sc_hd__clkbuf_8)
     9    0.086910    0.120234    0.161499  105.324593 ^ clkbuf_1_1_0_wb_clk_i_regs/X (sky130_fd_sc_hd__clkbuf_8)
                                                         clknet_1_1_0_wb_clk_i_regs (net)
                      0.121291    0.009102  105.333694 ^ clkbuf_3_7_0_wb_clk_i_regs/A (sky130_fd_sc_hd__clkbuf_8)
    30    0.192419    0.252655    0.242821  105.576515 ^ clkbuf_3_7_0_wb_clk_i_regs/X (sky130_fd_sc_hd__clkbuf_8)
                                                         clknet_3_7_0_wb_clk_i_regs (net)
                      0.259610    0.033246  105.609764 ^ _2042_/CLK (sky130_fd_sc_hd__dfrtp_1)
                                 -0.200000  105.409767   clock uncertainty
                                  0.000000  105.409767   clock reconvergence pessimism
                                  0.177973  105.587730   library recovery time
                                            105.587730   data required time
---------------------------------------------------------------------------------------------
                                            105.587730   data required time
                                            -56.392532   data arrival time
---------------------------------------------------------------------------------------------
                                             49.195202   slack (MET)


Startpoint: wb_rst_i (input port clocked by clk)
Endpoint: _2029_ (rising edge-triggered flip-flop clocked by clk)
Path Group: clk
Path Type: max

Fanout         Cap        Slew       Delay        Time   Description
---------------------------------------------------------------------------------------------
                                  0.000000    0.000000   clock clk (rise edge)
                                  5.570000    5.570000   clock network delay (propagated)
                                 50.000000   55.570000 v input external delay
     2    0.016213    0.000000    0.000000   55.570000 v wb_rst_i (in)
                                                         wb_rst_i (net)
                      0.000718    0.000359   55.570358 v input99/A (sky130_fd_sc_hd__buf_12)
     5    0.186812    0.046136    0.088530   55.658890 v input99/X (sky130_fd_sc_hd__buf_12)
                                                         net99 (net)
                      0.204797    0.098431   55.757320 v fanout455/A (sky130_fd_sc_hd__buf_12)
    13    0.235209    0.062999    0.184503   55.941822 v fanout455/X (sky130_fd_sc_hd__buf_12)
                                                         net455 (net)
                      0.063025    0.000728   55.942551 v fanout452/A (sky130_fd_sc_hd__buf_8)
    21    0.154447    0.084834    0.140780   56.083332 v fanout452/X (sky130_fd_sc_hd__buf_8)
                                                         net452 (net)
                      0.086049    0.008246   56.091576 v mprj.ffram/wb_rst_i (ffram_WB_Wrapper)
     7    0.195031    0.574363    3.211102   59.302681 ^ mprj.ffram/wbs_dat_o[0] (ffram_WB_Wrapper)
                                                         mprj.wb_decoder.wbs_dat_i_periph_2D[0][0] (net)
                      0.599169    0.093852   59.396530 ^ _1370_/B2 (sky130_fd_sc_hd__a221o_1)
     1    0.003594    0.042911    0.097618   59.494148 ^ _1370_/X (sky130_fd_sc_hd__a221o_1)
                                                         _0527_ (net)
                      0.042911    0.000057   59.494205 ^ _1371_/A_N (sky130_fd_sc_hd__nand2b_1)
     1    0.002030    0.036090    0.059046   59.553253 ^ _1371_/Y (sky130_fd_sc_hd__nand2b_1)
                                                         _0528_ (net)
                      0.036090    0.000018   59.553272 ^ hold750/A (sky130_fd_sc_hd__dlygate4sd3_1)
     1    0.003719    0.043331    0.377742   59.931011 ^ hold750/X (sky130_fd_sc_hd__dlygate4sd3_1)
                                                         net1314 (net)
                      0.043331    0.000050   59.931061 ^ _1372_/B1 (sky130_fd_sc_hd__a211o_1)
     1    0.003410    0.032911    0.061334   59.992397 ^ _1372_/X (sky130_fd_sc_hd__a211o_1)
                                                         _0529_ (net)
                      0.032911    0.000043   59.992439 ^ hold751/A (sky130_fd_sc_hd__dlygate4sd3_1)
     1    0.004532    0.049071    0.381490   60.373928 ^ hold751/X (sky130_fd_sc_hd__dlygate4sd3_1)
                                                         net1315 (net)
                      0.049071    0.000071   60.374001 ^ _1376_/B2 (sky130_fd_sc_hd__a22o_1)
     1    0.003682    0.043759    0.075076   60.449078 ^ _1376_/X (sky130_fd_sc_hd__a22o_1)
                                                         mprj.wb_decoder.next_dat_reg[0] (net)
                      0.043759    0.000057   60.449135 ^ hold752/A (sky130_fd_sc_hd__dlygate4sd3_1)
     1    0.002683    0.036605    0.372786   60.821918 ^ hold752/X (sky130_fd_sc_hd__dlygate4sd3_1)
                                                         net1316 (net)
                      0.036605    0.000028   60.821949 ^ _2029_/D (sky130_fd_sc_hd__dfrtp_4)
                                             60.821949   data arrival time

                                100.000000  100.000000   clock clk (rise edge)
                                  4.650000  104.649994   clock source latency
     4    0.358365    0.610000    0.000000  104.649994 ^ wb_clk_i (in)
                                                         wb_clk_i (net)
                      1.052773    0.221391  104.871384 ^ clkbuf_regs_0_clk/A (sky130_fd_sc_hd__clkbuf_16)
     3    0.032521    0.064590    0.138080  105.009468 ^ clkbuf_regs_0_clk/X (sky130_fd_sc_hd__clkbuf_16)
                                                         wb_clk_i_regs (net)
                      0.064670    0.004086  105.013550 ^ clkbuf_0_wb_clk_i_regs/A (sky130_fd_sc_hd__clkbuf_16)
     5    0.107957    0.095539    0.139750  105.153297 ^ clkbuf_0_wb_clk_i_regs/X (sky130_fd_sc_hd__clkbuf_16)
                                                         clknet_0_wb_clk_i_regs (net)
                      0.096881    0.008995  105.162292 ^ clkbuf_1_0_0_wb_clk_i_regs/A (sky130_fd_sc_hd__clkbuf_8)
     9    0.103828    0.140439    0.175412  105.337708 ^ clkbuf_1_0_0_wb_clk_i_regs/X (sky130_fd_sc_hd__clkbuf_8)
                                                         clknet_1_0_0_wb_clk_i_regs (net)
                      0.141545    0.010061  105.347771 ^ clkbuf_3_1_0_wb_clk_i_regs/A (sky130_fd_sc_hd__clkbuf_8)
    27    0.205253    0.267811    0.274134  105.621902 ^ clkbuf_3_1_0_wb_clk_i_regs/X (sky130_fd_sc_hd__clkbuf_8)
                                                         clknet_3_1_0_wb_clk_i_regs (net)
                      0.268596    0.011852  105.633759 ^ _2029_/CLK (sky130_fd_sc_hd__dfrtp_4)
                                 -0.200000  105.433762   clock uncertainty
                                  0.000000  105.433762   clock reconvergence pessimism
                                 -0.029177  105.404587   library setup time
                                            105.404587   data required time
---------------------------------------------------------------------------------------------
                                            105.404587   data required time
                                            -60.821949   data arrival time
---------------------------------------------------------------------------------------------
                                             44.582634   slack (MET)




===========================================================================
report_checks --slack_max -0.01
============================================================================
======================= min_ff_n40C_1v95 Corner ===================================

No paths found.


===========================================================================
 report_check_types -max_slew -max_cap -max_fanout -violators
============================================================================
======================= min_ff_n40C_1v95 Corner ===================================

max slew

Pin                                        Limit        Slew       Slack
------------------------------------------------------------------------
output226/A                             1.500000    2.345432   -0.845432 (VIOLATED)
ANTENNA_output226_A/DIODE               1.500000    2.345411   -0.845411 (VIOLATED)
ANTENNA_747/DIODE                       1.500000    2.231720   -0.731721 (VIOLATED)
ANTENNA_768/DIODE                       1.500000    2.231720   -0.731720 (VIOLATED)
ANTENNA_772/DIODE                       1.500000    2.231720   -0.731720 (VIOLATED)
ANTENNA_770/DIODE                       1.500000    2.231718   -0.731718 (VIOLATED)
ANTENNA_754/DIODE                       1.500000    2.231717   -0.731717 (VIOLATED)
ANTENNA_748/DIODE                       1.500000    2.231715   -0.731716 (VIOLATED)
ANTENNA_746/DIODE                       1.500000    2.231715   -0.731715 (VIOLATED)
ANTENNA_766/DIODE                       1.500000    2.231715   -0.731715 (VIOLATED)
ANTENNA_753/DIODE                       1.500000    2.231701   -0.731701 (VIOLATED)
ANTENNA_769/DIODE                       1.500000    2.231668   -0.731668 (VIOLATED)
ANTENNA_771/DIODE                       1.500000    2.231668   -0.731668 (VIOLATED)
ANTENNA_776/DIODE                       1.500000    2.231667   -0.731667 (VIOLATED)
ANTENNA_774/DIODE                       1.500000    2.231661   -0.731661 (VIOLATED)
ANTENNA_773/DIODE                       1.500000    2.231659   -0.731659 (VIOLATED)
ANTENNA_767/DIODE                       1.500000    2.231651   -0.731651 (VIOLATED)
ANTENNA_751/DIODE                       1.500000    2.231630   -0.731630 (VIOLATED)
ANTENNA_750/DIODE                       1.500000    2.231613   -0.731613 (VIOLATED)
ANTENNA_745/DIODE                       1.500000    2.231596   -0.731595 (VIOLATED)
ANTENNA_744/DIODE                       1.500000    2.231577   -0.731577 (VIOLATED)
ANTENNA_775/DIODE                       1.500000    2.231561   -0.731561 (VIOLATED)
ANTENNA_749/DIODE                       1.500000    2.231557   -0.731557 (VIOLATED)
ANTENNA_752/DIODE                       1.500000    2.231547   -0.731547 (VIOLATED)
ANTENNA_796/DIODE                       1.500000    2.231098   -0.731098 (VIOLATED)
ANTENNA_795/DIODE                       1.500000    2.231057   -0.731057 (VIOLATED)
ANTENNA_793/DIODE                       1.500000    2.230883   -0.730883 (VIOLATED)
ANTENNA_797/DIODE                       1.500000    2.230847   -0.730847 (VIOLATED)
ANTENNA_792/DIODE                       1.500000    2.230797   -0.730797 (VIOLATED)
ANTENNA__1705__A/DIODE                  1.500000    2.230763   -0.730763 (VIOLATED)
_1705_/A                                1.500000    2.230735   -0.730735 (VIOLATED)
ANTENNA_790/DIODE                       1.500000    2.230693   -0.730693 (VIOLATED)
ANTENNA_794/DIODE                       1.500000    2.230562   -0.730562 (VIOLATED)
ANTENNA_791/DIODE                       1.500000    2.230559   -0.730559 (VIOLATED)
ANTENNA_789/DIODE                       1.500000    2.230555   -0.730555 (VIOLATED)
ANTENNA_788/DIODE                       1.500000    2.230538   -0.730539 (VIOLATED)
hold484/X                               1.499524    2.190910   -0.691386 (VIOLATED)
ANTENNA_765/DIODE                       1.500000    2.191177   -0.691177 (VIOLATED)
ANTENNA_760/DIODE                       1.500000    2.191151   -0.691151 (VIOLATED)
ANTENNA_764/DIODE                       1.500000    2.191125   -0.691125 (VIOLATED)
ANTENNA_756/DIODE                       1.500000    2.191081   -0.691081 (VIOLATED)
ANTENNA_755/DIODE                       1.500000    2.191070   -0.691070 (VIOLATED)
ANTENNA_757/DIODE                       1.500000    2.191070   -0.691070 (VIOLATED)
ANTENNA_759/DIODE                       1.500000    2.191070   -0.691070 (VIOLATED)
ANTENNA_762/DIODE                       1.500000    2.191070   -0.691070 (VIOLATED)
ANTENNA_763/DIODE                       1.500000    2.191071   -0.691071 (VIOLATED)
ANTENNA_758/DIODE                       1.500000    2.191058   -0.691059 (VIOLATED)
ANTENNA_761/DIODE                       1.500000    2.191038   -0.691038 (VIOLATED)
ANTENNA_787/DIODE                       1.500000    2.190962   -0.690962 (VIOLATED)
ANTENNA_785/DIODE                       1.500000    2.190949   -0.690950 (VIOLATED)
ANTENNA_783/DIODE                       1.500000    2.190939   -0.690939 (VIOLATED)
ANTENNA_781/DIODE                       1.500000    2.190930   -0.690930 (VIOLATED)
ANTENNA_779/DIODE                       1.500000    2.190922   -0.690922 (VIOLATED)
ANTENNA_777/DIODE                       1.500000    2.190916   -0.690916 (VIOLATED)
ANTENNA_hold484_X/DIODE                 1.500000    2.190912   -0.690912 (VIOLATED)
ANTENNA_778/DIODE                       1.500000    2.190910   -0.690910 (VIOLATED)
ANTENNA_780/DIODE                       1.500000    2.190910   -0.690910 (VIOLATED)
ANTENNA_782/DIODE                       1.500000    2.190910   -0.690910 (VIOLATED)
ANTENNA_784/DIODE                       1.500000    2.190910   -0.690910 (VIOLATED)
ANTENNA_786/DIODE                       1.500000    2.190910   -0.690910 (VIOLATED)
ANTENNA_mprj.team_00_Wrapper.team_00_WB.instance_to_wrap_gpio_out[26]/DIODE    1.500000    2.055462   -0.555462 (VIOLATED)
mprj.team_00_Wrapper.team_00_WB.instance_to_wrap/gpio_out[26]    1.500000    2.055462   -0.555462 (VIOLATED)
ANTENNA_671/DIODE                       1.500000    2.003300   -0.503300 (VIOLATED)
ANTENNA_672/DIODE                       1.500000    2.003298   -0.503298 (VIOLATED)
ANTENNA_665/DIODE                       1.500000    2.003294   -0.503294 (VIOLATED)
ANTENNA_670/DIODE                       1.500000    2.003294   -0.503294 (VIOLATED)
ANTENNA_669/DIODE                       1.500000    2.003293   -0.503293 (VIOLATED)
ANTENNA_664/DIODE                       1.500000    2.003287   -0.503287 (VIOLATED)
ANTENNA_668/DIODE                       1.500000    2.003283   -0.503283 (VIOLATED)
ANTENNA_663/DIODE                       1.500000    2.003278   -0.503279 (VIOLATED)
ANTENNA_667/DIODE                       1.500000    2.003275   -0.503275 (VIOLATED)
ANTENNA_650/DIODE                       1.500000    2.003257   -0.503257 (VIOLATED)
ANTENNA_666/DIODE                       1.500000    2.003256   -0.503256 (VIOLATED)
ANTENNA_649/DIODE                       1.500000    2.003227   -0.503227 (VIOLATED)
ANTENNA_648/DIODE                       1.500000    2.003174   -0.503174 (VIOLATED)
ANTENNA_685/DIODE                       1.500000    2.003170   -0.503170 (VIOLATED)
ANTENNA_684/DIODE                       1.500000    2.003167   -0.503167 (VIOLATED)
ANTENNA_686/DIODE                       1.500000    2.003160   -0.503160 (VIOLATED)
ANTENNA_687/DIODE                       1.500000    2.003152   -0.503152 (VIOLATED)
ANTENNA_647/DIODE                       1.500000    2.003007   -0.503007 (VIOLATED)
ANTENNA_646/DIODE                       1.500000    2.002985   -0.502985 (VIOLATED)
ANTENNA_645/DIODE                       1.500000    2.002942   -0.502942 (VIOLATED)
ANTENNA_644/DIODE                       1.500000    2.002921   -0.502921 (VIOLATED)
ANTENNA_643/DIODE                       1.500000    2.002896   -0.502896 (VIOLATED)
ANTENNA_642/DIODE                       1.500000    2.002809   -0.502809 (VIOLATED)
ANTENNA_640/DIODE                       1.500000    2.002716   -0.502716 (VIOLATED)
ANTENNA__1702__A/DIODE                  1.500000    2.002664   -0.502664 (VIOLATED)
_1702_/A                                1.500000    2.002543   -0.502543 (VIOLATED)
ANTENNA_641/DIODE                       1.500000    2.002177   -0.502177 (VIOLATED)
ANTENNA_662/DIODE                       1.500000    2.001977   -0.501977 (VIOLATED)
hold364/X                               1.499524    1.976612   -0.477088 (VIOLATED)
ANTENNA_680/DIODE                       1.500000    1.976947   -0.476947 (VIOLATED)
ANTENNA_681/DIODE                       1.500000    1.976925   -0.476925 (VIOLATED)
ANTENNA_679/DIODE                       1.500000    1.976884   -0.476884 (VIOLATED)
ANTENNA_661/DIODE                       1.500000    1.976834   -0.476834 (VIOLATED)
ANTENNA_656/DIODE                       1.500000    1.976821   -0.476821 (VIOLATED)
ANTENNA_657/DIODE                       1.500000    1.976821   -0.476821 (VIOLATED)
ANTENNA_659/DIODE                       1.500000    1.976821   -0.476821 (VIOLATED)
ANTENNA_677/DIODE                       1.500000    1.976821   -0.476821 (VIOLATED)
ANTENNA_673/DIODE                       1.500000    1.976810   -0.476810 (VIOLATED)
ANTENNA_676/DIODE                       1.500000    1.976787   -0.476787 (VIOLATED)
ANTENNA_658/DIODE                       1.500000    1.976748   -0.476748 (VIOLATED)
ANTENNA_651/DIODE                       1.500000    1.976740   -0.476740 (VIOLATED)
ANTENNA_652/DIODE                       1.500000    1.976740   -0.476740 (VIOLATED)
ANTENNA_653/DIODE                       1.500000    1.976740   -0.476740 (VIOLATED)
ANTENNA_655/DIODE                       1.500000    1.976740   -0.476740 (VIOLATED)
ANTENNA_654/DIODE                       1.500000    1.976739   -0.476739 (VIOLATED)
ANTENNA_682/DIODE                       1.500000    1.976732   -0.476732 (VIOLATED)
ANTENNA_683/DIODE                       1.500000    1.976732   -0.476732 (VIOLATED)
ANTENNA_678/DIODE                       1.500000    1.976731   -0.476731 (VIOLATED)
ANTENNA_660/DIODE                       1.500000    1.976730   -0.476730 (VIOLATED)
ANTENNA_674/DIODE                       1.500000    1.976720   -0.476720 (VIOLATED)
ANTENNA_675/DIODE                       1.500000    1.976693   -0.476693 (VIOLATED)
ANTENNA_hold364_X/DIODE                 1.500000    1.976612   -0.476612 (VIOLATED)
ANTENNA_877/DIODE                       1.500000    1.974778   -0.474778 (VIOLATED)
ANTENNA_887/DIODE                       1.500000    1.974776   -0.474776 (VIOLATED)
ANTENNA_864/DIODE                       1.500000    1.974774   -0.474774 (VIOLATED)
ANTENNA_872/DIODE                       1.500000    1.974775   -0.474775 (VIOLATED)
ANTENNA_886/DIODE                       1.500000    1.974771   -0.474772 (VIOLATED)
ANTENNA_888/DIODE                       1.500000    1.974771   -0.474772 (VIOLATED)
ANTENNA_863/DIODE                       1.500000    1.974769   -0.474769 (VIOLATED)
ANTENNA_861/DIODE                       1.500000    1.974768   -0.474768 (VIOLATED)
ANTENNA_871/DIODE                       1.500000    1.974768   -0.474768 (VIOLATED)
ANTENNA_862/DIODE                       1.500000    1.974766   -0.474766 (VIOLATED)
ANTENNA_885/DIODE                       1.500000    1.974750   -0.474750 (VIOLATED)
ANTENNA_878/DIODE                       1.500000    1.974748   -0.474748 (VIOLATED)
ANTENNA_880/DIODE                       1.500000    1.974746   -0.474746 (VIOLATED)
ANTENNA_879/DIODE                       1.500000    1.974743   -0.474744 (VIOLATED)
ANTENNA_869/DIODE                       1.500000    1.974470   -0.474470 (VIOLATED)
ANTENNA__1707__A/DIODE                  1.500000    1.974394   -0.474394 (VIOLATED)
ANTENNA_870/DIODE                       1.500000    1.974391   -0.474391 (VIOLATED)
_1707_/A                                1.500000    1.974223   -0.474223 (VIOLATED)
hold587/X                               1.499524    1.946818   -0.447294 (VIOLATED)
ANTENNA_892/DIODE                       1.500000    1.947069   -0.447069 (VIOLATED)
ANTENNA_882/DIODE                       1.500000    1.947040   -0.447040 (VIOLATED)
ANTENNA_874/DIODE                       1.500000    1.947027   -0.447027 (VIOLATED)
ANTENNA_873/DIODE                       1.500000    1.947004   -0.447004 (VIOLATED)
ANTENNA_868/DIODE                       1.500000    1.946964   -0.446964 (VIOLATED)
ANTENNA_876/DIODE                       1.500000    1.946955   -0.446955 (VIOLATED)
ANTENNA_890/DIODE                       1.500000    1.946956   -0.446956 (VIOLATED)
ANTENNA_891/DIODE                       1.500000    1.946956   -0.446956 (VIOLATED)
ANTENNA_865/DIODE                       1.500000    1.946955   -0.446955 (VIOLATED)
ANTENNA_866/DIODE                       1.500000    1.946955   -0.446955 (VIOLATED)
ANTENNA_867/DIODE                       1.500000    1.946955   -0.446955 (VIOLATED)
ANTENNA_881/DIODE                       1.500000    1.946955   -0.446955 (VIOLATED)
ANTENNA_883/DIODE                       1.500000    1.946955   -0.446955 (VIOLATED)
ANTENNA_884/DIODE                       1.500000    1.946944   -0.446944 (VIOLATED)
ANTENNA_875/DIODE                       1.500000    1.946919   -0.446919 (VIOLATED)
ANTENNA_889/DIODE                       1.500000    1.946902   -0.446902 (VIOLATED)
ANTENNA_hold587_X/DIODE                 1.500000    1.946818   -0.446818 (VIOLATED)
ANTENNA_731/DIODE                       1.500000    1.921476   -0.421476 (VIOLATED)
ANTENNA_723/DIODE                       1.500000    1.921476   -0.421476 (VIOLATED)
ANTENNA_728/DIODE                       1.500000    1.921473   -0.421473 (VIOLATED)
ANTENNA_729/DIODE                       1.500000    1.921468   -0.421468 (VIOLATED)
ANTENNA_730/DIODE                       1.500000    1.921465   -0.421465 (VIOLATED)
ANTENNA_722/DIODE                       1.500000    1.921429   -0.421429 (VIOLATED)
ANTENNA_726/DIODE                       1.500000    1.921425   -0.421425 (VIOLATED)
ANTENNA_732/DIODE                       1.500000    1.921424   -0.421424 (VIOLATED)
ANTENNA_707/DIODE                       1.500000    1.921421   -0.421421 (VIOLATED)
ANTENNA_702/DIODE                       1.500000    1.921414   -0.421414 (VIOLATED)
ANTENNA_705/DIODE                       1.500000    1.921405   -0.421405 (VIOLATED)
ANTENNA_701/DIODE                       1.500000    1.921325   -0.421325 (VIOLATED)
ANTENNA_700/DIODE                       1.500000    1.921314   -0.421314 (VIOLATED)
ANTENNA_703/DIODE                       1.500000    1.921267   -0.421267 (VIOLATED)
ANTENNA_725/DIODE                       1.500000    1.921252   -0.421252 (VIOLATED)
ANTENNA_727/DIODE                       1.500000    1.921252   -0.421252 (VIOLATED)
ANTENNA_724/DIODE                       1.500000    1.921250   -0.421250 (VIOLATED)
ANTENNA_710/DIODE                       1.500000    1.921248   -0.421248 (VIOLATED)
ANTENNA_706/DIODE                       1.500000    1.921243   -0.421243 (VIOLATED)
ANTENNA_704/DIODE                       1.500000    1.921239   -0.421239 (VIOLATED)
ANTENNA_709/DIODE                       1.500000    1.921224   -0.421224 (VIOLATED)
ANTENNA_708/DIODE                       1.500000    1.921158   -0.421158 (VIOLATED)
_1704_/A                                1.500000    1.920670   -0.420670 (VIOLATED)
ANTENNA__1704__A/DIODE                  1.500000    1.920664   -0.420664 (VIOLATED)
hold464/X                               1.499524    1.894036   -0.394512 (VIOLATED)
ANTENNA_717/DIODE                       1.500000    1.894258   -0.394258 (VIOLATED)
ANTENNA_716/DIODE                       1.500000    1.894235   -0.394235 (VIOLATED)
ANTENNA_711/DIODE                       1.500000    1.894199   -0.394200 (VIOLATED)
ANTENNA_713/DIODE                       1.500000    1.894190   -0.394190 (VIOLATED)
ANTENNA_715/DIODE                       1.500000    1.894190   -0.394190 (VIOLATED)
ANTENNA_719/DIODE                       1.500000    1.894190   -0.394190 (VIOLATED)
ANTENNA_721/DIODE                       1.500000    1.894190   -0.394190 (VIOLATED)
ANTENNA_712/DIODE                       1.500000    1.894180   -0.394180 (VIOLATED)
ANTENNA_714/DIODE                       1.500000    1.894170   -0.394170 (VIOLATED)
ANTENNA_718/DIODE                       1.500000    1.894160   -0.394160 (VIOLATED)
ANTENNA_720/DIODE                       1.500000    1.894143   -0.394143 (VIOLATED)
ANTENNA_743/DIODE                       1.500000    1.894064   -0.394064 (VIOLATED)
ANTENNA_741/DIODE                       1.500000    1.894057   -0.394057 (VIOLATED)
ANTENNA_739/DIODE                       1.500000    1.894049   -0.394049 (VIOLATED)
ANTENNA_737/DIODE                       1.500000    1.894043   -0.394043 (VIOLATED)
ANTENNA_735/DIODE                       1.500000    1.894039   -0.394039 (VIOLATED)
ANTENNA_733/DIODE                       1.500000    1.894036   -0.394036 (VIOLATED)
ANTENNA_734/DIODE                       1.500000    1.894036   -0.394036 (VIOLATED)
ANTENNA_736/DIODE                       1.500000    1.894036   -0.394036 (VIOLATED)
ANTENNA_738/DIODE                       1.500000    1.894036   -0.394036 (VIOLATED)
ANTENNA_740/DIODE                       1.500000    1.894036   -0.394036 (VIOLATED)
ANTENNA_742/DIODE                       1.500000    1.894036   -0.394036 (VIOLATED)
ANTENNA_hold464_X/DIODE                 1.500000    1.894036   -0.394036 (VIOLATED)
output191/A                             1.500000    1.785620   -0.285620 (VIOLATED)
ANTENNA_output191_A/DIODE               1.500000    1.785582   -0.285582 (VIOLATED)
ANTENNA_189/DIODE                       1.500000    1.785491   -0.285491 (VIOLATED)
ANTENNA_544/DIODE                       1.500000    1.772975   -0.272975 (VIOLATED)
ANTENNA_543/DIODE                       1.500000    1.772969   -0.272970 (VIOLATED)
ANTENNA_541/DIODE                       1.500000    1.772966   -0.272966 (VIOLATED)
ANTENNA_537/DIODE                       1.500000    1.772964   -0.272964 (VIOLATED)
ANTENNA_538/DIODE                       1.500000    1.772961   -0.272961 (VIOLATED)
ANTENNA_542/DIODE                       1.500000    1.772960   -0.272960 (VIOLATED)
ANTENNA_540/DIODE                       1.500000    1.772942   -0.272942 (VIOLATED)
ANTENNA_539/DIODE                       1.500000    1.772941   -0.272941 (VIOLATED)
ANTENNA_536/DIODE                       1.500000    1.772936   -0.272937 (VIOLATED)
ANTENNA_526/DIODE                       1.500000    1.772818   -0.272818 (VIOLATED)
ANTENNA_524/DIODE                       1.500000    1.772801   -0.272801 (VIOLATED)
ANTENNA_523/DIODE                       1.500000    1.772779   -0.272779 (VIOLATED)
ANTENNA_521/DIODE                       1.500000    1.772756   -0.272756 (VIOLATED)
ANTENNA_555/DIODE                       1.500000    1.772747   -0.272747 (VIOLATED)
ANTENNA_519/DIODE                       1.500000    1.772731   -0.272731 (VIOLATED)
ANTENNA_554/DIODE                       1.500000    1.772717   -0.272717 (VIOLATED)
ANTENNA__1681__A/DIODE                  1.500000    1.772717   -0.272717 (VIOLATED)
_1681_/A                                1.500000    1.772694   -0.272694 (VIOLATED)
ANTENNA_556/DIODE                       1.500000    1.772685   -0.272685 (VIOLATED)
ANTENNA_518/DIODE                       1.500000    1.772662   -0.272662 (VIOLATED)
ANTENNA_557/DIODE                       1.500000    1.772643   -0.272643 (VIOLATED)
ANTENNA_520/DIODE                       1.500000    1.772619   -0.272619 (VIOLATED)
ANTENNA_522/DIODE                       1.500000    1.772579   -0.272579 (VIOLATED)
ANTENNA_525/DIODE                       1.500000    1.772465   -0.272465 (VIOLATED)
ANTENNA_1224/DIODE                      1.500000    1.757491   -0.257491 (VIOLATED)
ANTENNA_1220/DIODE                      1.500000    1.757490   -0.257490 (VIOLATED)
ANTENNA_1219/DIODE                      1.500000    1.757489   -0.257489 (VIOLATED)
ANTENNA_1223/DIODE                      1.500000    1.757431   -0.257431 (VIOLATED)
ANTENNA_637/DIODE                       1.500000    1.757424   -0.257424 (VIOLATED)
ANTENNA_633/DIODE                       1.500000    1.757414   -0.257414 (VIOLATED)
ANTENNA_632/DIODE                       1.500000    1.757407   -0.257407 (VIOLATED)
ANTENNA_1217/DIODE                      1.500000    1.757393   -0.257393 (VIOLATED)
ANTENNA_636/DIODE                       1.500000    1.757384   -0.257384 (VIOLATED)
ANTENNA_1215/DIODE                      1.500000    1.757349   -0.257349 (VIOLATED)
ANTENNA__1685__A/DIODE                  1.500000    1.757064   -0.257064 (VIOLATED)
_1685_/A                                1.500000    1.757059   -0.257059 (VIOLATED)
hold239/X                               1.499524    1.755091   -0.255567 (VIOLATED)
ANTENNA_550/DIODE                       1.500000    1.755126   -0.255126 (VIOLATED)
ANTENNA_552/DIODE                       1.500000    1.755101   -0.255101 (VIOLATED)
ANTENNA_528/DIODE                       1.500000    1.755096   -0.255096 (VIOLATED)
ANTENNA_534/DIODE                       1.500000    1.755096   -0.255096 (VIOLATED)
ANTENNA_530/DIODE                       1.500000    1.755096   -0.255096 (VIOLATED)
ANTENNA_532/DIODE                       1.500000    1.755096   -0.255096 (VIOLATED)
ANTENNA_533/DIODE                       1.500000    1.755096   -0.255096 (VIOLATED)
ANTENNA_535/DIODE                       1.500000    1.755096   -0.255096 (VIOLATED)
ANTENNA_547/DIODE                       1.500000    1.755096   -0.255096 (VIOLATED)
ANTENNA_551/DIODE                       1.500000    1.755096   -0.255096 (VIOLATED)
ANTENNA_hold239_X/DIODE                 1.500000    1.755096   -0.255096 (VIOLATED)
ANTENNA_529/DIODE                       1.500000    1.755095   -0.255096 (VIOLATED)
ANTENNA_531/DIODE                       1.500000    1.755095   -0.255095 (VIOLATED)
ANTENNA_546/DIODE                       1.500000    1.755096   -0.255096 (VIOLATED)
ANTENNA_553/DIODE                       1.500000    1.755095   -0.255096 (VIOLATED)
ANTENNA_527/DIODE                       1.500000    1.755095   -0.255095 (VIOLATED)
ANTENNA_549/DIODE                       1.500000    1.755095   -0.255095 (VIOLATED)
ANTENNA_545/DIODE                       1.500000    1.755095   -0.255095 (VIOLATED)
ANTENNA_548/DIODE                       1.500000    1.755093   -0.255093 (VIOLATED)
output225/A                             1.500000    1.748858   -0.248858 (VIOLATED)
ANTENNA_output225_A/DIODE               1.500000    1.748838   -0.248838 (VIOLATED)
hold354/X                               1.499524    1.738997   -0.239473 (VIOLATED)
ANTENNA_1218/DIODE                      1.500000    1.739004   -0.239004 (VIOLATED)
ANTENNA_1225/DIODE                      1.500000    1.739004   -0.239004 (VIOLATED)
ANTENNA_1226/DIODE                      1.500000    1.739004   -0.239004 (VIOLATED)
ANTENNA_638/DIODE                       1.500000    1.739003   -0.239003 (VIOLATED)
ANTENNA_639/DIODE                       1.500000    1.739003   -0.239003 (VIOLATED)
ANTENNA_hold354_X/DIODE                 1.500000    1.739003   -0.239003 (VIOLATED)
ANTENNA_1216/DIODE                      1.500000    1.738997   -0.238997 (VIOLATED)
ANTENNA_1221/DIODE                      1.500000    1.738997   -0.238997 (VIOLATED)
ANTENNA_1222/DIODE                      1.500000    1.738997   -0.238997 (VIOLATED)
ANTENNA_634/DIODE                       1.500000    1.738997   -0.238997 (VIOLATED)
ANTENNA_635/DIODE                       1.500000    1.738997   -0.238997 (VIOLATED)
ANTENNA_mprj.team_00_Wrapper.team_00_WB.instance_to_wrap_gpio_out[25]/DIODE    1.500000    1.641593   -0.141593 (VIOLATED)
mprj.team_00_Wrapper.team_00_WB.instance_to_wrap/gpio_out[25]    1.500000    1.641593   -0.141593 (VIOLATED)
ANTENNA_mprj.team_00_Wrapper.team_00_WB.instance_to_wrap_gpio_oeb[25]/DIODE    1.500000    1.638670   -0.138670 (VIOLATED)
mprj.team_00_Wrapper.team_00_WB.instance_to_wrap/gpio_oeb[25]    1.500000    1.638667   -0.138668 (VIOLATED)
ANTENNA_422/DIODE                       1.500000    1.626373   -0.126373 (VIOLATED)
ANTENNA_421/DIODE                       1.500000    1.626372   -0.126372 (VIOLATED)
ANTENNA_414/DIODE                       1.500000    1.626369   -0.126369 (VIOLATED)
ANTENNA_413/DIODE                       1.500000    1.626364   -0.126364 (VIOLATED)
ANTENNA__1682__A/DIODE                  1.500000    1.626358   -0.126358 (VIOLATED)
_1682_/A                                1.500000    1.626352   -0.126352 (VIOLATED)
ANTENNA_409/DIODE                       1.500000    1.626339   -0.126339 (VIOLATED)
ANTENNA_410/DIODE                       1.500000    1.626327   -0.126328 (VIOLATED)
ANTENNA_417/DIODE                       1.500000    1.626307   -0.126307 (VIOLATED)
ANTENNA_418/DIODE                       1.500000    1.626279   -0.126279 (VIOLATED)
ANTENNA_608/DIODE                       1.500000    1.623686   -0.123686 (VIOLATED)
ANTENNA_600/DIODE                       1.500000    1.623684   -0.123684 (VIOLATED)
ANTENNA_607/DIODE                       1.500000    1.623681   -0.123681 (VIOLATED)
ANTENNA_611/DIODE                       1.500000    1.623620   -0.123620 (VIOLATED)
ANTENNA_603/DIODE                       1.500000    1.623610   -0.123610 (VIOLATED)
ANTENNA_615/DIODE                       1.500000    1.623603   -0.123603 (VIOLATED)
ANTENNA__1684__A/DIODE                  1.500000    1.623599   -0.123599 (VIOLATED)
_1684_/A                                1.500000    1.623592   -0.123592 (VIOLATED)
ANTENNA_604/DIODE                       1.500000    1.623567   -0.123567 (VIOLATED)
ANTENNA_612/DIODE                       1.500000    1.623548   -0.123548 (VIOLATED)
ANTENNA_599/DIODE                       1.500000    1.623484   -0.123484 (VIOLATED)
ANTENNA_mprj.team_00_Wrapper.team_00_WB.instance_to_wrap_en/DIODE    1.500000    1.611550   -0.111550 (VIOLATED)
mprj.team_00_Wrapper.team_00_WB.instance_to_wrap/en    1.500000    1.611529   -0.111529 (VIOLATED)
hold140/X                               1.499524    1.610880   -0.111356 (VIOLATED)
ANTENNA_423/DIODE                       1.500000    1.610888   -0.110888 (VIOLATED)
ANTENNA_419/DIODE                       1.500000    1.610883   -0.110883 (VIOLATED)
ANTENNA_411/DIODE                       1.500000    1.610880   -0.110881 (VIOLATED)
ANTENNA_412/DIODE                       1.500000    1.610880   -0.110881 (VIOLATED)
ANTENNA_415/DIODE                       1.500000    1.610880   -0.110881 (VIOLATED)
ANTENNA_416/DIODE                       1.500000    1.610880   -0.110881 (VIOLATED)
ANTENNA_420/DIODE                       1.500000    1.610880   -0.110881 (VIOLATED)
ANTENNA_424/DIODE                       1.500000    1.610880   -0.110881 (VIOLATED)
ANTENNA_hold140_X/DIODE                 1.500000    1.610880   -0.110881 (VIOLATED)
hold340/X                               1.499524    1.609130   -0.109606 (VIOLATED)
ANTENNA_606/DIODE                       1.500000    1.609190   -0.109190 (VIOLATED)
ANTENNA_614/DIODE                       1.500000    1.609169   -0.109169 (VIOLATED)
ANTENNA_hold340_X/DIODE                 1.500000    1.609155   -0.109155 (VIOLATED)
ANTENNA_613/DIODE                       1.500000    1.609151   -0.109151 (VIOLATED)
ANTENNA_605/DIODE                       1.500000    1.609145   -0.109145 (VIOLATED)
ANTENNA_610/DIODE                       1.500000    1.609134   -0.109134 (VIOLATED)
ANTENNA_609/DIODE                       1.500000    1.609134   -0.109134 (VIOLATED)
ANTENNA_602/DIODE                       1.500000    1.609134   -0.109134 (VIOLATED)
ANTENNA_601/DIODE                       1.500000    1.609133   -0.109134 (VIOLATED)
output223/A                             1.500000    1.584901   -0.084902 (VIOLATED)
ANTENNA_output223_A/DIODE               1.500000    1.584845   -0.084845 (VIOLATED)
output189/A                             1.500000    1.582552   -0.082552 (VIOLATED)
ANTENNA_output189_A/DIODE               1.500000    1.582488   -0.082488 (VIOLATED)
_1710_/A                                1.500000    1.561590   -0.061590 (VIOLATED)
ANTENNA__1710__A/DIODE                  1.500000    1.561585   -0.061585 (VIOLATED)
output205/A                             1.500000    1.547439   -0.047439 (VIOLATED)
ANTENNA_191/DIODE                       1.500000    1.547416   -0.047416 (VIOLATED)
ANTENNA_output205_A/DIODE               1.500000    1.547403   -0.047403 (VIOLATED)
hold116/X                               1.499524    1.539538   -0.040014 (VIOLATED)
ANTENNA__1178__A/DIODE                  1.500000    1.539613   -0.039614 (VIOLATED)
_1178_/A                                1.500000    1.539613   -0.039613 (VIOLATED)
ANTENNA_hold116_X/DIODE                 1.500000    1.539541   -0.039541 (VIOLATED)
ANTENNA__1686__A/DIODE                  1.500000    1.507511   -0.007511 (VIOLATED)
_1686_/A                                1.500000    1.507510   -0.007510 (VIOLATED)
hold91/X                                1.499524    1.507018   -0.007494 (VIOLATED)
ANTENNA_hold91_X/DIODE                  1.500000    1.507024   -0.007024 (VIOLATED)
ANTENNA_mprj.team_00_Wrapper.team_00_WB.instance_to_wrap_gpio_oeb[23]/DIODE    1.500000    1.501205   -0.001205 (VIOLATED)
mprj.team_00_Wrapper.team_00_WB.instance_to_wrap/gpio_oeb[23]    1.500000    1.501186   -0.001186 (VIOLATED)

max fanout

Pin                                   Limit Fanout  Slack
---------------------------------------------------------
hold532/X                                10     89    -79 (VIOLATED)
hold56/X                                 10     70    -60 (VIOLATED)
input168/X                               10     63    -53 (VIOLATED)
hold484/X                                10     57    -47 (VIOLATED)
hold229/X                                10     55    -45 (VIOLATED)
hold364/X                                10     51    -41 (VIOLATED)
hold299/X                                10     49    -39 (VIOLATED)
_2229_/Q                                 10     47    -37 (VIOLATED)
hold464/X                                10     47    -37 (VIOLATED)
input167/X                               10     47    -37 (VIOLATED)
hold553/X                                10     46    -36 (VIOLATED)
hold132/X                                10     43    -33 (VIOLATED)
hold239/X                                10     43    -33 (VIOLATED)
_2225_/Q                                 10     42    -32 (VIOLATED)
_2232_/Q                                 10     39    -29 (VIOLATED)
clkbuf_3_0_0_wb_clk_i_regs/X             10     39    -29 (VIOLATED)
clkbuf_3_2_0_wb_clk_i_regs/X             10     39    -29 (VIOLATED)
hold587/X                                10     35    -25 (VIOLATED)
hold241/X                                10     33    -23 (VIOLATED)
clkbuf_3_7_0_wb_clk_i_regs/X             10     30    -20 (VIOLATED)
hold411/X                                10     29    -19 (VIOLATED)
input165/X                               10     29    -19 (VIOLATED)
clkbuf_3_1_0_wb_clk_i_regs/X             10     27    -17 (VIOLATED)
clkbuf_3_3_0_wb_clk_i_regs/X             10     27    -17 (VIOLATED)
hold135/X                                10     27    -17 (VIOLATED)
hold215/X                                10     27    -17 (VIOLATED)
input166/X                               10     27    -17 (VIOLATED)
clkbuf_3_6_0_wb_clk_i_regs/X             10     25    -15 (VIOLATED)
wire421/X                                10     25    -15 (VIOLATED)
clkbuf_3_4_0_wb_clk_i_regs/X             10     23    -13 (VIOLATED)
fanout364/X                              10     23    -13 (VIOLATED)
fanout366/X                              10     23    -13 (VIOLATED)
hold354/X                                10     23    -13 (VIOLATED)
fanout312/X                              10     22    -12 (VIOLATED)
fanout349/X                              10     22    -12 (VIOLATED)
fanout383/X                              10     22    -12 (VIOLATED)
fanout422/X                              10     22    -12 (VIOLATED)
fanout304/X                              10     21    -11 (VIOLATED)
fanout307/X                              10     21    -11 (VIOLATED)
fanout308/X                              10     21    -11 (VIOLATED)
fanout314/X                              10     21    -11 (VIOLATED)
fanout316/X                              10     21    -11 (VIOLATED)
fanout318/X                              10     21    -11 (VIOLATED)
fanout320/X                              10     21    -11 (VIOLATED)
fanout322/X                              10     21    -11 (VIOLATED)
fanout326/X                              10     21    -11 (VIOLATED)
fanout328/X                              10     21    -11 (VIOLATED)
fanout330/X                              10     21    -11 (VIOLATED)
fanout332/X                              10     21    -11 (VIOLATED)
fanout335/X                              10     21    -11 (VIOLATED)
fanout336/X                              10     21    -11 (VIOLATED)
fanout338/X                              10     21    -11 (VIOLATED)
fanout339/X                              10     21    -11 (VIOLATED)
fanout342/X                              10     21    -11 (VIOLATED)
fanout343/X                              10     21    -11 (VIOLATED)
fanout344/X                              10     21    -11 (VIOLATED)
fanout346/X                              10     21    -11 (VIOLATED)
fanout347/X                              10     21    -11 (VIOLATED)
fanout348/X                              10     21    -11 (VIOLATED)
fanout351/X                              10     21    -11 (VIOLATED)
fanout354/X                              10     21    -11 (VIOLATED)
fanout356/X                              10     21    -11 (VIOLATED)
fanout359/X                              10     21    -11 (VIOLATED)
fanout361/X                              10     21    -11 (VIOLATED)
fanout363/X                              10     21    -11 (VIOLATED)
fanout365/X                              10     21    -11 (VIOLATED)
fanout368/X                              10     21    -11 (VIOLATED)
fanout369/X                              10     21    -11 (VIOLATED)
fanout371/X                              10     21    -11 (VIOLATED)
fanout373/X                              10     21    -11 (VIOLATED)
fanout374/X                              10     21    -11 (VIOLATED)
fanout376/X                              10     21    -11 (VIOLATED)
fanout378/X                              10     21    -11 (VIOLATED)
fanout379/X                              10     21    -11 (VIOLATED)
fanout381/X                              10     21    -11 (VIOLATED)
fanout382/X                              10     21    -11 (VIOLATED)
fanout385/X                              10     21    -11 (VIOLATED)
fanout387/X                              10     21    -11 (VIOLATED)
fanout388/X                              10     21    -11 (VIOLATED)
fanout392/X                              10     21    -11 (VIOLATED)
fanout393/X                              10     21    -11 (VIOLATED)
fanout394/X                              10     21    -11 (VIOLATED)
fanout395/X                              10     21    -11 (VIOLATED)
fanout420/X                              10     21    -11 (VIOLATED)
fanout424/X                              10     21    -11 (VIOLATED)
fanout425/X                              10     21    -11 (VIOLATED)
fanout426/X                              10     21    -11 (VIOLATED)
fanout427/X                              10     21    -11 (VIOLATED)
fanout428/X                              10     21    -11 (VIOLATED)
fanout430/X                              10     21    -11 (VIOLATED)
fanout433/X                              10     21    -11 (VIOLATED)
fanout436/X                              10     21    -11 (VIOLATED)
fanout438/X                              10     21    -11 (VIOLATED)
fanout441/X                              10     21    -11 (VIOLATED)
fanout442/X                              10     21    -11 (VIOLATED)
fanout444/X                              10     21    -11 (VIOLATED)
fanout446/X                              10     21    -11 (VIOLATED)
fanout447/X                              10     21    -11 (VIOLATED)
fanout448/X                              10     21    -11 (VIOLATED)
fanout449/X                              10     21    -11 (VIOLATED)
fanout454/X                              10     21    -11 (VIOLATED)
hold172/X                                10     21    -11 (VIOLATED)
hold180/X                                10     21    -11 (VIOLATED)
hold190/X                                10     21    -11 (VIOLATED)
hold276/X                                10     21    -11 (VIOLATED)
hold47/X                                 10     21    -11 (VIOLATED)
hold618/X                                10     21    -11 (VIOLATED)
hold678/X                                10     21    -11 (VIOLATED)
hold76/X                                 10     21    -11 (VIOLATED)
fanout452/X                              10     20    -10 (VIOLATED)
hold340/X                                10     20    -10 (VIOLATED)
mprj.ffram/wbs_dat_o[29]                 10     20    -10 (VIOLATED)
_0972_/X                                 10     19     -9 (VIOLATED)
_1170_/X                                 10     19     -9 (VIOLATED)
fanout367/X                              10     19     -9 (VIOLATED)
fanout372/X                              10     19     -9 (VIOLATED)
fanout434/X                              10     19     -9 (VIOLATED)
hold140/X                                10     19     -9 (VIOLATED)
hold159/X                                10     19     -9 (VIOLATED)
hold184/X                                10     19     -9 (VIOLATED)
hold208/X                                10     19     -9 (VIOLATED)
hold350/X                                10     19     -9 (VIOLATED)
input127/X                               10     19     -9 (VIOLATED)
input157/X                               10     19     -9 (VIOLATED)
fanout315/X                              10     18     -8 (VIOLATED)
fanout345/X                              10     18     -8 (VIOLATED)
hold142/X                                10     18     -8 (VIOLATED)
hold846/X                                10     18     -8 (VIOLATED)
_0942_/Y                                 10     17     -7 (VIOLATED)
_1089_/Y                                 10     17     -7 (VIOLATED)
_1225_/X                                 10     17     -7 (VIOLATED)
fanout306/X                              10     17     -7 (VIOLATED)
fanout317/X                              10     17     -7 (VIOLATED)
fanout323/X                              10     17     -7 (VIOLATED)
fanout350/X                              10     17     -7 (VIOLATED)
fanout355/X                              10     17     -7 (VIOLATED)
fanout360/X                              10     17     -7 (VIOLATED)
fanout362/X                              10     17     -7 (VIOLATED)
fanout377/X                              10     17     -7 (VIOLATED)
fanout435/X                              10     17     -7 (VIOLATED)
fanout439/X                              10     17     -7 (VIOLATED)
fanout443/X                              10     17     -7 (VIOLATED)
fanout445/X                              10     17     -7 (VIOLATED)
fanout450/X                              10     17     -7 (VIOLATED)
hold124/X                                10     17     -7 (VIOLATED)
hold163/X                                10     17     -7 (VIOLATED)
hold202/X                                10     17     -7 (VIOLATED)
hold71/X                                 10     17     -7 (VIOLATED)
mprj.ffram/wbs_dat_o[14]                 10     17     -7 (VIOLATED)
mprj.ffram/wbs_dat_o[17]                 10     17     -7 (VIOLATED)
mprj.ffram/wbs_dat_o[22]                 10     17     -7 (VIOLATED)
mprj.ffram/wbs_dat_o[24]                 10     17     -7 (VIOLATED)
_1033_/Y                                 10     15     -5 (VIOLATED)
_1092_/X                                 10     15     -5 (VIOLATED)
_1349_/Y                                 10     15     -5 (VIOLATED)
_1406_/X                                 10     15     -5 (VIOLATED)
clkbuf_3_5_0_wb_clk_i_regs/X             10     15     -5 (VIOLATED)
fanout309/X                              10     15     -5 (VIOLATED)
fanout311/X                              10     15     -5 (VIOLATED)
fanout327/X                              10     15     -5 (VIOLATED)
fanout429/X                              10     15     -5 (VIOLATED)
fanout453/X                              10     15     -5 (VIOLATED)
hold16/X                                 10     15     -5 (VIOLATED)
hold168/X                                10     15     -5 (VIOLATED)
hold178/X                                10     15     -5 (VIOLATED)
hold217/X                                10     15     -5 (VIOLATED)
hold302/X                                10     15     -5 (VIOLATED)
hold306/X                                10     15     -5 (VIOLATED)
hold403/X                                10     15     -5 (VIOLATED)
hold53/X                                 10     15     -5 (VIOLATED)
hold691/X                                10     15     -5 (VIOLATED)
hold845/X                                10     15     -5 (VIOLATED)
hold878/X                                10     15     -5 (VIOLATED)
_1226_/X                                 10     14     -4 (VIOLATED)
_0950_/X                                 10     13     -3 (VIOLATED)
_0973_/Y                                 10     13     -3 (VIOLATED)
_0975_/X                                 10     13     -3 (VIOLATED)
_0976_/Y                                 10     13     -3 (VIOLATED)
_0997_/X                                 10     13     -3 (VIOLATED)
_1023_/Y                                 10     13     -3 (VIOLATED)
_1104_/X                                 10     13     -3 (VIOLATED)
_1120_/X                                 10     13     -3 (VIOLATED)
_1122_/Y                                 10     13     -3 (VIOLATED)
_1181_/X                                 10     13     -3 (VIOLATED)
_1266_/X                                 10     13     -3 (VIOLATED)
_1343_/X                                 10     13     -3 (VIOLATED)
_1520_/X                                 10     13     -3 (VIOLATED)
_1606_/X                                 10     13     -3 (VIOLATED)
fanout325/X                              10     13     -3 (VIOLATED)
fanout370/X                              10     13     -3 (VIOLATED)
fanout386/X                              10     13     -3 (VIOLATED)
fanout390/X                              10     13     -3 (VIOLATED)
fanout423/X                              10     13     -3 (VIOLATED)
fanout431/X                              10     13     -3 (VIOLATED)
fanout455/X                              10     13     -3 (VIOLATED)
hold176/X                                10     13     -3 (VIOLATED)
hold204/X                                10     13     -3 (VIOLATED)
hold218/X                                10     13     -3 (VIOLATED)
hold275/X                                10     13     -3 (VIOLATED)
mprj.ffram/wbs_dat_o[6]                  10     13     -3 (VIOLATED)
wire352/X                                10     13     -3 (VIOLATED)
wire353/X                                10     13     -3 (VIOLATED)
_1265_/X                                 10     12     -2 (VIOLATED)
_2025_/Q                                 10     12     -2 (VIOLATED)
hold148/X                                10     12     -2 (VIOLATED)
_0941_/Y                                 10     11        (VIOLATED)
_1085_/Y                                 10     11        (VIOLATED)
_1091_/Y                                 10     11        (VIOLATED)
_1097_/X                                 10     11        (VIOLATED)
_1110_/X                                 10     11        (VIOLATED)
_1146_/X                                 10     11        (VIOLATED)
_1148_/X                                 10     11        (VIOLATED)
_1150_/X                                 10     11        (VIOLATED)
_1154_/X                                 10     11        (VIOLATED)
_1156_/X                                 10     11        (VIOLATED)
_1158_/X                                 10     11        (VIOLATED)
_1160_/X                                 10     11        (VIOLATED)
_1162_/X                                 10     11        (VIOLATED)
_1164_/X                                 10     11        (VIOLATED)
_1166_/X                                 10     11        (VIOLATED)
_1433_/X                                 10     11        (VIOLATED)
_2028_/Q                                 10     11        (VIOLATED)
clkbuf_leaf_24_wb_clk_i_regs/X           10     11        (VIOLATED)
clkbuf_leaf_30_wb_clk_i_regs/X           10     11        (VIOLATED)
clkbuf_leaf_33_wb_clk_i_regs/X           10     11        (VIOLATED)
fanout313/X                              10     11        (VIOLATED)
fanout331/X                              10     11        (VIOLATED)
fanout337/X                              10     11        (VIOLATED)
fanout380/X                              10     11        (VIOLATED)
fanout389/X                              10     11        (VIOLATED)
fanout391/X                              10     11        (VIOLATED)
fanout432/X                              10     11        (VIOLATED)
fanout437/X                              10     11        (VIOLATED)
fanout440/X                              10     11        (VIOLATED)
fanout451/X                              10     11        (VIOLATED)
hold171/X                                10     11        (VIOLATED)
hold206/X                                10     11        (VIOLATED)
hold21/X                                 10     11        (VIOLATED)
hold251/X                                10     11        (VIOLATED)
hold256/X                                10     11        (VIOLATED)
hold272/X                                10     11        (VIOLATED)
hold283/X                                10     11        (VIOLATED)
hold288/X                                10     11        (VIOLATED)
hold309/X                                10     11        (VIOLATED)
hold318/X                                10     11        (VIOLATED)
hold343/X                                10     11        (VIOLATED)
hold42/X                                 10     11        (VIOLATED)
hold422/X                                10     11        (VIOLATED)
hold46/X                                 10     11        (VIOLATED)
hold512/X                                10     11        (VIOLATED)
hold519/X                                10     11        (VIOLATED)
hold533/X                                10     11        (VIOLATED)
hold554/X                                10     11        (VIOLATED)
hold605/X                                10     11        (VIOLATED)
hold638/X                                10     11        (VIOLATED)
hold65/X                                 10     11        (VIOLATED)
hold703/X                                10     11        (VIOLATED)
hold704/X                                10     11        (VIOLATED)
hold80/X                                 10     11        (VIOLATED)
hold83/X                                 10     11        (VIOLATED)
hold880/X                                10     11        (VIOLATED)
input100/X                               10     11        (VIOLATED)
input111/X                               10     11        (VIOLATED)
mprj.ffram/wbs_dat_o[20]                 10     11        (VIOLATED)
mprj.team_00_Wrapper.team_00_WB.instance_to_wrap/la_data_out[6]     10     11        (VIOLATED)
mprj.team_00_Wrapper.team_00_WB.instance_to_wrap/la_data_out[7]     10     11        (VIOLATED)

max capacitance

Pin                                        Limit         Cap       Slack
------------------------------------------------------------------------
hold484/X                               0.201426    0.295104   -0.093678 (VIOLATED)
hold364/X                               0.201426    0.267170   -0.065744 (VIOLATED)
hold587/X                               0.201426    0.262380   -0.060954 (VIOLATED)
hold464/X                               0.201426    0.255335   -0.053909 (VIOLATED)
hold239/X                               0.201426    0.237096   -0.035670 (VIOLATED)
hold354/X                               0.201426    0.234868   -0.033442 (VIOLATED)
hold140/X                               0.201426    0.217422   -0.015996 (VIOLATED)
hold340/X                               0.201426    0.217303   -0.015877 (VIOLATED)
hold116/X                               0.201426    0.207330   -0.005904 (VIOLATED)
hold91/X                                0.201426    0.204184   -0.002758 (VIOLATED)



===========================================================================
report_parasitic_annotation -report_unannotated
============================================================================
Found 407 unannotated drivers.
 analog_io[0]
 analog_io[10]
 analog_io[11]
 analog_io[12]
 analog_io[13]
 analog_io[14]
 analog_io[15]
 analog_io[16]
 analog_io[17]
 analog_io[18]
 analog_io[19]
 analog_io[1]
 analog_io[20]
 analog_io[21]
 analog_io[22]
 analog_io[23]
 analog_io[24]
 analog_io[25]
 analog_io[26]
 analog_io[27]
 analog_io[28]
 analog_io[2]
 analog_io[3]
 analog_io[4]
 analog_io[5]
 analog_io[6]
 analog_io[7]
 analog_io[8]
 analog_io[9]
 io_in[1]
 io_in[2]
 io_in[3]
 io_in[4]
 la_data_in[100]
 la_data_in[101]
 la_data_in[102]
 la_data_in[103]
 la_data_in[104]
 la_data_in[105]
 la_data_in[106]
 la_data_in[107]
 la_data_in[108]
 la_data_in[109]
 la_data_in[110]
 la_data_in[111]
 la_data_in[112]
 la_data_in[113]
 la_data_in[114]
 la_data_in[115]
 la_data_in[116]
 la_data_in[117]
 la_data_in[118]
 la_data_in[119]
 la_data_in[120]
 la_data_in[121]
 la_data_in[122]
 la_data_in[123]
 la_data_in[124]
 la_data_in[125]
 la_data_in[126]
 la_data_in[127]
 la_data_in[32]
 la_data_in[33]
 la_data_in[34]
 la_data_in[35]
 la_data_in[36]
 la_data_in[37]
 la_data_in[38]
 la_data_in[39]
 la_data_in[40]
 la_data_in[41]
 la_data_in[42]
 la_data_in[43]
 la_data_in[44]
 la_data_in[45]
 la_data_in[46]
 la_data_in[47]
 la_data_in[48]
 la_data_in[49]
 la_data_in[50]
 la_data_in[51]
 la_data_in[52]
 la_data_in[53]
 la_data_in[54]
 la_data_in[55]
 la_data_in[56]
 la_data_in[57]
 la_data_in[58]
 la_data_in[59]
 la_data_in[60]
 la_data_in[61]
 la_data_in[62]
 la_data_in[63]
 la_data_in[64]
 la_data_in[65]
 la_data_in[66]
 la_data_in[67]
 la_data_in[68]
 la_data_in[69]
 la_data_in[70]
 la_data_in[71]
 la_data_in[72]
 la_data_in[73]
 la_data_in[74]
 la_data_in[75]
 la_data_in[76]
 la_data_in[77]
 la_data_in[78]
 la_data_in[79]
 la_data_in[80]
 la_data_in[81]
 la_data_in[82]
 la_data_in[83]
 la_data_in[84]
 la_data_in[85]
 la_data_in[86]
 la_data_in[87]
 la_data_in[88]
 la_data_in[89]
 la_data_in[90]
 la_data_in[91]
 la_data_in[92]
 la_data_in[93]
 la_data_in[94]
 la_data_in[95]
 la_data_in[96]
 la_data_in[97]
 la_data_in[98]
 la_data_in[99]
 la_oenb[100]
 la_oenb[101]
 la_oenb[102]
 la_oenb[103]
 la_oenb[104]
 la_oenb[105]
 la_oenb[106]
 la_oenb[107]
 la_oenb[108]
 la_oenb[109]
 la_oenb[110]
 la_oenb[111]
 la_oenb[112]
 la_oenb[113]
 la_oenb[114]
 la_oenb[115]
 la_oenb[116]
 la_oenb[117]
 la_oenb[118]
 la_oenb[119]
 la_oenb[120]
 la_oenb[121]
 la_oenb[122]
 la_oenb[123]
 la_oenb[124]
 la_oenb[125]
 la_oenb[126]
 la_oenb[127]
 la_oenb[32]
 la_oenb[33]
 la_oenb[34]
 la_oenb[35]
 la_oenb[36]
 la_oenb[37]
 la_oenb[38]
 la_oenb[39]
 la_oenb[40]
 la_oenb[41]
 la_oenb[42]
 la_oenb[43]
 la_oenb[44]
 la_oenb[45]
 la_oenb[46]
 la_oenb[47]
 la_oenb[48]
 la_oenb[49]
 la_oenb[50]
 la_oenb[51]
 la_oenb[52]
 la_oenb[53]
 la_oenb[54]
 la_oenb[55]
 la_oenb[56]
 la_oenb[57]
 la_oenb[58]
 la_oenb[59]
 la_oenb[60]
 la_oenb[61]
 la_oenb[62]
 la_oenb[63]
 la_oenb[64]
 la_oenb[65]
 la_oenb[66]
 la_oenb[67]
 la_oenb[68]
 la_oenb[69]
 la_oenb[70]
 la_oenb[71]
 la_oenb[72]
 la_oenb[73]
 la_oenb[74]
 la_oenb[75]
 la_oenb[76]
 la_oenb[77]
 la_oenb[78]
 la_oenb[79]
 la_oenb[80]
 la_oenb[81]
 la_oenb[82]
 la_oenb[83]
 la_oenb[84]
 la_oenb[85]
 la_oenb[86]
 la_oenb[87]
 la_oenb[88]
 la_oenb[89]
 la_oenb[90]
 la_oenb[91]
 la_oenb[92]
 la_oenb[93]
 la_oenb[94]
 la_oenb[95]
 la_oenb[96]
 la_oenb[97]
 la_oenb[98]
 la_oenb[99]
 user_clock2
 _2023__560/LO
 _2238__561/LO
 _2239__562/LO
 _2240__563/LO
 _2241__564/LO
 _2242__457/HI
 _2243__458/HI
 _2244__459/HI
 _2245__460/HI
 _2246__461/HI
 _2247__462/HI
 _2248__463/HI
 _2249__464/HI
 _2250__465/HI
 _2251__466/HI
 _2252__467/HI
 _2253__468/HI
 _2254__469/HI
 _2255__470/HI
 _2256__471/HI
 _2257__472/HI
 _2258__473/HI
 _2259__474/HI
 _2260__475/HI
 _2261__476/HI
 _2262__477/HI
 _2263__478/HI
 _2264__479/HI
 _2265__480/HI
 _2266__481/HI
 _2267__482/HI
 _2268__483/HI
 _2269__484/HI
 _2270__485/HI
 _2271__486/HI
 _2272__487/HI
 _2273__488/HI
 _2274__489/HI
 _2275__490/HI
 _2276__491/HI
 _2277__492/HI
 _2278__493/HI
 _2279__494/HI
 _2280__495/HI
 _2281__496/HI
 _2282__497/HI
 _2283__498/HI
 _2284__499/HI
 _2285__500/HI
 _2286__501/HI
 _2287__502/HI
 _2288__503/HI
 _2289__504/HI
 _2290__505/HI
 _2291__506/HI
 _2292__507/HI
 _2293__508/HI
 _2294__509/HI
 _2295__510/HI
 _2296__511/HI
 _2297__512/HI
 _2298__513/HI
 _2299__514/HI
 _2300__515/HI
 _2301__516/HI
 _2302__517/HI
 _2303__518/HI
 _2304__519/HI
 _2305__520/HI
 _2306__521/HI
 _2307__522/HI
 _2308__523/HI
 _2309__524/HI
 _2310__525/HI
 _2311__526/HI
 _2312__527/HI
 _2313__528/HI
 _2314__529/HI
 _2315__530/HI
 _2316__531/HI
 _2317__532/HI
 _2318__533/HI
 _2319__534/HI
 _2320__535/HI
 _2321__536/HI
 _2322__537/HI
 _2323__538/HI
 _2324__539/HI
 _2325__540/HI
 _2326__541/HI
 _2327__542/HI
 _2328__543/HI
 _2329__544/HI
 _2330__545/HI
 _2331__546/HI
 _2332__547/HI
 _2333__548/HI
 _2334__549/HI
 _2335__550/HI
 _2336__551/HI
 _2337__552/HI
 _2338__553/HI
 _2339__554/HI
 _2340__555/HI
 _2341__556/HI
 _2342__557/HI
 _2343__558/HI
 _2344__559/HI
 clkload0/Y
 clkload1/X
 clkload10/X
 clkload11/X
 clkload12/X
 clkload13/X
 clkload14/X
 clkload15/X
 clkload16/X
 clkload17/X
 clkload18/X
 clkload19/X
 clkload2/Y
 clkload20/X
 clkload21/X
 clkload22/X
 clkload23/X
 clkload24/X
 clkload25/X
 clkload26/X
 clkload27/X
 clkload28/X
 clkload29/X
 clkload3/Y
 clkload30/X
 clkload31/X
 clkload32/X
 clkload33/X
 clkload34/X
 clkload35/X
 clkload36/X
 clkload37/X
 clkload38/X
 clkload39/X
 clkload4/Y
 clkload40/X
 clkload41/X
 clkload42/X
 clkload43/X
 clkload44/X
 clkload45/X
 clkload46/X
 clkload47/X
 clkload48/X
 clkload49/X
 clkload5/X
 clkload50/X
 clkload51/X
 clkload52/X
 clkload53/X
 clkload54/X
 clkload55/X
 clkload56/X
 clkload57/X
 clkload58/X
 clkload59/Y
 clkload6/Y
 clkload60/Y
 clkload61/X
 clkload62/Y
 clkload63/Y
 clkload64/X
 clkload65/Y
 clkload66/X
 clkload67/X
 clkload68/X
 clkload69/X
 clkload7/X
 clkload70/X
 clkload71/X
 clkload8/X
 clkload9/X
 mprj.ffram/wbs_ack_o
Found 0 partially unannotated drivers.

===========================================================================
max slew violation count 337
max fanout violation count 266
max cap violation count 10
============================================================================

===========================================================================
check_setup -verbose -unconstrained_endpoints -multiple_clock -no_clock -no_input_delay -loops -generated_clocks
===========================================================================
Warning: There are 68 input ports missing set_input_delay.
  analog_io[0]
  analog_io[10]
  analog_io[11]
  analog_io[12]
  analog_io[13]
  analog_io[14]
  analog_io[15]
  analog_io[16]
  analog_io[17]
  analog_io[18]
  analog_io[19]
  analog_io[1]
  analog_io[20]
  analog_io[21]
  analog_io[22]
  analog_io[23]
  analog_io[24]
  analog_io[25]
  analog_io[26]
  analog_io[27]
  analog_io[28]
  analog_io[2]
  analog_io[3]
  analog_io[4]
  analog_io[5]
  analog_io[6]
  analog_io[7]
  analog_io[8]
  analog_io[9]
  io_in[0]
  io_in[10]
  io_in[11]
  io_in[12]
  io_in[13]
  io_in[14]
  io_in[15]
  io_in[16]
  io_in[17]
  io_in[18]
  io_in[19]
  io_in[1]
  io_in[20]
  io_in[21]
  io_in[22]
  io_in[23]
  io_in[24]
  io_in[25]
  io_in[26]
  io_in[27]
  io_in[28]
  io_in[29]
  io_in[2]
  io_in[30]
  io_in[31]
  io_in[32]
  io_in[33]
  io_in[34]
  io_in[35]
  io_in[36]
  io_in[37]
  io_in[3]
  io_in[4]
  io_in[5]
  io_in[6]
  io_in[7]
  io_in[8]
  io_in[9]
  user_clock2
Warning: There are 237 unconstrained endpoints.
  analog_io[0]
  analog_io[10]
  analog_io[11]
  analog_io[12]
  analog_io[13]
  analog_io[14]
  analog_io[15]
  analog_io[16]
  analog_io[17]
  analog_io[18]
  analog_io[19]
  analog_io[1]
  analog_io[20]
  analog_io[21]
  analog_io[22]
  analog_io[23]
  analog_io[24]
  analog_io[25]
  analog_io[26]
  analog_io[27]
  analog_io[28]
  analog_io[2]
  analog_io[3]
  analog_io[4]
  analog_io[5]
  analog_io[6]
  analog_io[7]
  analog_io[8]
  analog_io[9]
  io_oeb[0]
  io_oeb[10]
  io_oeb[11]
  io_oeb[12]
  io_oeb[13]
  io_oeb[14]
  io_oeb[15]
  io_oeb[16]
  io_oeb[17]
  io_oeb[18]
  io_oeb[19]
  io_oeb[1]
  io_oeb[20]
  io_oeb[21]
  io_oeb[22]
  io_oeb[23]
  io_oeb[24]
  io_oeb[25]
  io_oeb[26]
  io_oeb[27]
  io_oeb[28]
  io_oeb[29]
  io_oeb[2]
  io_oeb[30]
  io_oeb[31]
  io_oeb[32]
  io_oeb[33]
  io_oeb[34]
  io_oeb[35]
  io_oeb[36]
  io_oeb[37]
  io_oeb[3]
  io_oeb[4]
  io_oeb[5]
  io_oeb[6]
  io_oeb[7]
  io_oeb[8]
  io_oeb[9]
  io_out[0]
  io_out[10]
  io_out[11]
  io_out[12]
  io_out[13]
  io_out[14]
  io_out[15]
  io_out[16]
  io_out[17]
  io_out[18]
  io_out[19]
  io_out[1]
  io_out[20]
  io_out[21]
  io_out[22]
  io_out[23]
  io_out[24]
  io_out[25]
  io_out[26]
  io_out[27]
  io_out[28]
  io_out[29]
  io_out[2]
  io_out[30]
  io_out[31]
  io_out[32]
  io_out[33]
  io_out[34]
  io_out[35]
  io_out[36]
  io_out[37]
  io_out[3]
  io_out[4]
  io_out[5]
  io_out[6]
  io_out[7]
  io_out[8]
  io_out[9]
  la_data_out[0]
  la_data_out[100]
  la_data_out[101]
  la_data_out[102]
  la_data_out[103]
  la_data_out[104]
  la_data_out[105]
  la_data_out[106]
  la_data_out[107]
  la_data_out[108]
  la_data_out[109]
  la_data_out[10]
  la_data_out[110]
  la_data_out[111]
  la_data_out[112]
  la_data_out[113]
  la_data_out[114]
  la_data_out[115]
  la_data_out[116]
  la_data_out[117]
  la_data_out[118]
  la_data_out[119]
  la_data_out[11]
  la_data_out[120]
  la_data_out[121]
  la_data_out[122]
  la_data_out[123]
  la_data_out[124]
  la_data_out[125]
  la_data_out[126]
  la_data_out[127]
  la_data_out[12]
  la_data_out[13]
  la_data_out[14]
  la_data_out[15]
  la_data_out[16]
  la_data_out[17]
  la_data_out[18]
  la_data_out[19]
  la_data_out[1]
  la_data_out[20]
  la_data_out[21]
  la_data_out[22]
  la_data_out[23]
  la_data_out[24]
  la_data_out[25]
  la_data_out[26]
  la_data_out[27]
  la_data_out[28]
  la_data_out[29]
  la_data_out[2]
  la_data_out[30]
  la_data_out[31]
  la_data_out[32]
  la_data_out[33]
  la_data_out[34]
  la_data_out[35]
  la_data_out[36]
  la_data_out[37]
  la_data_out[38]
  la_data_out[39]
  la_data_out[3]
  la_data_out[40]
  la_data_out[41]
  la_data_out[42]
  la_data_out[43]
  la_data_out[44]
  la_data_out[45]
  la_data_out[46]
  la_data_out[47]
  la_data_out[48]
  la_data_out[49]
  la_data_out[4]
  la_data_out[50]
  la_data_out[51]
  la_data_out[52]
  la_data_out[53]
  la_data_out[54]
  la_data_out[55]
  la_data_out[56]
  la_data_out[57]
  la_data_out[58]
  la_data_out[59]
  la_data_out[5]
  la_data_out[60]
  la_data_out[61]
  la_data_out[62]
  la_data_out[63]
  la_data_out[64]
  la_data_out[65]
  la_data_out[66]
  la_data_out[67]
  la_data_out[68]
  la_data_out[69]
  la_data_out[6]
  la_data_out[70]
  la_data_out[71]
  la_data_out[72]
  la_data_out[73]
  la_data_out[74]
  la_data_out[75]
  la_data_out[76]
  la_data_out[77]
  la_data_out[78]
  la_data_out[79]
  la_data_out[7]
  la_data_out[80]
  la_data_out[81]
  la_data_out[82]
  la_data_out[83]
  la_data_out[84]
  la_data_out[85]
  la_data_out[86]
  la_data_out[87]
  la_data_out[88]
  la_data_out[89]
  la_data_out[8]
  la_data_out[90]
  la_data_out[91]
  la_data_out[92]
  la_data_out[93]
  la_data_out[94]
  la_data_out[95]
  la_data_out[96]
  la_data_out[97]
  la_data_out[98]
  la_data_out[99]
  la_data_out[9]
  user_irq[0]
  user_irq[1]
  user_irq[2]
  _2023_/D
