Clock: clk
Sources: clk 
Generated: no
Virtual: yes
Propagated: no
Period: 100.000000

===========================================================================
report_clock_properties
============================================================================
Clock                   Period          Waveform
----------------------------------------------------
clk                 100.000000    0.000000 50.000000

===========================================================================
report_clock_latency
============================================================================
Clock clk
rise -> rise
    min     max
0.000000 0.000000 source latency
1.128037         network latency _2957_/CLK
        20.817936 network latency _2961_/CLK
---------------
1.128037 20.817936 latency
        19.689899 skew

rise -> fall
    min     max
0.000000 0.000000 source latency
2.132641         network latency _2939_/CLK
        20.757652 network latency _2940_/CLK
---------------
2.132641 20.757652 latency
        18.625011 skew

fall -> fall
    min     max
0.000000 0.000000 source latency
1.038973         network latency _3091_/CLK
        1.087962 network latency _2888_/CLK
---------------
1.038973 1.087962 latency
        0.048988 skew



===========================================================================
report_clock_min_period
============================================================================
clk period_min = 5.13 fmax = 194.85
