
===========================================================================
 report_power
============================================================================
======================= min_ss_100C_1v60 Corner ===================================

Group                    Internal    Switching      Leakage        Total
                            Power        Power        Power        Power (Watts)
------------------------------------------------------------------------
Sequential           1.095934e-04 8.247624e-06 6.458242e-06 1.242993e-04  43.4%
Combinational        3.188933e-05 3.286155e-05 9.564873e-06 7.431574e-05  25.9%
Clock                4.040275e-05 4.686454e-05 7.394909e-07 8.800679e-05  30.7%
Macro                0.000000e+00 0.000000e+00 0.000000e+00 0.000000e+00   0.0%
Pad                  0.000000e+00 0.000000e+00 0.000000e+00 0.000000e+00   0.0%
------------------------------------------------------------------------
Total                1.818856e-04 8.797360e-05 1.676253e-05 2.866217e-04 100.0%
                            63.5%        30.7%         5.8%

