
===========================================================================
 report_power
============================================================================
======================= nom_ff_n40C_1v95 Corner ===================================

Group                    Internal    Switching      Leakage        Total
                            Power        Power        Power        Power (Watts)
------------------------------------------------------------------------
Sequential           1.957426e-05 3.624589e-06 5.830508e-10 2.319944e-05  21.7%
Combinational        2.601860e-05 3.571995e-05 5.731337e-09 6.174429e-05  57.9%
Clock                1.066693e-05 1.109256e-05 6.490025e-09 2.176598e-05  20.4%
Macro                0.000000e+00 0.000000e+00 0.000000e+00 0.000000e+00   0.0%
Pad                  0.000000e+00 0.000000e+00 0.000000e+00 0.000000e+00   0.0%
------------------------------------------------------------------------
Total                5.625980e-05 5.043710e-05 1.280438e-08 1.067097e-04 100.0%
                            52.7%        47.3%         0.0%

