
===========================================================================
 report_power
============================================================================
======================= min_ff_n40C_1v95 Corner ===================================

Group                    Internal    Switching      Leakage        Total
                            Power        Power        Power        Power (Watts)
------------------------------------------------------------------------
Sequential           1.957872e-05 3.502628e-06 5.830508e-10 2.308194e-05  22.0%
Combinational        2.599824e-05 3.464952e-05 5.731337e-09 6.065348e-05  57.7%
Clock                1.065705e-05 1.063846e-05 6.490025e-09 2.130200e-05  20.3%
Macro                0.000000e+00 0.000000e+00 0.000000e+00 0.000000e+00   0.0%
Pad                  0.000000e+00 0.000000e+00 0.000000e+00 0.000000e+00   0.0%
------------------------------------------------------------------------
Total                5.623398e-05 4.879060e-05 1.280438e-08 1.050374e-04 100.0%
                            53.5%        46.5%         0.0%

