
===========================================================================
 report_power
============================================================================
======================= min_ff_n40C_1v95 Corner ===================================

Group                    Internal    Switching      Leakage        Total
                            Power        Power        Power        Power (Watts)
------------------------------------------------------------------------
Sequential           8.073291e-05 2.084378e-05 6.820687e-10 1.015774e-04  11.6%
Combinational        2.646150e-04 4.192454e-04 6.070397e-09 6.838664e-04  78.0%
Clock                5.351056e-05 3.830217e-05 1.850499e-09 9.181457e-05  10.5%
Macro                0.000000e+00 0.000000e+00 0.000000e+00 0.000000e+00   0.0%
Pad                  0.000000e+00 0.000000e+00 0.000000e+00 0.000000e+00   0.0%
------------------------------------------------------------------------
Total                3.988586e-04 4.783913e-04 8.602945e-09 8.772585e-04 100.0%
                            45.5%        54.5%         0.0%

