Clock: clk
Sources: clk 
Generated: no
Virtual: yes
Propagated: no
Period: 100.000000

===========================================================================
report_clock_properties
============================================================================
Clock                   Period          Waveform
----------------------------------------------------
clk                 100.000000    0.000000 50.000000

===========================================================================
report_clock_latency
============================================================================
Clock clk
rise -> rise
    min     max
0.000000 0.000000 source latency
0.449970         network latency _3091_/CLK
        20.307598 network latency _2961_/CLK
---------------
0.449970 20.307598 latency
        19.857628 skew

rise -> fall
    min     max
0.000000 0.000000 source latency
0.777225         network latency _2939_/CLK
        20.274137 network latency _2961_/CLK
---------------
0.777225 20.274137 latency
        19.496914 skew

fall -> fall
    min     max
0.000000 0.000000 source latency
0.397556         network latency _3091_/CLK
        0.423295 network latency _2888_/CLK
---------------
0.397556 0.423295 latency
        0.025739 skew



===========================================================================
report_clock_min_period
============================================================================
clk period_min = 1.75 fmax = 572.19
