
===========================================================================
 report_power
============================================================================
======================= max_ff_n40C_1v95 Corner ===================================

Group                    Internal    Switching      Leakage        Total
                            Power        Power        Power        Power (Watts)
------------------------------------------------------------------------
Sequential           1.032761e-04 2.288875e-06 4.299061e-09 1.055693e-04  17.0%
Combinational        4.466605e-05 1.667999e-04 6.523524e-08 2.115312e-04  34.0%
Clock                1.414876e-04 1.621312e-04 5.715944e-07 3.041903e-04  49.0%
Macro                0.000000e+00 0.000000e+00 0.000000e+00 0.000000e+00   0.0%
Pad                  0.000000e+00 0.000000e+00 0.000000e+00 0.000000e+00   0.0%
------------------------------------------------------------------------
Total                2.894295e-04 3.312203e-04 6.411348e-07 6.212909e-04 100.0%
                            46.6%        53.3%         0.1%

