
===========================================================================
report_checks -unconstrained
===========================================================================
======================= nom_ss_100C_1v60 Corner ===================================

Startpoint: nrst (input port clocked by clk)
Endpoint: _1291_ (recovery check against rising-edge clock clk)
Path Group: asynchronous
Path Type: max

Fanout         Cap        Slew       Delay        Time   Description
---------------------------------------------------------------------------------------------
                                  0.000000    0.000000   clock clk (rise edge)
                                  0.000000    0.000000   clock network delay (propagated)
                                  5.000000    5.000000 ^ input external delay
     2    0.004322    0.042524    0.023806    5.023807 ^ nrst (in)
                                                         nrst (net)
                      0.042524    0.000000    5.023807 ^ input6/A (sky130_fd_sc_hd__clkbuf_2)
     9    0.042615    0.362623    0.387873    5.411679 ^ input6/X (sky130_fd_sc_hd__clkbuf_2)
                                                         net6 (net)
                      0.362634    0.001684    5.413363 ^ fanout121/A (sky130_fd_sc_hd__clkbuf_4)
    21    0.076721    0.366241    0.595129    6.008492 ^ fanout121/X (sky130_fd_sc_hd__clkbuf_4)
                                                         net121 (net)
                      0.366401    0.007162    6.015654 ^ _1291_/RESET_B (sky130_fd_sc_hd__dfrtp_2)
                                              6.015654   data arrival time

                                 25.000000   25.000000   clock clk (rise edge)
                                  0.000000   25.000000   clock source latency
     2    0.030644    0.224599    0.155691   25.155689 ^ clk (in)
                                                         clk (net)
                      0.224645    0.000000   25.155689 ^ clkbuf_0_clk/A (sky130_fd_sc_hd__clkbuf_16)
     9    0.065198    0.127623    0.347915   25.503605 ^ clkbuf_0_clk/X (sky130_fd_sc_hd__clkbuf_16)
                                                         clknet_0_clk (net)
                      0.127709    0.002965   25.506571 ^ clkbuf_2_3__f_clk/A (sky130_fd_sc_hd__clkbuf_16)
    17    0.058107    0.118048    0.296350   25.802919 ^ clkbuf_2_3__f_clk/X (sky130_fd_sc_hd__clkbuf_16)
                                                         clknet_2_3__leaf_clk (net)
                      0.118065    0.001400   25.804319 ^ _1291_/CLK (sky130_fd_sc_hd__dfrtp_2)
                                 -0.250000   25.554319   clock uncertainty
                                  0.000000   25.554319   clock reconvergence pessimism
                                  0.334357   25.888678   library recovery time
                                             25.888678   data required time
---------------------------------------------------------------------------------------------
                                             25.888678   data required time
                                             -6.015654   data arrival time
---------------------------------------------------------------------------------------------
                                             19.873022   slack (MET)


Startpoint: prescaler[9] (input port clocked by clk)
Endpoint: _1283_ (rising edge-triggered flip-flop clocked by clk)
Path Group: clk
Path Type: max

Fanout         Cap        Slew       Delay        Time   Description
---------------------------------------------------------------------------------------------
                                  0.000000    0.000000   clock clk (rise edge)
                                  0.000000    0.000000   clock network delay (propagated)
                                  5.000000    5.000000 ^ input external delay
     2    0.004420    0.043198    0.024335    5.024335 ^ prescaler[9] (in)
                                                         prescaler[9] (net)
                      0.043198    0.000000    5.024335 ^ input20/A (sky130_fd_sc_hd__clkbuf_1)
     2    0.007682    0.159135    0.202122    5.226458 ^ input20/X (sky130_fd_sc_hd__clkbuf_1)
                                                         net20 (net)
                      0.159135    0.000189    5.226646 ^ fanout123/A (sky130_fd_sc_hd__clkbuf_4)
    10    0.052162    0.257866    0.426702    5.653348 ^ fanout123/X (sky130_fd_sc_hd__clkbuf_4)
                                                         net123 (net)
                      0.257866    0.000931    5.654280 ^ _0671_/A (sky130_fd_sc_hd__xor2_1)
     3    0.010793    0.413193    0.478367    6.132647 ^ _0671_/X (sky130_fd_sc_hd__xor2_1)
                                                         _0061_ (net)
                      0.413193    0.000280    6.132927 ^ _0672_/B (sky130_fd_sc_hd__xnor2_1)
     2    0.009037    0.388380    0.385031    6.517958 ^ _0672_/Y (sky130_fd_sc_hd__xnor2_1)
                                                         _0062_ (net)
                      0.388380    0.000248    6.518206 ^ _0674_/B (sky130_fd_sc_hd__xor2_1)
     2    0.008986    0.359881    0.482851    7.001056 ^ _0674_/X (sky130_fd_sc_hd__xor2_1)
                                                         _0064_ (net)
                      0.359881    0.000138    7.001194 ^ _0812_/A3 (sky130_fd_sc_hd__a31o_1)
     2    0.013273    0.224521    0.511305    7.512499 ^ _0812_/X (sky130_fd_sc_hd__a31o_1)
                                                         _0202_ (net)
                      0.224521    0.000371    7.512870 ^ _0820_/A (sky130_fd_sc_hd__xor2_2)
     2    0.012376    0.295710    0.376767    7.889637 ^ _0820_/X (sky130_fd_sc_hd__xor2_2)
                                                         _0210_ (net)
                      0.295710    0.000260    7.889898 ^ _0845_/B (sky130_fd_sc_hd__xor2_2)
     2    0.020577    0.434527    0.506393    8.396291 ^ _0845_/X (sky130_fd_sc_hd__xor2_2)
                                                         _0235_ (net)
                      0.434529    0.000728    8.397019 ^ _0847_/B (sky130_fd_sc_hd__xor2_4)
     2    0.027499    0.366310    0.498479    8.895499 ^ _0847_/X (sky130_fd_sc_hd__xor2_4)
                                                         _0237_ (net)
                      0.366310    0.000455    8.895953 ^ _0848_/B (sky130_fd_sc_hd__xnor2_4)
     2    0.021409    0.159262    0.260765    9.156718 v _0848_/Y (sky130_fd_sc_hd__xnor2_4)
                                                         _0238_ (net)
                      0.159263    0.000592    9.157310 v _0851_/A (sky130_fd_sc_hd__xnor2_4)
     3    0.034621    0.456297    0.501054    9.658364 ^ _0851_/Y (sky130_fd_sc_hd__xnor2_4)
                                                         _0241_ (net)
                      0.456317    0.002399    9.660763 ^ _0858_/A (sky130_fd_sc_hd__nor2_1)
     2    0.016911    0.198309    0.338356    9.999119 v _0858_/Y (sky130_fd_sc_hd__nor2_1)
                                                         _0248_ (net)
                      0.198309    0.000543    9.999661 v _0863_/B1 (sky130_fd_sc_hd__a221oi_4)
     4    0.017085    0.468889    0.555315   10.554976 ^ _0863_/Y (sky130_fd_sc_hd__a221oi_4)
                                                         _0253_ (net)
                      0.468889    0.001155   10.556131 ^ _0864_/A2 (sky130_fd_sc_hd__a21oi_1)
     3    0.006958    0.173166    0.325166   10.881297 v _0864_/Y (sky130_fd_sc_hd__a21oi_1)
                                                         _0254_ (net)
                      0.173166    0.000164   10.881461 v _0935_/B (sky130_fd_sc_hd__or3b_1)
     3    0.012903    0.239521    0.983352   11.864814 v _0935_/X (sky130_fd_sc_hd__or3b_1)
                                                         _0325_ (net)
                      0.239521    0.000415   11.865229 v _0938_/C (sky130_fd_sc_hd__and3_1)
     2    0.004817    0.088099    0.464161   12.329390 v _0938_/X (sky130_fd_sc_hd__and3_1)
                                                         _0328_ (net)
                      0.088099    0.000109   12.329498 v _0952_/B (sky130_fd_sc_hd__or4_1)
     1    0.001993    0.165811    1.149945   13.479444 v _0952_/X (sky130_fd_sc_hd__or4_1)
                                                         _0342_ (net)
                      0.165811    0.000057   13.479501 v _0953_/D (sky130_fd_sc_hd__or4_1)
     1    0.002090    0.167020    0.962971   14.442472 v _0953_/X (sky130_fd_sc_hd__or4_1)
                                                         _0343_ (net)
                      0.167020    0.000059   14.442531 v _0954_/C (sky130_fd_sc_hd__or3_2)
     9    0.036731    0.334677    1.267835   15.710365 v _0954_/X (sky130_fd_sc_hd__or3_2)
                                                         _0344_ (net)
                      0.334677    0.001183   15.711548 v _1005_/A1 (sky130_fd_sc_hd__o211ai_1)
     1    0.003727    0.275408    0.412484   16.124033 ^ _1005_/Y (sky130_fd_sc_hd__o211ai_1)
                                                         _0395_ (net)
                      0.275408    0.000115   16.124147 ^ fanout95/A (sky130_fd_sc_hd__clkbuf_2)
    13    0.047055    0.398973    0.514369   16.638517 ^ fanout95/X (sky130_fd_sc_hd__clkbuf_2)
                                                         net95 (net)
                      0.398973    0.000556   16.639072 ^ fanout94/A (sky130_fd_sc_hd__clkbuf_2)
     8    0.040123    0.343132    0.523006   17.162079 ^ fanout94/X (sky130_fd_sc_hd__clkbuf_2)
                                                         net94 (net)
                      0.343132    0.000446   17.162525 ^ fanout93/A (sky130_fd_sc_hd__clkbuf_2)
    10    0.030418    0.264458    0.447237   17.609762 ^ fanout93/X (sky130_fd_sc_hd__clkbuf_2)
                                                         net93 (net)
                      0.264458    0.000606   17.610367 ^ _1163_/B (sky130_fd_sc_hd__and3_1)
     1    0.003148    0.094941    0.363475   17.973841 ^ _1163_/X (sky130_fd_sc_hd__and3_1)
                                                         _0524_ (net)
                      0.094941    0.000092   17.973934 ^ _1167_/B1 (sky130_fd_sc_hd__o221a_1)
     2    0.008541    0.175132    0.456334   18.430267 ^ _1167_/X (sky130_fd_sc_hd__o221a_1)
                                                         clk_divider.next_count[25] (net)
                      0.175132    0.000243   18.430511 ^ _1188_/B (sky130_fd_sc_hd__xnor2_1)
     1    0.021345    0.375261    0.369260   18.799770 v _1188_/Y (sky130_fd_sc_hd__xnor2_1)
                                                         _0546_ (net)
                      0.375374    0.001446   18.801218 v _1190_/C (sky130_fd_sc_hd__or4_1)
     1    0.007673    0.235408    1.299043   20.100260 v _1190_/X (sky130_fd_sc_hd__or4_1)
                                                         _0548_ (net)
                      0.235408    0.000346   20.100607 v _1191_/D (sky130_fd_sc_hd__or4_1)
     1    0.003135    0.181276    1.012706   21.113312 v _1191_/X (sky130_fd_sc_hd__or4_1)
                                                         _0549_ (net)
                      0.181276    0.000068   21.113380 v _1219_/A (sky130_fd_sc_hd__nor3_1)
     1    0.002199    0.241223    0.331434   21.444815 ^ _1219_/Y (sky130_fd_sc_hd__nor3_1)
                                                         clk_divider.next_flag (net)
                      0.241223    0.000062   21.444878 ^ _1283_/D (sky130_fd_sc_hd__dfrtp_4)
                                             21.444878   data arrival time

                                 25.000000   25.000000   clock clk (rise edge)
                                  0.000000   25.000000   clock source latency
     2    0.030644    0.224599    0.155691   25.155689 ^ clk (in)
                                                         clk (net)
                      0.224645    0.000000   25.155689 ^ clkbuf_0_clk/A (sky130_fd_sc_hd__clkbuf_16)
     9    0.065198    0.127623    0.347915   25.503605 ^ clkbuf_0_clk/X (sky130_fd_sc_hd__clkbuf_16)
                                                         clknet_0_clk (net)
                      0.127644    0.001684   25.505289 ^ clkbuf_2_0__f_clk/A (sky130_fd_sc_hd__clkbuf_16)
     9    0.037101    0.090398    0.271818   25.777107 ^ clkbuf_2_0__f_clk/X (sky130_fd_sc_hd__clkbuf_16)
                                                         clknet_2_0__leaf_clk (net)
                      0.090425    0.001494   25.778601 ^ _1283_/CLK (sky130_fd_sc_hd__dfrtp_4)
                                 -0.250000   25.528603   clock uncertainty
                                  0.000000   25.528603   clock reconvergence pessimism
                                 -0.176468   25.352135   library setup time
                                             25.352135   data required time
---------------------------------------------------------------------------------------------
                                             25.352135   data required time
                                            -21.444878   data arrival time
---------------------------------------------------------------------------------------------
                                              3.907259   slack (MET)




===========================================================================
report_checks --slack_max -0.01
============================================================================
======================= nom_ss_100C_1v60 Corner ===================================

No paths found.


===========================================================================
 report_check_types -max_slew -max_cap -max_fanout -violators
============================================================================
======================= nom_ss_100C_1v60 Corner ===================================

max slew

Pin                                        Limit        Slew       Slack
------------------------------------------------------------------------
ANTENNA_output73_A/DIODE                0.750000    0.996200   -0.246200 (VIOLATED)
output73/A                              0.750000    0.996200   -0.246200 (VIOLATED)
ANTENNA__1274__Y/DIODE                  0.750000    0.996195   -0.246195 (VIOLATED)
_1274_/Y                                0.750000    0.996195   -0.246195 (VIOLATED)
ANTENNA_output58_A/DIODE                0.750000    0.980168   -0.230168 (VIOLATED)
output58/A                              0.750000    0.980168   -0.230168 (VIOLATED)
ANTENNA__1257__Y/DIODE                  0.750000    0.980165   -0.230165 (VIOLATED)
_1257_/Y                                0.750000    0.980165   -0.230165 (VIOLATED)
ANTENNA_output89_A/DIODE                0.750000    0.971836   -0.221836 (VIOLATED)
output89/A                              0.750000    0.971836   -0.221836 (VIOLATED)
ANTENNA__1251__Y/DIODE                  0.750000    0.971833   -0.221833 (VIOLATED)
_1251_/Y                                0.750000    0.971833   -0.221833 (VIOLATED)
_1190_/C                                0.750000    0.801346   -0.051346 (VIOLATED)
_1188_/Y                                0.750000    0.801342   -0.051342 (VIOLATED)
_1054_/A2                               0.750000    0.795797   -0.045797 (VIOLATED)
ANTENNA__1054__A2/DIODE                 0.750000    0.795797   -0.045797 (VIOLATED)
_1137_/B                                0.750000    0.795796   -0.045796 (VIOLATED)
ANTENNA__1137__B/DIODE                  0.750000    0.795795   -0.045795 (VIOLATED)
_1039_/B                                0.750000    0.795793   -0.045793 (VIOLATED)
ANTENNA__1039__B/DIODE                  0.750000    0.795793   -0.045793 (VIOLATED)
ANTENNA__1119__B/DIODE                  0.750000    0.795790   -0.045790 (VIOLATED)
_1119_/B                                0.750000    0.795790   -0.045790 (VIOLATED)
_1117_/A2                               0.750000    0.795788   -0.045788 (VIOLATED)
ANTENNA__1117__A2/DIODE                 0.750000    0.795786   -0.045786 (VIOLATED)
ANTENNA__1014__Y/DIODE                  0.750000    0.795784   -0.045784 (VIOLATED)
ANTENNA__1099__A2/DIODE                 0.750000    0.795784   -0.045784 (VIOLATED)
_1014_/Y                                0.750000    0.795784   -0.045784 (VIOLATED)
_1099_/A2                               0.750000    0.795784   -0.045784 (VIOLATED)
_0809_/A_N                              0.750000    0.794411   -0.044411 (VIOLATED)
ANTENNA__0809__A_N/DIODE                0.750000    0.794410   -0.044410 (VIOLATED)
_0965_/B                                0.750000    0.794410   -0.044410 (VIOLATED)
ANTENNA__1001__B/DIODE                  0.750000    0.794409   -0.044409 (VIOLATED)
_1001_/B                                0.750000    0.794409   -0.044409 (VIOLATED)
ANTENNA__0965__B/DIODE                  0.750000    0.794409   -0.044409 (VIOLATED)
ANTENNA__1196__A/DIODE                  0.750000    0.794399   -0.044400 (VIOLATED)
_1196_/A                                0.750000    0.794396   -0.044396 (VIOLATED)
_1186_/A1                               0.750000    0.794389   -0.044389 (VIOLATED)
ANTENNA__1186__A1/DIODE                 0.750000    0.794382   -0.044382 (VIOLATED)
ANTENNA__0790__Y/DIODE                  0.750000    0.794298   -0.044298 (VIOLATED)
_0790_/Y                                0.750000    0.794295   -0.044296 (VIOLATED)

max fanout

Pin                                   Limit Fanout  Slack
---------------------------------------------------------
_0646_/X                                 10     21    -11 (VIOLATED)
clkbuf_2_2__f_clk/X                      10     21    -11 (VIOLATED)
fanout121/X                              10     21    -11 (VIOLATED)
fanout124/X                              10     21    -11 (VIOLATED)
fanout125/X                              10     21    -11 (VIOLATED)
fanout90/X                               10     21    -11 (VIOLATED)
input11/X                                10     21    -11 (VIOLATED)
input13/X                                10     21    -11 (VIOLATED)
input15/X                                10     21    -11 (VIOLATED)
input8/X                                 10     21    -11 (VIOLATED)
_0618_/Y                                 10     19     -9 (VIOLATED)
input14/X                                10     19     -9 (VIOLATED)
input17/X                                10     19     -9 (VIOLATED)
_0615_/Y                                 10     17     -7 (VIOLATED)
_0617_/Y                                 10     17     -7 (VIOLATED)
clkbuf_2_3__f_clk/X                      10     17     -7 (VIOLATED)
input7/X                                 10     17     -7 (VIOLATED)
_1304_/Q                                 10     15     -5 (VIOLATED)
input9/X                                 10     15     -5 (VIOLATED)
_0801_/X                                 10     13     -3 (VIOLATED)
_1014_/Y                                 10     13     -3 (VIOLATED)
_1307_/Q                                 10     13     -3 (VIOLATED)
fanout95/X                               10     13     -3 (VIOLATED)
clkbuf_2_1__f_clk/X                      10     12     -2 (VIOLATED)
_0789_/Y                                 10     11        (VIOLATED)
_0790_/Y                                 10     11        (VIOLATED)
_0805_/X                                 10     11        (VIOLATED)
_0940_/X                                 10     11        (VIOLATED)
fanout114/X                              10     11        (VIOLATED)



===========================================================================
report_parasitic_annotation -report_unannotated
============================================================================
Found 129 unannotated drivers.
 gpio_in[0]
 gpio_in[10]
 gpio_in[11]
 gpio_in[12]
 gpio_in[13]
 gpio_in[14]
 gpio_in[15]
 gpio_in[16]
 gpio_in[17]
 gpio_in[18]
 gpio_in[19]
 gpio_in[1]
 gpio_in[20]
 gpio_in[21]
 gpio_in[22]
 gpio_in[23]
 gpio_in[24]
 gpio_in[25]
 gpio_in[26]
 gpio_in[27]
 gpio_in[28]
 gpio_in[29]
 gpio_in[2]
 gpio_in[30]
 gpio_in[31]
 gpio_in[32]
 gpio_in[33]
 gpio_in[3]
 gpio_in[4]
 gpio_in[5]
 gpio_in[6]
 gpio_in[7]
 gpio_in[8]
 gpio_in[9]
 la_data_in[10]
 la_data_in[11]
 la_data_in[12]
 la_data_in[13]
 la_data_in[14]
 la_data_in[15]
 la_data_in[16]
 la_data_in[17]
 la_data_in[18]
 la_data_in[19]
 la_data_in[20]
 la_data_in[21]
 la_data_in[22]
 la_data_in[23]
 la_data_in[24]
 la_data_in[25]
 la_data_in[26]
 la_data_in[27]
 la_data_in[28]
 la_data_in[29]
 la_data_in[2]
 la_data_in[30]
 la_data_in[31]
 la_data_in[3]
 la_data_in[4]
 la_data_in[5]
 la_data_in[6]
 la_data_in[7]
 la_data_in[8]
 la_data_in[9]
 la_oenb[10]
 la_oenb[11]
 la_oenb[12]
 la_oenb[13]
 la_oenb[14]
 la_oenb[15]
 la_oenb[16]
 la_oenb[17]
 la_oenb[18]
 la_oenb[19]
 la_oenb[20]
 la_oenb[21]
 la_oenb[22]
 la_oenb[23]
 la_oenb[24]
 la_oenb[25]
 la_oenb[26]
 la_oenb[27]
 la_oenb[28]
 la_oenb[29]
 la_oenb[2]
 la_oenb[30]
 la_oenb[31]
 la_oenb[3]
 la_oenb[4]
 la_oenb[5]
 la_oenb[6]
 la_oenb[7]
 la_oenb[8]
 la_oenb[9]
 clkload0/Y
 clkload1/Y
 clkload2/Y
 team_00_126/HI
 team_00_127/HI
 team_00_128/HI
 team_00_129/HI
 team_00_130/HI
 team_00_131/HI
 team_00_132/HI
 team_00_133/HI
 team_00_134/HI
 team_00_135/HI
 team_00_136/HI
 team_00_137/HI
 team_00_138/HI
 team_00_139/HI
 team_00_140/HI
 team_00_141/HI
 team_00_142/HI
 team_00_143/HI
 team_00_144/HI
 team_00_145/HI
 team_00_146/HI
 team_00_147/HI
 team_00_148/HI
 team_00_149/HI
 team_00_150/HI
 team_00_151/HI
 team_00_152/HI
 team_00_153/HI
 team_00_154/HI
 team_00_155/HI
 team_00_156/HI
 team_00_157/HI
Found 0 partially unannotated drivers.

===========================================================================
max slew violation count 40
max fanout violation count 29
max cap violation count 0
============================================================================

===========================================================================
check_setup -verbose -unconstrained_endpoints -multiple_clock -no_clock -no_input_delay -loops -generated_clocks
===========================================================================
Warning: There are 32 unconstrained endpoints.
  la_data_out[0]
  la_data_out[10]
  la_data_out[11]
  la_data_out[12]
  la_data_out[13]
  la_data_out[14]
  la_data_out[15]
  la_data_out[16]
  la_data_out[17]
  la_data_out[18]
  la_data_out[19]
  la_data_out[1]
  la_data_out[20]
  la_data_out[21]
  la_data_out[22]
  la_data_out[23]
  la_data_out[24]
  la_data_out[25]
  la_data_out[26]
  la_data_out[27]
  la_data_out[28]
  la_data_out[29]
  la_data_out[2]
  la_data_out[30]
  la_data_out[31]
  la_data_out[3]
  la_data_out[4]
  la_data_out[5]
  la_data_out[6]
  la_data_out[7]
  la_data_out[8]
  la_data_out[9]
