
===========================================================================
 report_power
============================================================================
======================= nom_ss_100C_1v60 Corner ===================================

Group                    Internal    Switching      Leakage        Total
                            Power        Power        Power        Power (Watts)
------------------------------------------------------------------------
Sequential           5.366844e-05 1.437962e-05 6.903155e-07 6.873837e-05  11.4%
Combinational        1.707720e-04 2.940409e-04 3.761160e-06 4.685741e-04  77.7%
Clock                3.848532e-05 2.684773e-05 1.265610e-07 6.545961e-05  10.9%
Macro                0.000000e+00 0.000000e+00 0.000000e+00 0.000000e+00   0.0%
Pad                  0.000000e+00 0.000000e+00 0.000000e+00 0.000000e+00   0.0%
------------------------------------------------------------------------
Total                2.629258e-04 3.352683e-04 4.578043e-06 6.027721e-04 100.0%
                            43.6%        55.6%         0.8%

