
===========================================================================
 report_power
============================================================================
======================= max_tt_025C_1v80 Corner ===================================

Group                    Internal    Switching      Leakage        Total
                            Power        Power        Power        Power (Watts)
------------------------------------------------------------------------
Sequential           1.426344e-04 1.201979e-05 3.793188e-09 1.546580e-04  43.3%
Combinational        4.001731e-05 4.784947e-05 7.710540e-09 8.787449e-05  24.6%
Clock                4.935836e-05 6.488871e-05 1.472394e-09 1.142485e-04  32.0%
Macro                0.000000e+00 0.000000e+00 0.000000e+00 0.000000e+00   0.0%
Pad                  0.000000e+00 0.000000e+00 0.000000e+00 0.000000e+00   0.0%
------------------------------------------------------------------------
Total                2.320099e-04 1.247580e-04 1.297616e-08 3.567809e-04 100.0%
                            65.0%        35.0%         0.0%

