
===========================================================================
 report_power
============================================================================
======================= nom_tt_025C_1v80 Corner ===================================

Group                    Internal    Switching      Leakage        Total
                            Power        Power        Power        Power (Watts)
------------------------------------------------------------------------
Sequential           8.848430e-05 1.842504e-06 2.948928e-09 9.032975e-05  17.6%
Combinational        3.729570e-05 1.330135e-04 1.646436e-08 1.703256e-04  33.2%
Clock                1.209175e-04 1.314174e-04 4.836156e-07 2.528185e-04  49.2%
Macro                0.000000e+00 0.000000e+00 0.000000e+00 0.000000e+00   0.0%
Pad                  0.000000e+00 0.000000e+00 0.000000e+00 0.000000e+00   0.0%
------------------------------------------------------------------------
Total                2.466973e-04 2.662733e-04 5.030313e-07 5.134736e-04 100.0%
                            48.0%        51.9%         0.1%

