
===========================================================================
 report_power
============================================================================
======================= min_tt_025C_1v80 Corner ===================================

Group                    Internal    Switching      Leakage        Total
                            Power        Power        Power        Power (Watts)
------------------------------------------------------------------------
Sequential           1.686408e-05 2.943250e-06 3.870854e-10 1.980772e-05  21.7%
Combinational        2.358166e-05 2.931769e-05 3.078471e-09 5.290243e-05  58.0%
Clock                9.356183e-06 9.099846e-06 5.291971e-09 1.846132e-05  20.2%
Macro                0.000000e+00 0.000000e+00 0.000000e+00 0.000000e+00   0.0%
Pad                  0.000000e+00 0.000000e+00 0.000000e+00 0.000000e+00   0.0%
------------------------------------------------------------------------
Total                4.980189e-05 4.136080e-05 8.757494e-09 9.117145e-05 100.0%
                            54.6%        45.4%         0.0%

