
===========================================================================
report_checks -unconstrained
===========================================================================
======================= nom_tt_025C_1v80 Corner ===================================

Startpoint: nrst (input port clocked by clk)
Endpoint: _1291_ (recovery check against rising-edge clock clk)
Path Group: asynchronous
Path Type: max

Fanout         Cap        Slew       Delay        Time   Description
---------------------------------------------------------------------------------------------
                                  0.000000    0.000000   clock clk (rise edge)
                                  0.000000    0.000000   clock network delay (propagated)
                                  5.000000    5.000000 ^ input external delay
     2    0.004237    0.025966    0.015339    5.015339 ^ nrst (in)
                                                         nrst (net)
                      0.025966    0.000000    5.015339 ^ input6/A (sky130_fd_sc_hd__clkbuf_2)
     9    0.042123    0.230080    0.227609    5.242949 ^ input6/X (sky130_fd_sc_hd__clkbuf_2)
                                                         net6 (net)
                      0.230098    0.001667    5.244616 ^ fanout121/A (sky130_fd_sc_hd__clkbuf_4)
    21    0.079106    0.238082    0.338050    5.582666 ^ fanout121/X (sky130_fd_sc_hd__clkbuf_4)
                                                         net121 (net)
                      0.238423    0.007391    5.590057 ^ _1291_/RESET_B (sky130_fd_sc_hd__dfrtp_2)
                                              5.590057   data arrival time

                                 25.000000   25.000000   clock clk (rise edge)
                                  0.000000   25.000000   clock source latency
     2    0.030537    0.142363    0.099657   25.099657 ^ clk (in)
                                                         clk (net)
                      0.142437    0.000000   25.099657 ^ clkbuf_0_clk/A (sky130_fd_sc_hd__clkbuf_16)
     9    0.064663    0.082648    0.193765   25.293421 ^ clkbuf_0_clk/X (sky130_fd_sc_hd__clkbuf_16)
                                                         clknet_0_clk (net)
                      0.082785    0.002938   25.296360 ^ clkbuf_2_3__f_clk/A (sky130_fd_sc_hd__clkbuf_16)
    17    0.058051    0.076194    0.168788   25.465147 ^ clkbuf_2_3__f_clk/X (sky130_fd_sc_hd__clkbuf_16)
                                                         clknet_2_3__leaf_clk (net)
                      0.076223    0.001396   25.466543 ^ _1291_/CLK (sky130_fd_sc_hd__dfrtp_2)
                                 -0.250000   25.216545   clock uncertainty
                                  0.000000   25.216545   clock reconvergence pessimism
                                  0.171358   25.387903   library recovery time
                                             25.387903   data required time
---------------------------------------------------------------------------------------------
                                             25.387903   data required time
                                             -5.590057   data arrival time
---------------------------------------------------------------------------------------------
                                             19.797846   slack (MET)


Startpoint: prescaler[9] (input port clocked by clk)
Endpoint: _1283_ (rising edge-triggered flip-flop clocked by clk)
Path Group: clk
Path Type: max

Fanout         Cap        Slew       Delay        Time   Description
---------------------------------------------------------------------------------------------
                                  0.000000    0.000000   clock clk (rise edge)
                                  0.000000    0.000000   clock network delay (propagated)
                                  5.000000    5.000000 ^ input external delay
     2    0.004379    0.026582    0.015846    5.015846 ^ prescaler[9] (in)
                                                         prescaler[9] (net)
                      0.026590    0.000000    5.015846 ^ input20/A (sky130_fd_sc_hd__clkbuf_1)
     2    0.007693    0.098557    0.113123    5.128969 ^ input20/X (sky130_fd_sc_hd__clkbuf_1)
                                                         net20 (net)
                      0.098589    0.000189    5.129158 ^ fanout123/A (sky130_fd_sc_hd__clkbuf_4)
    10    0.052377    0.161812    0.241380    5.370538 ^ fanout123/X (sky130_fd_sc_hd__clkbuf_4)
                                                         net123 (net)
                      0.161814    0.000934    5.371473 ^ _0671_/A (sky130_fd_sc_hd__xor2_1)
     3    0.011012    0.257502    0.266213    5.637686 ^ _0671_/X (sky130_fd_sc_hd__xor2_1)
                                                         _0061_ (net)
                      0.257503    0.000286    5.637972 ^ _0672_/B (sky130_fd_sc_hd__xnor2_1)
     2    0.009050    0.237438    0.199689    5.837661 ^ _0672_/Y (sky130_fd_sc_hd__xnor2_1)
                                                         _0062_ (net)
                      0.237438    0.000248    5.837909 ^ _0674_/B (sky130_fd_sc_hd__xor2_1)
     2    0.009154    0.223612    0.252323    6.090231 ^ _0674_/X (sky130_fd_sc_hd__xor2_1)
                                                         _0064_ (net)
                      0.223612    0.000140    6.090372 ^ _0812_/A3 (sky130_fd_sc_hd__a31o_1)
     2    0.013265    0.136488    0.244097    6.334468 ^ _0812_/X (sky130_fd_sc_hd__a31o_1)
                                                         _0202_ (net)
                      0.136488    0.000371    6.334839 ^ _0820_/A (sky130_fd_sc_hd__xor2_2)
     2    0.012343    0.189974    0.205357    6.540196 ^ _0820_/X (sky130_fd_sc_hd__xor2_2)
                                                         _0210_ (net)
                      0.189974    0.000259    6.540455 ^ _0845_/B (sky130_fd_sc_hd__xor2_2)
     2    0.020429    0.276926    0.281615    6.822070 ^ _0845_/X (sky130_fd_sc_hd__xor2_2)
                                                         _0235_ (net)
                      0.276929    0.000722    6.822793 ^ _0847_/B (sky130_fd_sc_hd__xor2_4)
     2    0.027338    0.236761    0.268289    7.091082 ^ _0847_/X (sky130_fd_sc_hd__xor2_4)
                                                         _0237_ (net)
                      0.236761    0.000450    7.091532 ^ _0848_/B (sky130_fd_sc_hd__xnor2_4)
     2    0.021096    0.088650    0.121969    7.213500 v _0848_/Y (sky130_fd_sc_hd__xnor2_4)
                                                         _0238_ (net)
                      0.088653    0.000582    7.214082 v _0851_/A (sky130_fd_sc_hd__xnor2_4)
     3    0.034557    0.295851    0.306283    7.520365 ^ _0851_/Y (sky130_fd_sc_hd__xnor2_4)
                                                         _0241_ (net)
                      0.295882    0.002394    7.522758 ^ _0858_/A (sky130_fd_sc_hd__nor2_1)
     2    0.016696    0.119925    0.168956    7.691714 v _0858_/Y (sky130_fd_sc_hd__nor2_1)
                                                         _0248_ (net)
                      0.119925    0.000535    7.692249 v _0863_/B1 (sky130_fd_sc_hd__a221oi_4)
     4    0.017178    0.299529    0.332076    8.024324 ^ _0863_/Y (sky130_fd_sc_hd__a221oi_4)
                                                         _0253_ (net)
                      0.299530    0.001162    8.025486 ^ _0864_/A2 (sky130_fd_sc_hd__a21oi_1)
     3    0.007025    0.093367    0.147309    8.172795 v _0864_/Y (sky130_fd_sc_hd__a21oi_1)
                                                         _0254_ (net)
                      0.093367    0.000166    8.172961 v _0935_/B (sky130_fd_sc_hd__or3b_1)
     3    0.012979    0.117340    0.428967    8.601929 v _0935_/X (sky130_fd_sc_hd__or3b_1)
                                                         _0325_ (net)
                      0.117340    0.000417    8.602345 v _0938_/C (sky130_fd_sc_hd__and3_1)
     2    0.004834    0.045486    0.216986    8.819331 v _0938_/X (sky130_fd_sc_hd__and3_1)
                                                         _0328_ (net)
                      0.045486    0.000110    8.819442 v _0952_/B (sky130_fd_sc_hd__or4_1)
     1    0.002033    0.076226    0.483940    9.303381 v _0952_/X (sky130_fd_sc_hd__or4_1)
                                                         _0342_ (net)
                      0.076226    0.000058    9.303439 v _0953_/D (sky130_fd_sc_hd__or4_1)
     1    0.002130    0.076888    0.391622    9.695061 v _0953_/X (sky130_fd_sc_hd__or4_1)
                                                         _0343_ (net)
                      0.076888    0.000060    9.695121 v _0954_/C (sky130_fd_sc_hd__or3_2)
     9    0.036212    0.166684    0.550876   10.245996 v _0954_/X (sky130_fd_sc_hd__or3_2)
                                                         _0344_ (net)
                      0.166688    0.001168   10.247165 v _1005_/A1 (sky130_fd_sc_hd__o211ai_1)
     1    0.003749    0.162297    0.225177   10.472342 ^ _1005_/Y (sky130_fd_sc_hd__o211ai_1)
                                                         _0395_ (net)
                      0.162297    0.000117   10.472459 ^ fanout95/A (sky130_fd_sc_hd__clkbuf_2)
    13    0.046536    0.253659    0.287594   10.760053 ^ fanout95/X (sky130_fd_sc_hd__clkbuf_2)
                                                         net95 (net)
                      0.253661    0.000551   10.760603 ^ fanout94/A (sky130_fd_sc_hd__clkbuf_2)
     8    0.040385    0.221442    0.290578   11.051182 ^ fanout94/X (sky130_fd_sc_hd__clkbuf_2)
                                                         net94 (net)
                      0.221442    0.000449   11.051631 ^ fanout93/A (sky130_fd_sc_hd__clkbuf_2)
    10    0.030850    0.171838    0.248453   11.300084 ^ fanout93/X (sky130_fd_sc_hd__clkbuf_2)
                                                         net93 (net)
                      0.171838    0.000616   11.300699 ^ _1163_/B (sky130_fd_sc_hd__and3_1)
     1    0.003147    0.056175    0.177760   11.478459 ^ _1163_/X (sky130_fd_sc_hd__and3_1)
                                                         _0524_ (net)
                      0.056175    0.000091   11.478551 ^ _1167_/B1 (sky130_fd_sc_hd__o221a_1)
     2    0.008848    0.105684    0.217016   11.695566 ^ _1167_/X (sky130_fd_sc_hd__o221a_1)
                                                         clk_divider.next_count[25] (net)
                      0.105684    0.000253   11.695820 ^ _1188_/B (sky130_fd_sc_hd__xnor2_1)
     1    0.021386    0.178689    0.172000   11.867820 v _1188_/Y (sky130_fd_sc_hd__xnor2_1)
                                                         _0546_ (net)
                      0.178706    0.001450   11.869270 v _1190_/C (sky130_fd_sc_hd__or4_1)
     1    0.007713    0.114892    0.550380   12.419650 v _1190_/X (sky130_fd_sc_hd__or4_1)
                                                         _0548_ (net)
                      0.114892    0.000348   12.419999 v _1191_/D (sky130_fd_sc_hd__or4_1)
     1    0.003102    0.084550    0.415923   12.835922 v _1191_/X (sky130_fd_sc_hd__or4_1)
                                                         _0549_ (net)
                      0.084550    0.000067   12.835989 v _1219_/A (sky130_fd_sc_hd__nor3_1)
     1    0.002352    0.139319    0.179970   13.015959 ^ _1219_/Y (sky130_fd_sc_hd__nor3_1)
                                                         clk_divider.next_flag (net)
                      0.139319    0.000067   13.016026 ^ _1283_/D (sky130_fd_sc_hd__dfrtp_4)
                                             13.016026   data arrival time

                                 25.000000   25.000000   clock clk (rise edge)
                                  0.000000   25.000000   clock source latency
     2    0.030537    0.142363    0.099657   25.099657 ^ clk (in)
                                                         clk (net)
                      0.142437    0.000000   25.099657 ^ clkbuf_0_clk/A (sky130_fd_sc_hd__clkbuf_16)
     9    0.064663    0.082648    0.193765   25.293421 ^ clkbuf_0_clk/X (sky130_fd_sc_hd__clkbuf_16)
                                                         clknet_0_clk (net)
                      0.082684    0.001672   25.295094 ^ clkbuf_2_0__f_clk/A (sky130_fd_sc_hd__clkbuf_16)
     9    0.037854    0.057813    0.153733   25.448826 ^ clkbuf_2_0__f_clk/X (sky130_fd_sc_hd__clkbuf_16)
                                                         clknet_2_0__leaf_clk (net)
                      0.057869    0.001526   25.450352 ^ _1283_/CLK (sky130_fd_sc_hd__dfrtp_4)
                                 -0.250000   25.200354   clock uncertainty
                                  0.000000   25.200354   clock reconvergence pessimism
                                 -0.083507   25.116846   library setup time
                                             25.116846   data required time
---------------------------------------------------------------------------------------------
                                             25.116846   data required time
                                            -13.016026   data arrival time
---------------------------------------------------------------------------------------------
                                             12.100821   slack (MET)




===========================================================================
report_checks --slack_max -0.01
============================================================================
======================= nom_tt_025C_1v80 Corner ===================================

No paths found.


===========================================================================
 report_check_types -max_slew -max_cap -max_fanout -violators
============================================================================
======================= nom_tt_025C_1v80 Corner ===================================

max fanout

Pin                                   Limit Fanout  Slack
---------------------------------------------------------
_0646_/X                                 10     21    -11 (VIOLATED)
clkbuf_2_2__f_clk/X                      10     21    -11 (VIOLATED)
fanout121/X                              10     21    -11 (VIOLATED)
fanout124/X                              10     21    -11 (VIOLATED)
fanout125/X                              10     21    -11 (VIOLATED)
fanout90/X                               10     21    -11 (VIOLATED)
input11/X                                10     21    -11 (VIOLATED)
input13/X                                10     21    -11 (VIOLATED)
input15/X                                10     21    -11 (VIOLATED)
input8/X                                 10     21    -11 (VIOLATED)
_0618_/Y                                 10     19     -9 (VIOLATED)
input14/X                                10     19     -9 (VIOLATED)
input17/X                                10     19     -9 (VIOLATED)
_0615_/Y                                 10     17     -7 (VIOLATED)
_0617_/Y                                 10     17     -7 (VIOLATED)
clkbuf_2_3__f_clk/X                      10     17     -7 (VIOLATED)
input7/X                                 10     17     -7 (VIOLATED)
_1304_/Q                                 10     15     -5 (VIOLATED)
input9/X                                 10     15     -5 (VIOLATED)
_0801_/X                                 10     13     -3 (VIOLATED)
_1014_/Y                                 10     13     -3 (VIOLATED)
_1307_/Q                                 10     13     -3 (VIOLATED)
fanout95/X                               10     13     -3 (VIOLATED)
clkbuf_2_1__f_clk/X                      10     12     -2 (VIOLATED)
_0789_/Y                                 10     11        (VIOLATED)
_0790_/Y                                 10     11        (VIOLATED)
_0805_/X                                 10     11        (VIOLATED)
_0940_/X                                 10     11        (VIOLATED)
fanout114/X                              10     11        (VIOLATED)



===========================================================================
report_parasitic_annotation -report_unannotated
============================================================================
Found 129 unannotated drivers.
 gpio_in[0]
 gpio_in[10]
 gpio_in[11]
 gpio_in[12]
 gpio_in[13]
 gpio_in[14]
 gpio_in[15]
 gpio_in[16]
 gpio_in[17]
 gpio_in[18]
 gpio_in[19]
 gpio_in[1]
 gpio_in[20]
 gpio_in[21]
 gpio_in[22]
 gpio_in[23]
 gpio_in[24]
 gpio_in[25]
 gpio_in[26]
 gpio_in[27]
 gpio_in[28]
 gpio_in[29]
 gpio_in[2]
 gpio_in[30]
 gpio_in[31]
 gpio_in[32]
 gpio_in[33]
 gpio_in[3]
 gpio_in[4]
 gpio_in[5]
 gpio_in[6]
 gpio_in[7]
 gpio_in[8]
 gpio_in[9]
 la_data_in[10]
 la_data_in[11]
 la_data_in[12]
 la_data_in[13]
 la_data_in[14]
 la_data_in[15]
 la_data_in[16]
 la_data_in[17]
 la_data_in[18]
 la_data_in[19]
 la_data_in[20]
 la_data_in[21]
 la_data_in[22]
 la_data_in[23]
 la_data_in[24]
 la_data_in[25]
 la_data_in[26]
 la_data_in[27]
 la_data_in[28]
 la_data_in[29]
 la_data_in[2]
 la_data_in[30]
 la_data_in[31]
 la_data_in[3]
 la_data_in[4]
 la_data_in[5]
 la_data_in[6]
 la_data_in[7]
 la_data_in[8]
 la_data_in[9]
 la_oenb[10]
 la_oenb[11]
 la_oenb[12]
 la_oenb[13]
 la_oenb[14]
 la_oenb[15]
 la_oenb[16]
 la_oenb[17]
 la_oenb[18]
 la_oenb[19]
 la_oenb[20]
 la_oenb[21]
 la_oenb[22]
 la_oenb[23]
 la_oenb[24]
 la_oenb[25]
 la_oenb[26]
 la_oenb[27]
 la_oenb[28]
 la_oenb[29]
 la_oenb[2]
 la_oenb[30]
 la_oenb[31]
 la_oenb[3]
 la_oenb[4]
 la_oenb[5]
 la_oenb[6]
 la_oenb[7]
 la_oenb[8]
 la_oenb[9]
 clkload0/Y
 clkload1/Y
 clkload2/Y
 team_00_126/HI
 team_00_127/HI
 team_00_128/HI
 team_00_129/HI
 team_00_130/HI
 team_00_131/HI
 team_00_132/HI
 team_00_133/HI
 team_00_134/HI
 team_00_135/HI
 team_00_136/HI
 team_00_137/HI
 team_00_138/HI
 team_00_139/HI
 team_00_140/HI
 team_00_141/HI
 team_00_142/HI
 team_00_143/HI
 team_00_144/HI
 team_00_145/HI
 team_00_146/HI
 team_00_147/HI
 team_00_148/HI
 team_00_149/HI
 team_00_150/HI
 team_00_151/HI
 team_00_152/HI
 team_00_153/HI
 team_00_154/HI
 team_00_155/HI
 team_00_156/HI
 team_00_157/HI
Found 0 partially unannotated drivers.

===========================================================================
max slew violation count 0
max fanout violation count 29
max cap violation count 0
============================================================================

===========================================================================
check_setup -verbose -unconstrained_endpoints -multiple_clock -no_clock -no_input_delay -loops -generated_clocks
===========================================================================
Warning: There are 32 unconstrained endpoints.
  la_data_out[0]
  la_data_out[10]
  la_data_out[11]
  la_data_out[12]
  la_data_out[13]
  la_data_out[14]
  la_data_out[15]
  la_data_out[16]
  la_data_out[17]
  la_data_out[18]
  la_data_out[19]
  la_data_out[1]
  la_data_out[20]
  la_data_out[21]
  la_data_out[22]
  la_data_out[23]
  la_data_out[24]
  la_data_out[25]
  la_data_out[26]
  la_data_out[27]
  la_data_out[28]
  la_data_out[29]
  la_data_out[2]
  la_data_out[30]
  la_data_out[31]
  la_data_out[3]
  la_data_out[4]
  la_data_out[5]
  la_data_out[6]
  la_data_out[7]
  la_data_out[8]
  la_data_out[9]
