
===========================================================================
 report_power
============================================================================
======================= nom_tt_025C_1v80 Corner ===================================

Group                    Internal    Switching      Leakage        Total
                            Power        Power        Power        Power (Watts)
------------------------------------------------------------------------
Sequential           1.686270e-05 3.047170e-06 3.870854e-10 1.991026e-05  21.5%
Combinational        2.359123e-05 3.022976e-05 3.078471e-09 5.382407e-05  58.1%
Clock                9.369192e-06 9.486768e-06 5.291971e-09 1.886125e-05  20.4%
Macro                0.000000e+00 0.000000e+00 0.000000e+00 0.000000e+00   0.0%
Pad                  0.000000e+00 0.000000e+00 0.000000e+00 0.000000e+00   0.0%
------------------------------------------------------------------------
Total                4.982309e-05 4.276371e-05 8.757494e-09 9.259556e-05 100.0%
                            53.8%        46.2%         0.0%

