
===========================================================================
report_checks -unconstrained
===========================================================================
======================= min_ss_100C_1v60 Corner ===================================

Startpoint: nrst (input port clocked by clk)
Endpoint: _1291_ (recovery check against rising-edge clock clk)
Path Group: asynchronous
Path Type: max

Fanout         Cap        Slew       Delay        Time   Description
---------------------------------------------------------------------------------------------
                                  0.000000    0.000000   clock clk (rise edge)
                                  0.000000    0.000000   clock network delay (propagated)
                                  5.000000    5.000000 ^ input external delay
     2    0.004234    0.043461    0.023329    5.023329 ^ nrst (in)
                                                         nrst (net)
                      0.043461    0.000000    5.023329 ^ input6/A (sky130_fd_sc_hd__clkbuf_2)
     9    0.039907    0.340414    0.373399    5.396728 ^ input6/X (sky130_fd_sc_hd__clkbuf_2)
                                                         net6 (net)
                      0.340510    0.000756    5.397484 ^ fanout121/A (sky130_fd_sc_hd__clkbuf_4)
    21    0.073073    0.349849    0.575103    5.972587 ^ fanout121/X (sky130_fd_sc_hd__clkbuf_4)
                                                         net121 (net)
                      0.349903    0.004353    5.976941 ^ _1291_/RESET_B (sky130_fd_sc_hd__dfrtp_2)
                                              5.976941   data arrival time

                                 25.000000   25.000000   clock clk (rise edge)
                                  0.000000   25.000000   clock source latency
     2    0.028417    0.208931    0.144333   25.144331 ^ clk (in)
                                                         clk (net)
                      0.208957    0.000000   25.144331 ^ clkbuf_0_clk/A (sky130_fd_sc_hd__clkbuf_16)
     9    0.062353    0.123775    0.338268   25.482599 ^ clkbuf_0_clk/X (sky130_fd_sc_hd__clkbuf_16)
                                                         clknet_0_clk (net)
                      0.123798    0.001688   25.484287 ^ clkbuf_2_3__f_clk/A (sky130_fd_sc_hd__clkbuf_16)
    17    0.055142    0.114084    0.291667   25.775955 ^ clkbuf_2_3__f_clk/X (sky130_fd_sc_hd__clkbuf_16)
                                                         clknet_2_3__leaf_clk (net)
                      0.114087    0.000703   25.776657 ^ _1291_/CLK (sky130_fd_sc_hd__dfrtp_2)
                                 -0.250000   25.526659   clock uncertainty
                                  0.000000   25.526659   clock reconvergence pessimism
                                  0.340021   25.866680   library recovery time
                                             25.866680   data required time
---------------------------------------------------------------------------------------------
                                             25.866680   data required time
                                             -5.976941   data arrival time
---------------------------------------------------------------------------------------------
                                             19.889740   slack (MET)


Startpoint: prescaler[9] (input port clocked by clk)
Endpoint: _1283_ (rising edge-triggered flip-flop clocked by clk)
Path Group: clk
Path Type: max

Fanout         Cap        Slew       Delay        Time   Description
---------------------------------------------------------------------------------------------
                                  0.000000    0.000000   clock clk (rise edge)
                                  0.000000    0.000000   clock network delay (propagated)
                                  5.000000    5.000000 ^ input external delay
     2    0.004318    0.042496    0.023773    5.023773 ^ prescaler[9] (in)
                                                         prescaler[9] (net)
                      0.042496    0.000000    5.023773 ^ input20/A (sky130_fd_sc_hd__clkbuf_1)
     2    0.007402    0.154077    0.198257    5.222030 ^ input20/X (sky130_fd_sc_hd__clkbuf_1)
                                                         net20 (net)
                      0.154077    0.000068    5.222098 ^ fanout123/A (sky130_fd_sc_hd__clkbuf_4)
    10    0.050795    0.251685    0.420641    5.642739 ^ fanout123/X (sky130_fd_sc_hd__clkbuf_4)
                                                         net123 (net)
                      0.251685    0.000322    5.643061 ^ _0671_/A (sky130_fd_sc_hd__xor2_1)
     3    0.010554    0.420104    0.471534    6.114595 ^ _0671_/X (sky130_fd_sc_hd__xor2_1)
                                                         _0061_ (net)
                      0.420104    0.000104    6.114699 ^ _0672_/B (sky130_fd_sc_hd__xnor2_1)
     2    0.008807    0.393617    0.384900    6.499599 ^ _0672_/Y (sky130_fd_sc_hd__xnor2_1)
                                                         _0062_ (net)
                      0.393617    0.000098    6.499697 ^ _0674_/B (sky130_fd_sc_hd__xor2_1)
     2    0.008757    0.365873    0.479197    6.978894 ^ _0674_/X (sky130_fd_sc_hd__xor2_1)
                                                         _0064_ (net)
                      0.365873    0.000045    6.978939 ^ _0812_/A3 (sky130_fd_sc_hd__a31o_1)
     2    0.013117    0.222239    0.511583    7.490522 ^ _0812_/X (sky130_fd_sc_hd__a31o_1)
                                                         _0202_ (net)
                      0.222239    0.000128    7.490650 ^ _0820_/A (sky130_fd_sc_hd__xor2_2)
     2    0.012225    0.303948    0.374155    7.864805 ^ _0820_/X (sky130_fd_sc_hd__xor2_2)
                                                         _0210_ (net)
                      0.303948    0.000098    7.864902 ^ _0845_/B (sky130_fd_sc_hd__xor2_2)
     2    0.020343    0.430484    0.505676    8.370579 ^ _0845_/X (sky130_fd_sc_hd__xor2_2)
                                                         _0235_ (net)
                      0.430484    0.000325    8.370904 ^ _0847_/B (sky130_fd_sc_hd__xor2_4)
     2    0.027373    0.365094    0.496730    8.867634 ^ _0847_/X (sky130_fd_sc_hd__xor2_4)
                                                         _0237_ (net)
                      0.365094    0.000194    8.867827 ^ _0848_/B (sky130_fd_sc_hd__xnor2_4)
     2    0.021334    0.158536    0.260332    9.128160 v _0848_/Y (sky130_fd_sc_hd__xnor2_4)
                                                         _0238_ (net)
                      0.158536    0.000196    9.128356 v _0851_/A (sky130_fd_sc_hd__xnor2_4)
     3    0.033595    0.445816    0.493382    9.621738 ^ _0851_/Y (sky130_fd_sc_hd__xnor2_4)
                                                         _0241_ (net)
                      0.445824    0.001496    9.623234 ^ _0858_/A (sky130_fd_sc_hd__nor2_1)
     2    0.016385    0.192855    0.330184    9.953418 v _0858_/Y (sky130_fd_sc_hd__nor2_1)
                                                         _0248_ (net)
                      0.192855    0.000237    9.953655 v _0863_/B1 (sky130_fd_sc_hd__a221oi_4)
     4    0.016237    0.457525    0.543416   10.497071 ^ _0863_/Y (sky130_fd_sc_hd__a221oi_4)
                                                         _0253_ (net)
                      0.457525    0.000544   10.497616 ^ _0864_/A2 (sky130_fd_sc_hd__a21oi_1)
     3    0.006764    0.175523    0.318544   10.816160 v _0864_/Y (sky130_fd_sc_hd__a21oi_1)
                                                         _0254_ (net)
                      0.175523    0.000061   10.816221 v _0935_/B (sky130_fd_sc_hd__or3b_1)
     3    0.012473    0.240095    0.978558   11.794779 v _0935_/X (sky130_fd_sc_hd__or3b_1)
                                                         _0325_ (net)
                      0.240095    0.000144   11.794923 v _0938_/C (sky130_fd_sc_hd__and3_1)
     2    0.004712    0.087356    0.463593   12.258515 v _0938_/X (sky130_fd_sc_hd__and3_1)
                                                         _0328_ (net)
                      0.087356    0.000037   12.258553 v _0952_/B (sky130_fd_sc_hd__or4_1)
     1    0.001908    0.167207    1.147482   13.406034 v _0952_/X (sky130_fd_sc_hd__or4_1)
                                                         _0342_ (net)
                      0.167207    0.000019   13.406054 v _0953_/D (sky130_fd_sc_hd__or4_1)
     1    0.001986    0.168383    0.960674   14.366728 v _0953_/X (sky130_fd_sc_hd__or4_1)
                                                         _0343_ (net)
                      0.168383    0.000019   14.366746 v _0954_/C (sky130_fd_sc_hd__or3_2)
     9    0.034418    0.323265    1.255574   15.622320 v _0954_/X (sky130_fd_sc_hd__or3_2)
                                                         _0344_ (net)
                      0.323265    0.000643   15.622963 v _1005_/A1 (sky130_fd_sc_hd__o211ai_1)
     1    0.003555    0.274240    0.404011   16.026974 ^ _1005_/Y (sky130_fd_sc_hd__o211ai_1)
                                                         _0395_ (net)
                      0.274240    0.000043   16.027016 ^ fanout95/A (sky130_fd_sc_hd__clkbuf_2)
    13    0.044138    0.375156    0.498247   16.525263 ^ fanout95/X (sky130_fd_sc_hd__clkbuf_2)
                                                         net95 (net)
                      0.375156    0.000151   16.525414 ^ fanout94/A (sky130_fd_sc_hd__clkbuf_2)
     8    0.037560    0.322189    0.500116   17.025530 ^ fanout94/X (sky130_fd_sc_hd__clkbuf_2)
                                                         net94 (net)
                      0.322189    0.000091   17.025621 ^ fanout93/A (sky130_fd_sc_hd__clkbuf_2)
    10    0.029078    0.253406    0.432015   17.457636 ^ fanout93/X (sky130_fd_sc_hd__clkbuf_2)
                                                         net93 (net)
                      0.253406    0.000247   17.457882 ^ _1163_/B (sky130_fd_sc_hd__and3_1)
     1    0.003059    0.096834    0.358522   17.816404 ^ _1163_/X (sky130_fd_sc_hd__and3_1)
                                                         _0524_ (net)
                      0.096834    0.000028   17.816433 ^ _1167_/B1 (sky130_fd_sc_hd__o221a_1)
     2    0.008312    0.171770    0.454284   18.270718 ^ _1167_/X (sky130_fd_sc_hd__o221a_1)
                                                         clk_divider.next_count[25] (net)
                      0.171770    0.000094   18.270811 ^ _1188_/B (sky130_fd_sc_hd__xnor2_1)
     1    0.019430    0.345489    0.346535   18.617346 v _1188_/Y (sky130_fd_sc_hd__xnor2_1)
                                                         _0546_ (net)
                      0.345489    0.000856   18.618202 v _1190_/C (sky130_fd_sc_hd__or4_1)
     1    0.007013    0.228287    1.276881   19.895084 v _1190_/X (sky130_fd_sc_hd__or4_1)
                                                         _0548_ (net)
                      0.228287    0.000213   19.895296 v _1191_/D (sky130_fd_sc_hd__or4_1)
     1    0.003052    0.185948    1.007857   20.903154 v _1191_/X (sky130_fd_sc_hd__or4_1)
                                                         _0549_ (net)
                      0.185948    0.000020   20.903173 v _1219_/A (sky130_fd_sc_hd__nor3_1)
     1    0.002160    0.241684    0.331811   21.234983 ^ _1219_/Y (sky130_fd_sc_hd__nor3_1)
                                                         clk_divider.next_flag (net)
                      0.241684    0.000018   21.235003 ^ _1283_/D (sky130_fd_sc_hd__dfrtp_4)
                                             21.235003   data arrival time

                                 25.000000   25.000000   clock clk (rise edge)
                                  0.000000   25.000000   clock source latency
     2    0.028417    0.208931    0.144333   25.144331 ^ clk (in)
                                                         clk (net)
                      0.208957    0.000000   25.144331 ^ clkbuf_0_clk/A (sky130_fd_sc_hd__clkbuf_16)
     9    0.062353    0.123775    0.338268   25.482599 ^ clkbuf_0_clk/X (sky130_fd_sc_hd__clkbuf_16)
                                                         clknet_0_clk (net)
                      0.123775    0.000554   25.483154 ^ clkbuf_2_0__f_clk/A (sky130_fd_sc_hd__clkbuf_16)
     9    0.035412    0.087996    0.267972   25.751127 ^ clkbuf_2_0__f_clk/X (sky130_fd_sc_hd__clkbuf_16)
                                                         clknet_2_0__leaf_clk (net)
                      0.088002    0.000798   25.751925 ^ _1283_/CLK (sky130_fd_sc_hd__dfrtp_4)
                                 -0.250000   25.501925   clock uncertainty
                                  0.000000   25.501925   clock reconvergence pessimism
                                 -0.177016   25.324909   library setup time
                                             25.324909   data required time
---------------------------------------------------------------------------------------------
                                             25.324909   data required time
                                            -21.235003   data arrival time
---------------------------------------------------------------------------------------------
                                              4.089907   slack (MET)




===========================================================================
report_checks --slack_max -0.01
============================================================================
======================= min_ss_100C_1v60 Corner ===================================

No paths found.


===========================================================================
 report_check_types -max_slew -max_cap -max_fanout -violators
============================================================================
======================= min_ss_100C_1v60 Corner ===================================

max slew

Pin                                        Limit        Slew       Slack
------------------------------------------------------------------------
ANTENNA_output73_A/DIODE                0.750000    0.932106   -0.182106 (VIOLATED)
output73/A                              0.750000    0.932106   -0.182106 (VIOLATED)
ANTENNA__1274__Y/DIODE                  0.750000    0.932104   -0.182104 (VIOLATED)
_1274_/Y                                0.750000    0.932104   -0.182104 (VIOLATED)
ANTENNA__1257__Y/DIODE                  0.750000    0.925593   -0.175593 (VIOLATED)
ANTENNA_output58_A/DIODE                0.750000    0.925593   -0.175593 (VIOLATED)
_1257_/Y                                0.750000    0.925593   -0.175593 (VIOLATED)
output58/A                              0.750000    0.925593   -0.175593 (VIOLATED)
ANTENNA__1251__Y/DIODE                  0.750000    0.915938   -0.165938 (VIOLATED)
ANTENNA_output89_A/DIODE                0.750000    0.915938   -0.165938 (VIOLATED)
_1251_/Y                                0.750000    0.915938   -0.165938 (VIOLATED)
output89/A                              0.750000    0.915938   -0.165938 (VIOLATED)
_1054_/A2                               0.750000    0.754988   -0.004988 (VIOLATED)
ANTENNA__1054__A2/DIODE                 0.750000    0.754987   -0.004988 (VIOLATED)
_1137_/B                                0.750000    0.754987   -0.004987 (VIOLATED)
ANTENNA__1137__B/DIODE                  0.750000    0.754987   -0.004987 (VIOLATED)
_1039_/B                                0.750000    0.754986   -0.004986 (VIOLATED)
ANTENNA__1039__B/DIODE                  0.750000    0.754986   -0.004986 (VIOLATED)
ANTENNA__1119__B/DIODE                  0.750000    0.754986   -0.004986 (VIOLATED)
_1119_/B                                0.750000    0.754986   -0.004986 (VIOLATED)
_1117_/A2                               0.750000    0.754985   -0.004985 (VIOLATED)
ANTENNA__1014__Y/DIODE                  0.750000    0.754984   -0.004984 (VIOLATED)
ANTENNA__1099__A2/DIODE                 0.750000    0.754984   -0.004984 (VIOLATED)
ANTENNA__1117__A2/DIODE                 0.750000    0.754984   -0.004984 (VIOLATED)
_1014_/Y                                0.750000    0.754984   -0.004984 (VIOLATED)
_1099_/A2                               0.750000    0.754984   -0.004984 (VIOLATED)

max fanout

Pin                                   Limit Fanout  Slack
---------------------------------------------------------
_0646_/X                                 10     21    -11 (VIOLATED)
clkbuf_2_2__f_clk/X                      10     21    -11 (VIOLATED)
fanout121/X                              10     21    -11 (VIOLATED)
fanout124/X                              10     21    -11 (VIOLATED)
fanout125/X                              10     21    -11 (VIOLATED)
fanout90/X                               10     21    -11 (VIOLATED)
input11/X                                10     21    -11 (VIOLATED)
input13/X                                10     21    -11 (VIOLATED)
input15/X                                10     21    -11 (VIOLATED)
input8/X                                 10     21    -11 (VIOLATED)
_0618_/Y                                 10     19     -9 (VIOLATED)
input14/X                                10     19     -9 (VIOLATED)
input17/X                                10     19     -9 (VIOLATED)
_0615_/Y                                 10     17     -7 (VIOLATED)
_0617_/Y                                 10     17     -7 (VIOLATED)
clkbuf_2_3__f_clk/X                      10     17     -7 (VIOLATED)
input7/X                                 10     17     -7 (VIOLATED)
_1304_/Q                                 10     15     -5 (VIOLATED)
input9/X                                 10     15     -5 (VIOLATED)
_0801_/X                                 10     13     -3 (VIOLATED)
_1014_/Y                                 10     13     -3 (VIOLATED)
_1307_/Q                                 10     13     -3 (VIOLATED)
fanout95/X                               10     13     -3 (VIOLATED)
clkbuf_2_1__f_clk/X                      10     12     -2 (VIOLATED)
_0789_/Y                                 10     11        (VIOLATED)
_0790_/Y                                 10     11        (VIOLATED)
_0805_/X                                 10     11        (VIOLATED)
_0940_/X                                 10     11        (VIOLATED)
fanout114/X                              10     11        (VIOLATED)



===========================================================================
report_parasitic_annotation -report_unannotated
============================================================================
Found 129 unannotated drivers.
 gpio_in[0]
 gpio_in[10]
 gpio_in[11]
 gpio_in[12]
 gpio_in[13]
 gpio_in[14]
 gpio_in[15]
 gpio_in[16]
 gpio_in[17]
 gpio_in[18]
 gpio_in[19]
 gpio_in[1]
 gpio_in[20]
 gpio_in[21]
 gpio_in[22]
 gpio_in[23]
 gpio_in[24]
 gpio_in[25]
 gpio_in[26]
 gpio_in[27]
 gpio_in[28]
 gpio_in[29]
 gpio_in[2]
 gpio_in[30]
 gpio_in[31]
 gpio_in[32]
 gpio_in[33]
 gpio_in[3]
 gpio_in[4]
 gpio_in[5]
 gpio_in[6]
 gpio_in[7]
 gpio_in[8]
 gpio_in[9]
 la_data_in[10]
 la_data_in[11]
 la_data_in[12]
 la_data_in[13]
 la_data_in[14]
 la_data_in[15]
 la_data_in[16]
 la_data_in[17]
 la_data_in[18]
 la_data_in[19]
 la_data_in[20]
 la_data_in[21]
 la_data_in[22]
 la_data_in[23]
 la_data_in[24]
 la_data_in[25]
 la_data_in[26]
 la_data_in[27]
 la_data_in[28]
 la_data_in[29]
 la_data_in[2]
 la_data_in[30]
 la_data_in[31]
 la_data_in[3]
 la_data_in[4]
 la_data_in[5]
 la_data_in[6]
 la_data_in[7]
 la_data_in[8]
 la_data_in[9]
 la_oenb[10]
 la_oenb[11]
 la_oenb[12]
 la_oenb[13]
 la_oenb[14]
 la_oenb[15]
 la_oenb[16]
 la_oenb[17]
 la_oenb[18]
 la_oenb[19]
 la_oenb[20]
 la_oenb[21]
 la_oenb[22]
 la_oenb[23]
 la_oenb[24]
 la_oenb[25]
 la_oenb[26]
 la_oenb[27]
 la_oenb[28]
 la_oenb[29]
 la_oenb[2]
 la_oenb[30]
 la_oenb[31]
 la_oenb[3]
 la_oenb[4]
 la_oenb[5]
 la_oenb[6]
 la_oenb[7]
 la_oenb[8]
 la_oenb[9]
 clkload0/Y
 clkload1/Y
 clkload2/Y
 team_00_126/HI
 team_00_127/HI
 team_00_128/HI
 team_00_129/HI
 team_00_130/HI
 team_00_131/HI
 team_00_132/HI
 team_00_133/HI
 team_00_134/HI
 team_00_135/HI
 team_00_136/HI
 team_00_137/HI
 team_00_138/HI
 team_00_139/HI
 team_00_140/HI
 team_00_141/HI
 team_00_142/HI
 team_00_143/HI
 team_00_144/HI
 team_00_145/HI
 team_00_146/HI
 team_00_147/HI
 team_00_148/HI
 team_00_149/HI
 team_00_150/HI
 team_00_151/HI
 team_00_152/HI
 team_00_153/HI
 team_00_154/HI
 team_00_155/HI
 team_00_156/HI
 team_00_157/HI
Found 0 partially unannotated drivers.

===========================================================================
max slew violation count 26
max fanout violation count 29
max cap violation count 0
============================================================================

===========================================================================
check_setup -verbose -unconstrained_endpoints -multiple_clock -no_clock -no_input_delay -loops -generated_clocks
===========================================================================
Warning: There are 32 unconstrained endpoints.
  la_data_out[0]
  la_data_out[10]
  la_data_out[11]
  la_data_out[12]
  la_data_out[13]
  la_data_out[14]
  la_data_out[15]
  la_data_out[16]
  la_data_out[17]
  la_data_out[18]
  la_data_out[19]
  la_data_out[1]
  la_data_out[20]
  la_data_out[21]
  la_data_out[22]
  la_data_out[23]
  la_data_out[24]
  la_data_out[25]
  la_data_out[26]
  la_data_out[27]
  la_data_out[28]
  la_data_out[29]
  la_data_out[2]
  la_data_out[30]
  la_data_out[31]
  la_data_out[3]
  la_data_out[4]
  la_data_out[5]
  la_data_out[6]
  la_data_out[7]
  la_data_out[8]
  la_data_out[9]
