
===========================================================================
 report_power
============================================================================
======================= min_ss_100C_1v60 Corner ===================================

Group                    Internal    Switching      Leakage        Total
                            Power        Power        Power        Power (Watts)
------------------------------------------------------------------------
Sequential           1.300823e-05 2.299901e-06 6.686640e-07 1.597679e-05  20.7%
Combinational        1.931237e-05 2.298398e-05 3.825617e-06 4.612198e-05  59.8%
Clock                7.680973e-06 7.224000e-06 1.131970e-07 1.501817e-05  19.5%
Macro                0.000000e+00 0.000000e+00 0.000000e+00 0.000000e+00   0.0%
Pad                  0.000000e+00 0.000000e+00 0.000000e+00 0.000000e+00   0.0%
------------------------------------------------------------------------
Total                4.000158e-05 3.250788e-05 4.607476e-06 7.711694e-05 100.0%
                            51.9%        42.2%         6.0%

