
===========================================================================
 report_power
============================================================================
======================= min_ss_100C_1v60 Corner ===================================

Group                    Internal    Switching      Leakage        Total
                            Power        Power        Power        Power (Watts)
------------------------------------------------------------------------
Sequential           5.369628e-05 1.377016e-05 6.903155e-07 6.815676e-05  11.6%
Combinational        1.707403e-04 2.818212e-04 3.761160e-06 4.563226e-04  77.5%
Clock                3.845125e-05 2.555497e-05 1.265610e-07 6.413278e-05  10.9%
Macro                0.000000e+00 0.000000e+00 0.000000e+00 0.000000e+00   0.0%
Pad                  0.000000e+00 0.000000e+00 0.000000e+00 0.000000e+00   0.0%
------------------------------------------------------------------------
Total                2.628876e-04 3.211464e-04 4.578043e-06 5.886120e-04 100.0%
                            44.7%        54.6%         0.8%

