┏━━━━━━━━━━━━━━━━━━━━━━┳━━━━━━━━━━┳━━━━━━━━━━┳━━━━━━━━━━┳━━━━━━━━━━┳━━━━━━━━━━━┳━━━━━━━━━━┳━━━━━━━━━━━┳━━━━━━━━━━┳━━━━━━━━━━━┳━━━━━━━━━━┳━━━━━━━━━━━┳━━━━━━━━━━┓
┃                      ┃ Hold     ┃ Reg to   ┃          ┃          ┃ of which  ┃ Setup    ┃           ┃          ┃           ┃ of which ┃           ┃          ┃
┃                      ┃ Worst    ┃ Reg      ┃          ┃ Hold Vio ┃ reg to    ┃ Worst    ┃ Reg to    ┃ Setup    ┃ Setup Vio ┃ reg to   ┃ Max Cap   ┃ Max Slew ┃
┃ Corner/Group         ┃ Slack    ┃ Paths    ┃ Hold TNS ┃ Count    ┃ reg       ┃ Slack    ┃ Reg Paths ┃ TNS      ┃ Count     ┃ reg      ┃ Violatio… ┃ Violati… ┃
┡━━━━━━━━━━━━━━━━━━━━━━╇━━━━━━━━━━╇━━━━━━━━━━╇━━━━━━━━━━╇━━━━━━━━━━╇━━━━━━━━━━━╇━━━━━━━━━━╇━━━━━━━━━━━╇━━━━━━━━━━╇━━━━━━━━━━━╇━━━━━━━━━━╇━━━━━━━━━━━╇━━━━━━━━━━┩
│ Overall              │ 0.1096   │ 0.1096   │ 0.0000   │ 0        │ 0         │ 26.2420  │ N/A       │ 0.0000   │ 0         │ 0        │ 0         │ 40       │
│ nom_tt_025C_1v80     │ 0.3154   │ 0.3154   │ 0.0000   │ 0        │ 0         │ 42.9640  │ N/A       │ 0.0000   │ 0         │ 0        │ 0         │ 0        │
│ nom_ss_100C_1v60     │ 0.8673   │ 0.8673   │ 0.0000   │ 0        │ 0         │ 27.1276  │ N/A       │ 0.0000   │ 0         │ 0        │ 0         │ 26       │
│ nom_ff_n40C_1v95     │ 0.1116   │ 0.1116   │ 0.0000   │ 0        │ 0         │ 49.3297  │ N/A       │ 0.0000   │ 0         │ 0        │ 0         │ 0        │
│ min_tt_025C_1v80     │ 0.3125   │ 0.3125   │ 0.0000   │ 0        │ 0         │ 43.5243  │ N/A       │ 0.0000   │ 0         │ 0        │ 0         │ 0        │
│ min_ss_100C_1v60     │ 0.8636   │ 0.8636   │ 0.0000   │ 0        │ 0         │ 28.1100  │ N/A       │ 0.0000   │ 0         │ 0        │ 0         │ 26       │
│ min_ff_n40C_1v95     │ 0.1096   │ 0.1096   │ 0.0000   │ 0        │ 0         │ 49.6872  │ N/A       │ 0.0000   │ 0         │ 0        │ 0         │ 0        │
│ max_tt_025C_1v80     │ 0.3189   │ 0.3189   │ 0.0000   │ 0        │ 0         │ 42.4530  │ N/A       │ 0.0000   │ 0         │ 0        │ 0         │ 0        │
│ max_ss_100C_1v60     │ 0.8735   │ 0.8735   │ 0.0000   │ 0        │ 0         │ 26.2420  │ N/A       │ 0.0000   │ 0         │ 0        │ 0         │ 40       │
│ max_ff_n40C_1v95     │ 0.1142   │ 0.1142   │ 0.0000   │ 0        │ 0         │ 49.0037  │ N/A       │ 0.0000   │ 0         │ 0        │ 0         │ 0        │
└──────────────────────┴──────────┴──────────┴──────────┴──────────┴───────────┴──────────┴───────────┴──────────┴───────────┴──────────┴───────────┴──────────┘
