┏━━━━━━━━━━━━━━━━━━━━━━┳━━━━━━━━━━┳━━━━━━━━━━┳━━━━━━━━━━┳━━━━━━━━━━┳━━━━━━━━━━━┳━━━━━━━━━━┳━━━━━━━━━━━┳━━━━━━━━━━┳━━━━━━
┃                      ┃ Hold     ┃ Reg to   ┃          ┃          ┃ of which  ┃ Setup    ┃           ┃          ┃      
┃                      ┃ Worst    ┃ Reg      ┃          ┃ Hold Vio ┃ reg to    ┃ Worst    ┃ Reg to    ┃ Setup    ┃ Setup
┃ Corner/Group         ┃ Slack    ┃ Paths    ┃ Hold TNS ┃ Count    ┃ reg       ┃ Slack    ┃ Reg Paths ┃ TNS      ┃ Count
┡━━━━━━━━━━━━━━━━━━━━━━╇━━━━━━━━━━╇━━━━━━━━━━╇━━━━━━━━━━╇━━━━━━━━━━╇━━━━━━━━━━━╇━━━━━━━━━━╇━━━━━━━━━━━╇━━━━━━━━━━╇━━━━━━
│ Overall              │ 0.9166   │ 1.0660   │ 0.0000   │ 0        │ 0         │ 41.6231  │ 86.1592   │ 0.0000   │ 0    
│ nom_tt_025C_1v80     │ 1.1376   │ 1.7224   │ 0.0000   │ 0        │ 0         │ 44.0869  │ 89.2821   │ 0.0000   │ 0    
│ nom_ss_100C_1v60     │ 1.9107   │ 3.0933   │ 0.0000   │ 0        │ 0         │ 41.6455  │ 86.3449   │ 0.0000   │ 0    
│ nom_ff_n40C_1v95     │ 0.9894   │ 1.0773   │ 0.0000   │ 0        │ 0         │ 44.5756  │ 90.4346   │ 0.0000   │ 0    
│ min_tt_025C_1v80     │ 1.2170   │ 1.7049   │ 0.0000   │ 0        │ 0         │ 44.0802  │ 89.4148   │ 0.0000   │ 0    
│ min_ss_100C_1v60     │ 2.0154   │ 2.9755   │ 0.0000   │ 0        │ 0         │ 41.6231  │ 86.5873   │ 0.0000   │ 0    
│ min_ff_n40C_1v95     │ 1.0540   │ 1.0660   │ 0.0000   │ 0        │ 0         │ 44.5826  │ 90.5157   │ 0.0000   │ 0    
│ max_tt_025C_1v80     │ 1.0470   │ 1.7378   │ 0.0000   │ 0        │ 0         │ 44.1042  │ 89.1816   │ 0.0000   │ 0    
│ max_ss_100C_1v60     │ 1.7885   │ 3.1979   │ 0.0000   │ 0        │ 0         │ 41.6841  │ 86.1592   │ 0.0000   │ 0    
│ max_ff_n40C_1v95     │ 0.9166   │ 1.0870   │ 0.0000   │ 0        │ 0         │ 44.5754  │ 90.3712   │ 0.0000   │ 0    
└──────────────────────┴──────────┴──────────┴──────────┴──────────┴───────────┴──────────┴───────────┴──────────┴──────
