
===========================================================================
report_checks -unconstrained
===========================================================================
======================= min_tt_025C_1v80 Corner ===================================

Startpoint: wb_rst_i (input port clocked by clk)
Endpoint: _2042_ (recovery check against rising-edge clock clk)
Path Group: asynchronous
Path Type: max

Fanout         Cap        Slew       Delay        Time   Description
---------------------------------------------------------------------------------------------
                                  0.000000    0.000000   clock clk (rise edge)
                                  5.570000    5.570000   clock network delay (propagated)
                                 50.000000   55.570000 v input external delay
     2    0.016265    0.000000    0.000000   55.570000 v wb_rst_i (in)
                                                         wb_rst_i (net)
                      0.000719    0.000359   55.570358 v input99/A (sky130_fd_sc_hd__buf_12)
     5    0.187001    0.078275    0.135358   55.705719 v input99/X (sky130_fd_sc_hd__buf_12)
                                                         net99 (net)
                      0.147020    0.055099   55.760815 v fanout451/A (sky130_fd_sc_hd__buf_12)
    11    0.164666    0.093742    0.221419   55.982235 v fanout451/X (sky130_fd_sc_hd__buf_12)
                                                         net451 (net)
                      0.107167    0.027338   56.009575 v fanout450/A (sky130_fd_sc_hd__buf_8)
    17    0.146054    0.109419    0.213792   56.223366 v fanout450/X (sky130_fd_sc_hd__buf_8)
                                                         net450 (net)
                      0.110073    0.007006   56.230370 v fanout449/A (sky130_fd_sc_hd__buf_8)
    21    0.129855    0.099865    0.205539   56.435909 v fanout449/X (sky130_fd_sc_hd__buf_8)
                                                         net449 (net)
                      0.099927    0.002203   56.438114 v fanout448/A (sky130_fd_sc_hd__buf_6)
    21    0.109351    0.100451    0.205265   56.643379 v fanout448/X (sky130_fd_sc_hd__buf_6)
                                                         net448 (net)
                      0.103951    0.014786   56.658165 v _1825_/A (sky130_fd_sc_hd__inv_2)
     1    0.004455    0.040385    0.068514   56.726677 ^ _1825_/Y (sky130_fd_sc_hd__inv_2)
                                                         _0022_ (net)
                      0.040385    0.000046   56.726723 ^ _2042_/RESET_B (sky130_fd_sc_hd__dfrtp_1)
                                             56.726723   data arrival time

                                100.000000  100.000000   clock clk (rise edge)
                                  4.650000  104.649994   clock source latency
     4    0.358417    0.610000    0.000000  104.649994 ^ wb_clk_i (in)
                                                         wb_clk_i (net)
                      1.052848    0.221426  104.871422 ^ clkbuf_regs_0_clk/A (sky130_fd_sc_hd__clkbuf_16)
     3    0.032642    0.077000    0.312966  105.184387 ^ clkbuf_regs_0_clk/X (sky130_fd_sc_hd__clkbuf_16)
                                                         wb_clk_i_regs (net)
                      0.077041    0.004100  105.188484 ^ clkbuf_0_wb_clk_i_regs/A (sky130_fd_sc_hd__clkbuf_16)
     5    0.108176    0.122143    0.200195  105.388680 ^ clkbuf_0_wb_clk_i_regs/X (sky130_fd_sc_hd__clkbuf_16)
                                                         clknet_0_wb_clk_i_regs (net)
                      0.123412    0.009848  105.398529 ^ clkbuf_1_1_0_wb_clk_i_regs/A (sky130_fd_sc_hd__clkbuf_8)
     9    0.087253    0.156796    0.237250  105.635780 ^ clkbuf_1_1_0_wb_clk_i_regs/X (sky130_fd_sc_hd__clkbuf_8)
                                                         clknet_1_1_0_wb_clk_i_regs (net)
                      0.157614    0.009159  105.644936 ^ clkbuf_3_7_0_wb_clk_i_regs/A (sky130_fd_sc_hd__clkbuf_8)
    30    0.193234    0.333078    0.352948  105.997887 ^ clkbuf_3_7_0_wb_clk_i_regs/X (sky130_fd_sc_hd__clkbuf_8)
                                                         clknet_3_7_0_wb_clk_i_regs (net)
                      0.338315    0.033594  106.031479 ^ _2042_/CLK (sky130_fd_sc_hd__dfrtp_1)
                                 -0.200000  105.831482   clock uncertainty
                                  0.000000  105.831482   clock reconvergence pessimism
                                  0.321397  106.152885   library recovery time
                                            106.152885   data required time
---------------------------------------------------------------------------------------------
                                            106.152885   data required time
                                            -56.726723   data arrival time
---------------------------------------------------------------------------------------------
                                             49.426159   slack (MET)


Startpoint: wb_rst_i (input port clocked by clk)
Endpoint: _2029_ (rising edge-triggered flip-flop clocked by clk)
Path Group: clk
Path Type: max

Fanout         Cap        Slew       Delay        Time   Description
---------------------------------------------------------------------------------------------
                                  0.000000    0.000000   clock clk (rise edge)
                                  5.570000    5.570000   clock network delay (propagated)
                                 50.000000   55.570000 v input external delay
     2    0.016265    0.000000    0.000000   55.570000 v wb_rst_i (in)
                                                         wb_rst_i (net)
                      0.000719    0.000359   55.570358 v input99/A (sky130_fd_sc_hd__buf_12)
     5    0.187001    0.078275    0.135358   55.705719 v input99/X (sky130_fd_sc_hd__buf_12)
                                                         net99 (net)
                      0.220861    0.101906   55.807625 v fanout455/A (sky130_fd_sc_hd__buf_12)
    13    0.235650    0.096070    0.252602   56.060226 v fanout455/X (sky130_fd_sc_hd__buf_12)
                                                         net455 (net)
                      0.096079    0.000728   56.060951 v fanout452/A (sky130_fd_sc_hd__buf_8)
    21    0.155301    0.115619    0.212488   56.273441 v fanout452/X (sky130_fd_sc_hd__buf_8)
                                                         net452 (net)
                      0.116499    0.008320   56.281761 v mprj.ffram/wb_rst_i (ffram_WB_Wrapper)
     7    0.195332    0.575234    3.211621   59.493382 ^ mprj.ffram/wbs_dat_o[0] (ffram_WB_Wrapper)
                                                         mprj.wb_decoder.wbs_dat_i_periph_2D[0][0] (net)
                      0.600112    0.094023   59.587406 ^ _1370_/B2 (sky130_fd_sc_hd__a221o_1)
     1    0.003504    0.058302    0.238689   59.826096 ^ _1370_/X (sky130_fd_sc_hd__a221o_1)
                                                         _0527_ (net)
                      0.058302    0.000057   59.826153 ^ _1371_/A_N (sky130_fd_sc_hd__nand2b_1)
     1    0.001916    0.047060    0.089514   59.915665 ^ _1371_/Y (sky130_fd_sc_hd__nand2b_1)
                                                         _0528_ (net)
                      0.047060    0.000014   59.915680 ^ hold750/A (sky130_fd_sc_hd__dlygate4sd3_1)
     1    0.003684    0.060383    0.543345   60.459023 ^ hold750/X (sky130_fd_sc_hd__dlygate4sd3_1)
                                                         net1314 (net)
                      0.060383    0.000050   60.459076 ^ _1372_/B1 (sky130_fd_sc_hd__a211o_1)
     1    0.003296    0.044629    0.097337   60.556412 ^ _1372_/X (sky130_fd_sc_hd__a211o_1)
                                                         _0529_ (net)
                      0.044629    0.000036   60.556446 ^ hold751/A (sky130_fd_sc_hd__dlygate4sd3_1)
     1    0.004507    0.067873    0.548873   61.105320 ^ hold751/X (sky130_fd_sc_hd__dlygate4sd3_1)
                                                         net1315 (net)
                      0.067873    0.000071   61.105392 ^ _1376_/B2 (sky130_fd_sc_hd__a22o_1)
     1    0.003568    0.060011    0.127450   61.232841 ^ _1376_/X (sky130_fd_sc_hd__a22o_1)
                                                         mprj.wb_decoder.next_dat_reg[0] (net)
                      0.060011    0.000050   61.232891 ^ hold752/A (sky130_fd_sc_hd__dlygate4sd3_1)
     1    0.002602    0.051251    0.537632   61.770523 ^ hold752/X (sky130_fd_sc_hd__dlygate4sd3_1)
                                                         net1316 (net)
                      0.051251    0.000021   61.770546 ^ _2029_/D (sky130_fd_sc_hd__dfrtp_4)
                                             61.770546   data arrival time

                                100.000000  100.000000   clock clk (rise edge)
                                  4.650000  104.649994   clock source latency
     4    0.358417    0.610000    0.000000  104.649994 ^ wb_clk_i (in)
                                                         wb_clk_i (net)
                      1.052848    0.221426  104.871422 ^ clkbuf_regs_0_clk/A (sky130_fd_sc_hd__clkbuf_16)
     3    0.032642    0.077000    0.312966  105.184387 ^ clkbuf_regs_0_clk/X (sky130_fd_sc_hd__clkbuf_16)
                                                         wb_clk_i_regs (net)
                      0.077041    0.004100  105.188484 ^ clkbuf_0_wb_clk_i_regs/A (sky130_fd_sc_hd__clkbuf_16)
     5    0.108176    0.122143    0.200195  105.388680 ^ clkbuf_0_wb_clk_i_regs/X (sky130_fd_sc_hd__clkbuf_16)
                                                         clknet_0_wb_clk_i_regs (net)
                      0.123212    0.009045  105.397728 ^ clkbuf_1_0_0_wb_clk_i_regs/A (sky130_fd_sc_hd__clkbuf_8)
     9    0.104171    0.184542    0.255696  105.653419 ^ clkbuf_1_0_0_wb_clk_i_regs/X (sky130_fd_sc_hd__clkbuf_8)
                                                         clknet_1_0_0_wb_clk_i_regs (net)
                      0.185379    0.010118  105.663544 ^ clkbuf_3_1_0_wb_clk_i_regs/A (sky130_fd_sc_hd__clkbuf_8)
    27    0.205672    0.351295    0.393342  106.056885 ^ clkbuf_3_1_0_wb_clk_i_regs/X (sky130_fd_sc_hd__clkbuf_8)
                                                         clknet_3_1_0_wb_clk_i_regs (net)
                      0.351889    0.011902  106.068787 ^ _2029_/CLK (sky130_fd_sc_hd__dfrtp_4)
                                 -0.200000  105.868790   clock uncertainty
                                  0.000000  105.868790   clock reconvergence pessimism
                                 -0.018064  105.850723   library setup time
                                            105.850723   data required time
---------------------------------------------------------------------------------------------
                                            105.850723   data required time
                                            -61.770546   data arrival time
---------------------------------------------------------------------------------------------
                                             44.080181   slack (MET)




===========================================================================
report_checks --slack_max -0.01
============================================================================
======================= min_tt_025C_1v80 Corner ===================================

No paths found.


===========================================================================
 report_check_types -max_slew -max_cap -max_fanout -violators
============================================================================
======================= min_tt_025C_1v80 Corner ===================================

max slew

Pin                                        Limit        Slew       Slack
------------------------------------------------------------------------
ANTENNA_747/DIODE                       1.500000    2.921025   -1.421025 (VIOLATED)
ANTENNA_768/DIODE                       1.500000    2.921024   -1.421024 (VIOLATED)
ANTENNA_772/DIODE                       1.500000    2.921025   -1.421025 (VIOLATED)
ANTENNA_754/DIODE                       1.500000    2.921022   -1.421022 (VIOLATED)
ANTENNA_770/DIODE                       1.500000    2.921023   -1.421023 (VIOLATED)
ANTENNA_746/DIODE                       1.500000    2.921020   -1.421020 (VIOLATED)
ANTENNA_748/DIODE                       1.500000    2.921021   -1.421021 (VIOLATED)
ANTENNA_766/DIODE                       1.500000    2.921021   -1.421021 (VIOLATED)
ANTENNA_753/DIODE                       1.500000    2.921009   -1.421009 (VIOLATED)
ANTENNA_769/DIODE                       1.500000    2.920982   -1.420982 (VIOLATED)
ANTENNA_771/DIODE                       1.500000    2.920982   -1.420982 (VIOLATED)
ANTENNA_776/DIODE                       1.500000    2.920982   -1.420982 (VIOLATED)
ANTENNA_774/DIODE                       1.500000    2.920977   -1.420977 (VIOLATED)
ANTENNA_773/DIODE                       1.500000    2.920975   -1.420975 (VIOLATED)
ANTENNA_767/DIODE                       1.500000    2.920968   -1.420968 (VIOLATED)
ANTENNA_751/DIODE                       1.500000    2.920951   -1.420951 (VIOLATED)
ANTENNA_750/DIODE                       1.500000    2.920937   -1.420937 (VIOLATED)
ANTENNA_745/DIODE                       1.500000    2.920923   -1.420923 (VIOLATED)
ANTENNA_744/DIODE                       1.500000    2.920907   -1.420908 (VIOLATED)
ANTENNA_775/DIODE                       1.500000    2.920894   -1.420894 (VIOLATED)
ANTENNA_749/DIODE                       1.500000    2.920892   -1.420892 (VIOLATED)
ANTENNA_752/DIODE                       1.500000    2.920883   -1.420883 (VIOLATED)
ANTENNA_796/DIODE                       1.500000    2.920520   -1.420520 (VIOLATED)
ANTENNA_795/DIODE                       1.500000    2.920486   -1.420486 (VIOLATED)
ANTENNA_793/DIODE                       1.500000    2.920346   -1.420346 (VIOLATED)
ANTENNA_797/DIODE                       1.500000    2.920317   -1.420317 (VIOLATED)
ANTENNA_792/DIODE                       1.500000    2.920277   -1.420277 (VIOLATED)
ANTENNA__1705__A/DIODE                  1.500000    2.920249   -1.420249 (VIOLATED)
_1705_/A                                1.500000    2.920225   -1.420225 (VIOLATED)
ANTENNA_790/DIODE                       1.500000    2.920193   -1.420193 (VIOLATED)
ANTENNA_794/DIODE                       1.500000    2.920087   -1.420087 (VIOLATED)
ANTENNA_791/DIODE                       1.500000    2.920085   -1.420085 (VIOLATED)
ANTENNA_789/DIODE                       1.500000    2.920082   -1.420082 (VIOLATED)
ANTENNA_788/DIODE                       1.500000    2.920068   -1.420068 (VIOLATED)
hold484/X                               1.495067    2.889463   -1.394396 (VIOLATED)
ANTENNA_765/DIODE                       1.500000    2.889674   -1.389674 (VIOLATED)
ANTENNA_760/DIODE                       1.500000    2.889653   -1.389653 (VIOLATED)
ANTENNA_764/DIODE                       1.500000    2.889633   -1.389633 (VIOLATED)
ANTENNA_756/DIODE                       1.500000    2.889598   -1.389598 (VIOLATED)
ANTENNA_755/DIODE                       1.500000    2.889590   -1.389590 (VIOLATED)
ANTENNA_757/DIODE                       1.500000    2.889590   -1.389590 (VIOLATED)
ANTENNA_759/DIODE                       1.500000    2.889590   -1.389590 (VIOLATED)
ANTENNA_762/DIODE                       1.500000    2.889590   -1.389590 (VIOLATED)
ANTENNA_763/DIODE                       1.500000    2.889590   -1.389590 (VIOLATED)
ANTENNA_758/DIODE                       1.500000    2.889580   -1.389580 (VIOLATED)
ANTENNA_761/DIODE                       1.500000    2.889564   -1.389564 (VIOLATED)
ANTENNA_787/DIODE                       1.500000    2.889504   -1.389504 (VIOLATED)
ANTENNA_785/DIODE                       1.500000    2.889494   -1.389494 (VIOLATED)
ANTENNA_783/DIODE                       1.500000    2.889486   -1.389486 (VIOLATED)
ANTENNA_781/DIODE                       1.500000    2.889478   -1.389479 (VIOLATED)
ANTENNA_779/DIODE                       1.500000    2.889473   -1.389473 (VIOLATED)
ANTENNA_777/DIODE                       1.500000    2.889468   -1.389468 (VIOLATED)
ANTENNA_778/DIODE                       1.500000    2.889463   -1.389463 (VIOLATED)
ANTENNA_780/DIODE                       1.500000    2.889463   -1.389463 (VIOLATED)
ANTENNA_782/DIODE                       1.500000    2.889463   -1.389463 (VIOLATED)
ANTENNA_784/DIODE                       1.500000    2.889463   -1.389463 (VIOLATED)
ANTENNA_786/DIODE                       1.500000    2.889463   -1.389463 (VIOLATED)
ANTENNA_hold484_X/DIODE                 1.500000    2.889463   -1.389463 (VIOLATED)
ANTENNA_671/DIODE                       1.500000    2.632544   -1.132544 (VIOLATED)
ANTENNA_672/DIODE                       1.500000    2.632542   -1.132542 (VIOLATED)
ANTENNA_665/DIODE                       1.500000    2.632539   -1.132539 (VIOLATED)
ANTENNA_669/DIODE                       1.500000    2.632538   -1.132538 (VIOLATED)
ANTENNA_670/DIODE                       1.500000    2.632539   -1.132539 (VIOLATED)
ANTENNA_664/DIODE                       1.500000    2.632534   -1.132534 (VIOLATED)
ANTENNA_668/DIODE                       1.500000    2.632530   -1.132530 (VIOLATED)
ANTENNA_663/DIODE                       1.500000    2.632526   -1.132526 (VIOLATED)
ANTENNA_667/DIODE                       1.500000    2.632523   -1.132523 (VIOLATED)
ANTENNA_650/DIODE                       1.500000    2.632509   -1.132509 (VIOLATED)
ANTENNA_666/DIODE                       1.500000    2.632508   -1.132508 (VIOLATED)
ANTENNA_649/DIODE                       1.500000    2.632484   -1.132484 (VIOLATED)
ANTENNA_648/DIODE                       1.500000    2.632442   -1.132442 (VIOLATED)
ANTENNA_685/DIODE                       1.500000    2.632438   -1.132438 (VIOLATED)
ANTENNA_684/DIODE                       1.500000    2.632436   -1.132436 (VIOLATED)
ANTENNA_686/DIODE                       1.500000    2.632430   -1.132430 (VIOLATED)
ANTENNA_687/DIODE                       1.500000    2.632423   -1.132423 (VIOLATED)
ANTENNA_647/DIODE                       1.500000    2.632307   -1.132307 (VIOLATED)
ANTENNA_646/DIODE                       1.500000    2.632289   -1.132289 (VIOLATED)
ANTENNA_645/DIODE                       1.500000    2.632254   -1.132254 (VIOLATED)
ANTENNA_644/DIODE                       1.500000    2.632238   -1.132238 (VIOLATED)
ANTENNA_643/DIODE                       1.500000    2.632218   -1.132218 (VIOLATED)
ANTENNA_642/DIODE                       1.500000    2.632148   -1.132148 (VIOLATED)
ANTENNA_640/DIODE                       1.500000    2.632073   -1.132073 (VIOLATED)
ANTENNA__1702__A/DIODE                  1.500000    2.632031   -1.132031 (VIOLATED)
_1702_/A                                1.500000    2.631933   -1.131933 (VIOLATED)
ANTENNA_641/DIODE                       1.500000    2.631642   -1.131642 (VIOLATED)
ANTENNA_662/DIODE                       1.500000    2.631483   -1.131483 (VIOLATED)
hold364/X                               1.495067    2.611965   -1.116898 (VIOLATED)
ANTENNA_680/DIODE                       1.500000    2.612227   -1.112227 (VIOLATED)
ANTENNA_681/DIODE                       1.500000    2.612211   -1.112211 (VIOLATED)
ANTENNA_679/DIODE                       1.500000    2.612178   -1.112178 (VIOLATED)
ANTENNA_661/DIODE                       1.500000    2.612139   -1.112139 (VIOLATED)
ANTENNA_656/DIODE                       1.500000    2.612129   -1.112129 (VIOLATED)
ANTENNA_657/DIODE                       1.500000    2.612128   -1.112129 (VIOLATED)
ANTENNA_659/DIODE                       1.500000    2.612128   -1.112128 (VIOLATED)
ANTENNA_677/DIODE                       1.500000    2.612129   -1.112129 (VIOLATED)
ANTENNA_673/DIODE                       1.500000    2.612120   -1.112120 (VIOLATED)
ANTENNA_676/DIODE                       1.500000    2.612102   -1.112102 (VIOLATED)
ANTENNA_658/DIODE                       1.500000    2.612072   -1.112072 (VIOLATED)
ANTENNA_651/DIODE                       1.500000    2.612065   -1.112065 (VIOLATED)
ANTENNA_652/DIODE                       1.500000    2.612065   -1.112065 (VIOLATED)
ANTENNA_653/DIODE                       1.500000    2.612065   -1.112065 (VIOLATED)
ANTENNA_654/DIODE                       1.500000    2.612065   -1.112065 (VIOLATED)
ANTENNA_655/DIODE                       1.500000    2.612065   -1.112065 (VIOLATED)
ANTENNA_678/DIODE                       1.500000    2.612058   -1.112058 (VIOLATED)
ANTENNA_682/DIODE                       1.500000    2.612059   -1.112059 (VIOLATED)
ANTENNA_683/DIODE                       1.500000    2.612059   -1.112059 (VIOLATED)
ANTENNA_660/DIODE                       1.500000    2.612057   -1.112057 (VIOLATED)
ANTENNA_674/DIODE                       1.500000    2.612049   -1.112049 (VIOLATED)
ANTENNA_675/DIODE                       1.500000    2.612028   -1.112028 (VIOLATED)
ANTENNA_hold364_X/DIODE                 1.500000    2.611965   -1.111965 (VIOLATED)
ANTENNA_877/DIODE                       1.500000    2.575619   -1.075619 (VIOLATED)
ANTENNA_864/DIODE                       1.500000    2.575616   -1.075616 (VIOLATED)
ANTENNA_872/DIODE                       1.500000    2.575616   -1.075616 (VIOLATED)
ANTENNA_887/DIODE                       1.500000    2.575617   -1.075617 (VIOLATED)
ANTENNA_886/DIODE                       1.500000    2.575613   -1.075614 (VIOLATED)
ANTENNA_888/DIODE                       1.500000    2.575613   -1.075613 (VIOLATED)
ANTENNA_861/DIODE                       1.500000    2.575611   -1.075611 (VIOLATED)
ANTENNA_863/DIODE                       1.500000    2.575612   -1.075612 (VIOLATED)
ANTENNA_871/DIODE                       1.500000    2.575610   -1.075610 (VIOLATED)
ANTENNA_862/DIODE                       1.500000    2.575608   -1.075608 (VIOLATED)
ANTENNA_885/DIODE                       1.500000    2.575596   -1.075596 (VIOLATED)
ANTENNA_878/DIODE                       1.500000    2.575594   -1.075594 (VIOLATED)
ANTENNA_880/DIODE                       1.500000    2.575593   -1.075593 (VIOLATED)
ANTENNA_879/DIODE                       1.500000    2.575591   -1.075591 (VIOLATED)
ANTENNA_869/DIODE                       1.500000    2.575371   -1.075371 (VIOLATED)
ANTENNA__1707__A/DIODE                  1.500000    2.575310   -1.075311 (VIOLATED)
ANTENNA_870/DIODE                       1.500000    2.575308   -1.075308 (VIOLATED)
_1707_/A                                1.500000    2.575174   -1.075174 (VIOLATED)
hold587/X                               1.495067    2.554184   -1.059117 (VIOLATED)
ANTENNA_892/DIODE                       1.500000    2.554381   -1.054381 (VIOLATED)
ANTENNA_882/DIODE                       1.500000    2.554358   -1.054358 (VIOLATED)
ANTENNA_874/DIODE                       1.500000    2.554348   -1.054348 (VIOLATED)
ANTENNA_873/DIODE                       1.500000    2.554330   -1.054330 (VIOLATED)
ANTENNA_868/DIODE                       1.500000    2.554299   -1.054299 (VIOLATED)
ANTENNA_865/DIODE                       1.500000    2.554291   -1.054292 (VIOLATED)
ANTENNA_866/DIODE                       1.500000    2.554291   -1.054292 (VIOLATED)
ANTENNA_867/DIODE                       1.500000    2.554291   -1.054292 (VIOLATED)
ANTENNA_876/DIODE                       1.500000    2.554292   -1.054292 (VIOLATED)
ANTENNA_881/DIODE                       1.500000    2.554292   -1.054292 (VIOLATED)
ANTENNA_883/DIODE                       1.500000    2.554292   -1.054292 (VIOLATED)
ANTENNA_890/DIODE                       1.500000    2.554292   -1.054292 (VIOLATED)
ANTENNA_891/DIODE                       1.500000    2.554292   -1.054292 (VIOLATED)
ANTENNA_884/DIODE                       1.500000    2.554283   -1.054283 (VIOLATED)
ANTENNA_875/DIODE                       1.500000    2.554263   -1.054263 (VIOLATED)
ANTENNA_889/DIODE                       1.500000    2.554250   -1.054250 (VIOLATED)
ANTENNA_hold587_X/DIODE                 1.500000    2.554184   -1.054184 (VIOLATED)
ANTENNA_723/DIODE                       1.500000    2.517407   -1.017407 (VIOLATED)
ANTENNA_731/DIODE                       1.500000    2.517408   -1.017408 (VIOLATED)
ANTENNA_728/DIODE                       1.500000    2.517405   -1.017405 (VIOLATED)
ANTENNA_729/DIODE                       1.500000    2.517401   -1.017401 (VIOLATED)
ANTENNA_730/DIODE                       1.500000    2.517399   -1.017399 (VIOLATED)
ANTENNA_722/DIODE                       1.500000    2.517370   -1.017370 (VIOLATED)
ANTENNA_726/DIODE                       1.500000    2.517367   -1.017367 (VIOLATED)
ANTENNA_732/DIODE                       1.500000    2.517366   -1.017366 (VIOLATED)
ANTENNA_707/DIODE                       1.500000    2.517364   -1.017364 (VIOLATED)
ANTENNA_702/DIODE                       1.500000    2.517357   -1.017357 (VIOLATED)
ANTENNA_705/DIODE                       1.500000    2.517350   -1.017350 (VIOLATED)
ANTENNA_701/DIODE                       1.500000    2.517286   -1.017286 (VIOLATED)
ANTENNA_700/DIODE                       1.500000    2.517277   -1.017277 (VIOLATED)
ANTENNA_703/DIODE                       1.500000    2.517239   -1.017239 (VIOLATED)
ANTENNA_725/DIODE                       1.500000    2.517228   -1.017228 (VIOLATED)
ANTENNA_727/DIODE                       1.500000    2.517228   -1.017228 (VIOLATED)
ANTENNA_724/DIODE                       1.500000    2.517227   -1.017227 (VIOLATED)
ANTENNA_710/DIODE                       1.500000    2.517225   -1.017225 (VIOLATED)
ANTENNA_706/DIODE                       1.500000    2.517221   -1.017221 (VIOLATED)
ANTENNA_704/DIODE                       1.500000    2.517217   -1.017217 (VIOLATED)
ANTENNA_709/DIODE                       1.500000    2.517205   -1.017205 (VIOLATED)
ANTENNA_708/DIODE                       1.500000    2.517152   -1.017152 (VIOLATED)
_1704_/A                                1.500000    2.516759   -1.016759 (VIOLATED)
ANTENNA__1704__A/DIODE                  1.500000    2.516755   -1.016755 (VIOLATED)
hold464/X                               1.495067    2.496300   -1.001233 (VIOLATED)
ANTENNA_717/DIODE                       1.500000    2.496474   -0.996474 (VIOLATED)
ANTENNA_716/DIODE                       1.500000    2.496456   -0.996456 (VIOLATED)
ANTENNA_711/DIODE                       1.500000    2.496428   -0.996428 (VIOLATED)
ANTENNA_713/DIODE                       1.500000    2.496421   -0.996421 (VIOLATED)
ANTENNA_715/DIODE                       1.500000    2.496421   -0.996421 (VIOLATED)
ANTENNA_719/DIODE                       1.500000    2.496421   -0.996421 (VIOLATED)
ANTENNA_721/DIODE                       1.500000    2.496421   -0.996421 (VIOLATED)
ANTENNA_712/DIODE                       1.500000    2.496413   -0.996413 (VIOLATED)
ANTENNA_714/DIODE                       1.500000    2.496405   -0.996405 (VIOLATED)
ANTENNA_718/DIODE                       1.500000    2.496397   -0.996397 (VIOLATED)
ANTENNA_720/DIODE                       1.500000    2.496383   -0.996383 (VIOLATED)
ANTENNA_743/DIODE                       1.500000    2.496322   -0.996322 (VIOLATED)
ANTENNA_741/DIODE                       1.500000    2.496316   -0.996316 (VIOLATED)
ANTENNA_739/DIODE                       1.500000    2.496310   -0.996310 (VIOLATED)
ANTENNA_737/DIODE                       1.500000    2.496305   -0.996305 (VIOLATED)
ANTENNA_733/DIODE                       1.500000    2.496300   -0.996300 (VIOLATED)
ANTENNA_734/DIODE                       1.500000    2.496300   -0.996300 (VIOLATED)
ANTENNA_735/DIODE                       1.500000    2.496300   -0.996300 (VIOLATED)
ANTENNA_736/DIODE                       1.500000    2.496300   -0.996300 (VIOLATED)
ANTENNA_738/DIODE                       1.500000    2.496300   -0.996300 (VIOLATED)
ANTENNA_740/DIODE                       1.500000    2.496300   -0.996300 (VIOLATED)
ANTENNA_742/DIODE                       1.500000    2.496300   -0.996300 (VIOLATED)
ANTENNA_hold464_X/DIODE                 1.500000    2.496300   -0.996300 (VIOLATED)
output226/A                             1.500000    2.346217   -0.846217 (VIOLATED)
ANTENNA_output226_A/DIODE               1.500000    2.346197   -0.846197 (VIOLATED)
ANTENNA_544/DIODE                       1.500000    2.329688   -0.829688 (VIOLATED)
ANTENNA_543/DIODE                       1.500000    2.329683   -0.829683 (VIOLATED)
ANTENNA_541/DIODE                       1.500000    2.329681   -0.829681 (VIOLATED)
ANTENNA_537/DIODE                       1.500000    2.329679   -0.829679 (VIOLATED)
ANTENNA_538/DIODE                       1.500000    2.329677   -0.829677 (VIOLATED)
ANTENNA_542/DIODE                       1.500000    2.329676   -0.829676 (VIOLATED)
ANTENNA_540/DIODE                       1.500000    2.329661   -0.829661 (VIOLATED)
ANTENNA_539/DIODE                       1.500000    2.329660   -0.829661 (VIOLATED)
ANTENNA_536/DIODE                       1.500000    2.329657   -0.829657 (VIOLATED)
ANTENNA_526/DIODE                       1.500000    2.329562   -0.829562 (VIOLATED)
ANTENNA_524/DIODE                       1.500000    2.329548   -0.829548 (VIOLATED)
ANTENNA_523/DIODE                       1.500000    2.329531   -0.829531 (VIOLATED)
ANTENNA_521/DIODE                       1.500000    2.329512   -0.829512 (VIOLATED)
ANTENNA_555/DIODE                       1.500000    2.329505   -0.829505 (VIOLATED)
ANTENNA_519/DIODE                       1.500000    2.329492   -0.829492 (VIOLATED)
ANTENNA_554/DIODE                       1.500000    2.329481   -0.829481 (VIOLATED)
ANTENNA__1681__A/DIODE                  1.500000    2.329481   -0.829481 (VIOLATED)
_1681_/A                                1.500000    2.329462   -0.829462 (VIOLATED)
ANTENNA_556/DIODE                       1.500000    2.329455   -0.829455 (VIOLATED)
ANTENNA_518/DIODE                       1.500000    2.329437   -0.829437 (VIOLATED)
ANTENNA_557/DIODE                       1.500000    2.329422   -0.829422 (VIOLATED)
ANTENNA_520/DIODE                       1.500000    2.329402   -0.829403 (VIOLATED)
ANTENNA_522/DIODE                       1.500000    2.329371   -0.829371 (VIOLATED)
ANTENNA_525/DIODE                       1.500000    2.329280   -0.829280 (VIOLATED)
hold239/X                               1.495067    2.315900   -0.820833 (VIOLATED)
ANTENNA_550/DIODE                       1.500000    2.315928   -0.815928 (VIOLATED)
ANTENNA_552/DIODE                       1.500000    2.315908   -0.815908 (VIOLATED)
ANTENNA_528/DIODE                       1.500000    2.315905   -0.815905 (VIOLATED)
ANTENNA_551/DIODE                       1.500000    2.315904   -0.815904 (VIOLATED)
ANTENNA_527/DIODE                       1.500000    2.315903   -0.815904 (VIOLATED)
ANTENNA_529/DIODE                       1.500000    2.315904   -0.815904 (VIOLATED)
ANTENNA_530/DIODE                       1.500000    2.315904   -0.815904 (VIOLATED)
ANTENNA_535/DIODE                       1.500000    2.315905   -0.815905 (VIOLATED)
ANTENNA_531/DIODE                       1.500000    2.315904   -0.815904 (VIOLATED)
ANTENNA_532/DIODE                       1.500000    2.315904   -0.815904 (VIOLATED)
ANTENNA_533/DIODE                       1.500000    2.315905   -0.815905 (VIOLATED)
ANTENNA_534/DIODE                       1.500000    2.315905   -0.815905 (VIOLATED)
ANTENNA_545/DIODE                       1.500000    2.315903   -0.815903 (VIOLATED)
ANTENNA_546/DIODE                       1.500000    2.315904   -0.815904 (VIOLATED)
ANTENNA_547/DIODE                       1.500000    2.315904   -0.815904 (VIOLATED)
ANTENNA_549/DIODE                       1.500000    2.315903   -0.815904 (VIOLATED)
ANTENNA_553/DIODE                       1.500000    2.315904   -0.815904 (VIOLATED)
ANTENNA_hold239_X/DIODE                 1.500000    2.315904   -0.815904 (VIOLATED)
ANTENNA_548/DIODE                       1.500000    2.315900   -0.815901 (VIOLATED)
ANTENNA_1220/DIODE                      1.500000    2.291031   -0.791031 (VIOLATED)
ANTENNA_1224/DIODE                      1.500000    2.291031   -0.791031 (VIOLATED)
ANTENNA_1219/DIODE                      1.500000    2.291030   -0.791030 (VIOLATED)
ANTENNA_1223/DIODE                      1.500000    2.290983   -0.790983 (VIOLATED)
ANTENNA_637/DIODE                       1.500000    2.290977   -0.790978 (VIOLATED)
ANTENNA_633/DIODE                       1.500000    2.290969   -0.790970 (VIOLATED)
ANTENNA_632/DIODE                       1.500000    2.290964   -0.790964 (VIOLATED)
ANTENNA_1217/DIODE                      1.500000    2.290953   -0.790953 (VIOLATED)
ANTENNA_636/DIODE                       1.500000    2.290946   -0.790946 (VIOLATED)
ANTENNA_1215/DIODE                      1.500000    2.290918   -0.790918 (VIOLATED)
ANTENNA__1685__A/DIODE                  1.500000    2.290691   -0.790691 (VIOLATED)
_1685_/A                                1.500000    2.290687   -0.790687 (VIOLATED)
hold354/X                               1.495067    2.276878   -0.781811 (VIOLATED)
ANTENNA_1218/DIODE                      1.500000    2.276883   -0.776883 (VIOLATED)
ANTENNA_1225/DIODE                      1.500000    2.276883   -0.776883 (VIOLATED)
ANTENNA_1226/DIODE                      1.500000    2.276883   -0.776883 (VIOLATED)
ANTENNA_638/DIODE                       1.500000    2.276883   -0.776883 (VIOLATED)
ANTENNA_639/DIODE                       1.500000    2.276883   -0.776883 (VIOLATED)
ANTENNA_hold354_X/DIODE                 1.500000    2.276882   -0.776883 (VIOLATED)
ANTENNA_1216/DIODE                      1.500000    2.276878   -0.776878 (VIOLATED)
ANTENNA_1221/DIODE                      1.500000    2.276878   -0.776878 (VIOLATED)
ANTENNA_1222/DIODE                      1.500000    2.276878   -0.776878 (VIOLATED)
ANTENNA_634/DIODE                       1.500000    2.276878   -0.776878 (VIOLATED)
ANTENNA_635/DIODE                       1.500000    2.276878   -0.776878 (VIOLATED)
ANTENNA_422/DIODE                       1.500000    2.118274   -0.618274 (VIOLATED)
ANTENNA_421/DIODE                       1.500000    2.118273   -0.618273 (VIOLATED)
ANTENNA_414/DIODE                       1.500000    2.118270   -0.618270 (VIOLATED)
ANTENNA_413/DIODE                       1.500000    2.118267   -0.618267 (VIOLATED)
ANTENNA__1682__A/DIODE                  1.500000    2.118262   -0.618262 (VIOLATED)
_1682_/A                                1.500000    2.118256   -0.618256 (VIOLATED)
ANTENNA_409/DIODE                       1.500000    2.118247   -0.618247 (VIOLATED)
ANTENNA_410/DIODE                       1.500000    2.118237   -0.618237 (VIOLATED)
ANTENNA_417/DIODE                       1.500000    2.118221   -0.618221 (VIOLATED)
ANTENNA_418/DIODE                       1.500000    2.118199   -0.618199 (VIOLATED)
ANTENNA_608/DIODE                       1.500000    2.116751   -0.616751 (VIOLATED)
ANTENNA_600/DIODE                       1.500000    2.116749   -0.616749 (VIOLATED)
ANTENNA_607/DIODE                       1.500000    2.116747   -0.616747 (VIOLATED)
ANTENNA_611/DIODE                       1.500000    2.116699   -0.616699 (VIOLATED)
ANTENNA_603/DIODE                       1.500000    2.116690   -0.616691 (VIOLATED)
ANTENNA_615/DIODE                       1.500000    2.116685   -0.616685 (VIOLATED)
ANTENNA__1684__A/DIODE                  1.500000    2.116682   -0.616682 (VIOLATED)
_1684_/A                                1.500000    2.116676   -0.616676 (VIOLATED)
ANTENNA_604/DIODE                       1.500000    2.116657   -0.616657 (VIOLATED)
ANTENNA_612/DIODE                       1.500000    2.116641   -0.616641 (VIOLATED)
ANTENNA_599/DIODE                       1.500000    2.116591   -0.616591 (VIOLATED)
hold140/X                               1.495067    2.106438   -0.611371 (VIOLATED)
hold340/X                               1.495067    2.105609   -0.610543 (VIOLATED)
ANTENNA_423/DIODE                       1.500000    2.106444   -0.606444 (VIOLATED)
ANTENNA_411/DIODE                       1.500000    2.106438   -0.606438 (VIOLATED)
ANTENNA_412/DIODE                       1.500000    2.106438   -0.606438 (VIOLATED)
ANTENNA_415/DIODE                       1.500000    2.106438   -0.606438 (VIOLATED)
ANTENNA_416/DIODE                       1.500000    2.106438   -0.606438 (VIOLATED)
ANTENNA_419/DIODE                       1.500000    2.106438   -0.606438 (VIOLATED)
ANTENNA_420/DIODE                       1.500000    2.106438   -0.606438 (VIOLATED)
ANTENNA_424/DIODE                       1.500000    2.106438   -0.606438 (VIOLATED)
ANTENNA_hold140_X/DIODE                 1.500000    2.106438   -0.606438 (VIOLATED)
ANTENNA_606/DIODE                       1.500000    2.105656   -0.605656 (VIOLATED)
ANTENNA_614/DIODE                       1.500000    2.105640   -0.605640 (VIOLATED)
ANTENNA_hold340_X/DIODE                 1.500000    2.105629   -0.605629 (VIOLATED)
ANTENNA_613/DIODE                       1.500000    2.105626   -0.605626 (VIOLATED)
ANTENNA_605/DIODE                       1.500000    2.105621   -0.605621 (VIOLATED)
ANTENNA_601/DIODE                       1.500000    2.105612   -0.605612 (VIOLATED)
ANTENNA_602/DIODE                       1.500000    2.105613   -0.605612 (VIOLATED)
ANTENNA_609/DIODE                       1.500000    2.105613   -0.605613 (VIOLATED)
ANTENNA_610/DIODE                       1.500000    2.105613   -0.605613 (VIOLATED)
ANTENNA_mprj.team_00_Wrapper.team_00_WB.instance_to_wrap_gpio_out[26]/DIODE    1.500000    2.056271   -0.556271 (VIOLATED)
mprj.team_00_Wrapper.team_00_WB.instance_to_wrap/gpio_out[26]    1.500000    2.056271   -0.556271 (VIOLATED)
_1710_/A                                1.500000    2.016492   -0.516492 (VIOLATED)
ANTENNA__1710__A/DIODE                  1.500000    2.016489   -0.516489 (VIOLATED)
hold116/X                               1.495067    1.999732   -0.504665 (VIOLATED)
ANTENNA__1178__A/DIODE                  1.500000    1.999791   -0.499791 (VIOLATED)
_1178_/A                                1.500000    1.999790   -0.499790 (VIOLATED)
ANTENNA_hold116_X/DIODE                 1.500000    1.999734   -0.499734 (VIOLATED)
hold91/X                                1.495067    1.958359   -0.463292 (VIOLATED)
ANTENNA__1686__A/DIODE                  1.500000    1.958735   -0.458735 (VIOLATED)
_1686_/A                                1.500000    1.958735   -0.458735 (VIOLATED)
ANTENNA_hold91_X/DIODE                  1.500000    1.958364   -0.458364 (VIOLATED)
ANTENNA_454/DIODE                       1.500000    1.891072   -0.391072 (VIOLATED)
ANTENNA_450/DIODE                       1.500000    1.891071   -0.391071 (VIOLATED)
ANTENNA_449/DIODE                       1.500000    1.891066   -0.391066 (VIOLATED)
ANTENNA_446/DIODE                       1.500000    1.891063   -0.391063 (VIOLATED)
ANTENNA_441/DIODE                       1.500000    1.891058   -0.391058 (VIOLATED)
_1689_/A                                1.500000    1.891054   -0.391054 (VIOLATED)
ANTENNA__1689__A/DIODE                  1.500000    1.891046   -0.391046 (VIOLATED)
ANTENNA_442/DIODE                       1.500000    1.891037   -0.391037 (VIOLATED)
ANTENNA_445/DIODE                       1.500000    1.891018   -0.391018 (VIOLATED)
ANTENNA_453/DIODE                       1.500000    1.890985   -0.390985 (VIOLATED)
hold159/X                               1.495067    1.882470   -0.387403 (VIOLATED)
ANTENNA_443/DIODE                       1.500000    1.882470   -0.382470 (VIOLATED)
ANTENNA_444/DIODE                       1.500000    1.882470   -0.382470 (VIOLATED)
ANTENNA_447/DIODE                       1.500000    1.882470   -0.382470 (VIOLATED)
ANTENNA_448/DIODE                       1.500000    1.882470   -0.382470 (VIOLATED)
ANTENNA_451/DIODE                       1.500000    1.882470   -0.382470 (VIOLATED)
ANTENNA_452/DIODE                       1.500000    1.882470   -0.382470 (VIOLATED)
ANTENNA_455/DIODE                       1.500000    1.882470   -0.382470 (VIOLATED)
ANTENNA_456/DIODE                       1.500000    1.882470   -0.382470 (VIOLATED)
ANTENNA_hold159_X/DIODE                 1.500000    1.882470   -0.382470 (VIOLATED)
ANTENNA_mprj.team_00_Wrapper.team_00_WB.instance_to_wrap_en/DIODE    1.500000    1.835603   -0.335603 (VIOLATED)
mprj.team_00_Wrapper.team_00_WB.instance_to_wrap/en    1.500000    1.835583   -0.335583 (VIOLATED)
output191/A                             1.500000    1.786821   -0.286821 (VIOLATED)
ANTENNA_output191_A/DIODE               1.500000    1.786783   -0.286783 (VIOLATED)
ANTENNA_189/DIODE                       1.500000    1.786692   -0.286692 (VIOLATED)
ANTENNA_373/DIODE                       1.500000    1.785693   -0.285693 (VIOLATED)
ANTENNA_372/DIODE                       1.500000    1.785692   -0.285692 (VIOLATED)
ANTENNA_371/DIODE                       1.500000    1.785690   -0.285690 (VIOLATED)
ANTENNA_370/DIODE                       1.500000    1.785688   -0.285688 (VIOLATED)
ANTENNA_369/DIODE                       1.500000    1.785684   -0.285684 (VIOLATED)
ANTENNA_366/DIODE                       1.500000    1.785680   -0.285680 (VIOLATED)
ANTENNA_365/DIODE                       1.500000    1.785674   -0.285674 (VIOLATED)
ANTENNA_355/DIODE                       1.500000    1.785668   -0.285668 (VIOLATED)
ANTENNA_353/DIODE                       1.500000    1.785660   -0.285660 (VIOLATED)
ANTENNA_383/DIODE                       1.500000    1.785655   -0.285655 (VIOLATED)
ANTENNA_385/DIODE                       1.500000    1.785655   -0.285655 (VIOLATED)
ANTENNA_351/DIODE                       1.500000    1.785652   -0.285652 (VIOLATED)
ANTENNA_386/DIODE                       1.500000    1.785651   -0.285651 (VIOLATED)
ANTENNA_349/DIODE                       1.500000    1.785638   -0.285638 (VIOLATED)
ANTENNA__1690__A/DIODE                  1.500000    1.785623   -0.285623 (VIOLATED)
_1690_/A                                1.500000    1.785599   -0.285599 (VIOLATED)
ANTENNA_348/DIODE                       1.500000    1.785572   -0.285572 (VIOLATED)
ANTENNA_352/DIODE                       1.500000    1.785556   -0.285556 (VIOLATED)
ANTENNA_350/DIODE                       1.500000    1.785555   -0.285555 (VIOLATED)
ANTENNA_347/DIODE                       1.500000    1.785534   -0.285534 (VIOLATED)
ANTENNA_367/DIODE                       1.500000    1.785495   -0.285495 (VIOLATED)
ANTENNA_384/DIODE                       1.500000    1.785475   -0.285475 (VIOLATED)
ANTENNA_354/DIODE                       1.500000    1.785342   -0.285343 (VIOLATED)
ANTENNA_368/DIODE                       1.500000    1.785315   -0.285315 (VIOLATED)
hold132/X                               1.495067    1.777942   -0.282875 (VIOLATED)
ANTENNA_363/DIODE                       1.500000    1.777986   -0.277986 (VIOLATED)
ANTENNA_359/DIODE                       1.500000    1.777977   -0.277977 (VIOLATED)
ANTENNA_381/DIODE                       1.500000    1.777963   -0.277963 (VIOLATED)
ANTENNA_377/DIODE                       1.500000    1.777960   -0.277960 (VIOLATED)
ANTENNA_362/DIODE                       1.500000    1.777958   -0.277958 (VIOLATED)
ANTENNA_357/DIODE                       1.500000    1.777955   -0.277955 (VIOLATED)
ANTENNA_361/DIODE                       1.500000    1.777950   -0.277950 (VIOLATED)
ANTENNA_378/DIODE                       1.500000    1.777945   -0.277945 (VIOLATED)
ANTENNA_356/DIODE                       1.500000    1.777942   -0.277942 (VIOLATED)
ANTENNA_358/DIODE                       1.500000    1.777942   -0.277942 (VIOLATED)
ANTENNA_360/DIODE                       1.500000    1.777942   -0.277942 (VIOLATED)
ANTENNA_364/DIODE                       1.500000    1.777942   -0.277942 (VIOLATED)
ANTENNA_374/DIODE                       1.500000    1.777942   -0.277942 (VIOLATED)
ANTENNA_375/DIODE                       1.500000    1.777942   -0.277942 (VIOLATED)
ANTENNA_376/DIODE                       1.500000    1.777942   -0.277942 (VIOLATED)
ANTENNA_379/DIODE                       1.500000    1.777942   -0.277942 (VIOLATED)
ANTENNA_380/DIODE                       1.500000    1.777942   -0.277942 (VIOLATED)
ANTENNA_382/DIODE                       1.500000    1.777942   -0.277942 (VIOLATED)
ANTENNA_hold132_X/DIODE                 1.500000    1.777942   -0.277942 (VIOLATED)
output225/A                             1.500000    1.749503   -0.249503 (VIOLATED)
ANTENNA_output225_A/DIODE               1.500000    1.749483   -0.249483 (VIOLATED)
ANTENNA_mprj.team_00_Wrapper.team_00_WB.instance_to_wrap_gpio_out[25]/DIODE    1.500000    1.642220   -0.142220 (VIOLATED)
mprj.team_00_Wrapper.team_00_WB.instance_to_wrap/gpio_out[25]    1.500000    1.642220   -0.142220 (VIOLATED)
ANTENNA_mprj.team_00_Wrapper.team_00_WB.instance_to_wrap_gpio_oeb[25]/DIODE    1.500000    1.639784   -0.139785 (VIOLATED)
mprj.team_00_Wrapper.team_00_WB.instance_to_wrap/gpio_oeb[25]    1.500000    1.639782   -0.139782 (VIOLATED)
output223/A                             1.500000    1.585549   -0.085549 (VIOLATED)
ANTENNA_output223_A/DIODE               1.500000    1.585494   -0.085494 (VIOLATED)
ANTENNA_475/DIODE                       1.500000    1.584855   -0.084855 (VIOLATED)
ANTENNA_474/DIODE                       1.500000    1.584853   -0.084853 (VIOLATED)
ANTENNA_472/DIODE                       1.500000    1.584853   -0.084853 (VIOLATED)
ANTENNA_470/DIODE                       1.500000    1.584853   -0.084853 (VIOLATED)
ANTENNA_471/DIODE                       1.500000    1.584851   -0.084851 (VIOLATED)
ANTENNA_473/DIODE                       1.500000    1.584845   -0.084845 (VIOLATED)
ANTENNA_487/DIODE                       1.500000    1.584834   -0.084834 (VIOLATED)
ANTENNA_486/DIODE                       1.500000    1.584827   -0.084827 (VIOLATED)
ANTENNA_485/DIODE                       1.500000    1.584819   -0.084819 (VIOLATED)
ANTENNA_484/DIODE                       1.500000    1.584805   -0.084805 (VIOLATED)
ANTENNA_483/DIODE                       1.500000    1.584790   -0.084790 (VIOLATED)
ANTENNA_482/DIODE                       1.500000    1.584779   -0.084779 (VIOLATED)
ANTENNA__1678__A/DIODE                  1.500000    1.584729   -0.084729 (VIOLATED)
_1678_/A                                1.500000    1.584719   -0.084719 (VIOLATED)
hold215/X                               1.495067    1.578483   -0.083416 (VIOLATED)
output189/A                             1.500000    1.583229   -0.083229 (VIOLATED)
ANTENNA_output189_A/DIODE               1.500000    1.583165   -0.083165 (VIOLATED)
ANTENNA_477/DIODE                       1.500000    1.578587   -0.078587 (VIOLATED)
ANTENNA_480/DIODE                       1.500000    1.578587   -0.078587 (VIOLATED)
ANTENNA_481/DIODE                       1.500000    1.578586   -0.078586 (VIOLATED)
ANTENNA_478/DIODE                       1.500000    1.578561   -0.078561 (VIOLATED)
ANTENNA_476/DIODE                       1.500000    1.578552   -0.078552 (VIOLATED)
ANTENNA_479/DIODE                       1.500000    1.578537   -0.078537 (VIOLATED)
ANTENNA_490/DIODE                       1.500000    1.578493   -0.078493 (VIOLATED)
ANTENNA_492/DIODE                       1.500000    1.578488   -0.078488 (VIOLATED)
ANTENNA_488/DIODE                       1.500000    1.578483   -0.078483 (VIOLATED)
ANTENNA_489/DIODE                       1.500000    1.578483   -0.078483 (VIOLATED)
ANTENNA_491/DIODE                       1.500000    1.578483   -0.078483 (VIOLATED)
ANTENNA_493/DIODE                       1.500000    1.578483   -0.078483 (VIOLATED)
ANTENNA_hold215_X/DIODE                 1.500000    1.578483   -0.078483 (VIOLATED)
output205/A                             1.500000    1.548720   -0.048720 (VIOLATED)
ANTENNA_191/DIODE                       1.500000    1.548698   -0.048698 (VIOLATED)
ANTENNA_output205_A/DIODE               1.500000    1.548685   -0.048685 (VIOLATED)
output192/A                             1.500000    1.502789   -0.002789 (VIOLATED)
ANTENNA_output192_A/DIODE               1.500000    1.502753   -0.002753 (VIOLATED)
ANTENNA_1124/DIODE                      1.500000    1.502678   -0.002678 (VIOLATED)
ANTENNA_1129/DIODE                      1.500000    1.502660   -0.002660 (VIOLATED)
ANTENNA_1127/DIODE                      1.500000    1.502656   -0.002656 (VIOLATED)
ANTENNA_1128/DIODE                      1.500000    1.502569   -0.002569 (VIOLATED)
ANTENNA_1126/DIODE                      1.500000    1.502533   -0.002533 (VIOLATED)
ANTENNA_1125/DIODE                      1.500000    1.502527   -0.002528 (VIOLATED)
ANTENNA_mprj.team_00_Wrapper.team_00_WB.instance_to_wrap_gpio_oeb[23]/DIODE    1.500000    1.501871   -0.001871 (VIOLATED)
mprj.team_00_Wrapper.team_00_WB.instance_to_wrap/gpio_oeb[23]    1.500000    1.501852   -0.001852 (VIOLATED)

max fanout

Pin                                   Limit Fanout  Slack
---------------------------------------------------------
hold532/X                                10     89    -79 (VIOLATED)
hold56/X                                 10     70    -60 (VIOLATED)
input168/X                               10     63    -53 (VIOLATED)
hold484/X                                10     57    -47 (VIOLATED)
hold229/X                                10     55    -45 (VIOLATED)
hold364/X                                10     51    -41 (VIOLATED)
hold299/X                                10     49    -39 (VIOLATED)
_2229_/Q                                 10     47    -37 (VIOLATED)
hold464/X                                10     47    -37 (VIOLATED)
input167/X                               10     47    -37 (VIOLATED)
hold553/X                                10     46    -36 (VIOLATED)
hold132/X                                10     43    -33 (VIOLATED)
hold239/X                                10     43    -33 (VIOLATED)
_2225_/Q                                 10     42    -32 (VIOLATED)
_2232_/Q                                 10     39    -29 (VIOLATED)
clkbuf_3_0_0_wb_clk_i_regs/X             10     39    -29 (VIOLATED)
clkbuf_3_2_0_wb_clk_i_regs/X             10     39    -29 (VIOLATED)
hold587/X                                10     35    -25 (VIOLATED)
hold241/X                                10     33    -23 (VIOLATED)
clkbuf_3_7_0_wb_clk_i_regs/X             10     30    -20 (VIOLATED)
hold411/X                                10     29    -19 (VIOLATED)
input165/X                               10     29    -19 (VIOLATED)
clkbuf_3_1_0_wb_clk_i_regs/X             10     27    -17 (VIOLATED)
clkbuf_3_3_0_wb_clk_i_regs/X             10     27    -17 (VIOLATED)
hold135/X                                10     27    -17 (VIOLATED)
hold215/X                                10     27    -17 (VIOLATED)
input166/X                               10     27    -17 (VIOLATED)
clkbuf_3_6_0_wb_clk_i_regs/X             10     25    -15 (VIOLATED)
wire421/X                                10     25    -15 (VIOLATED)
clkbuf_3_4_0_wb_clk_i_regs/X             10     23    -13 (VIOLATED)
fanout364/X                              10     23    -13 (VIOLATED)
fanout366/X                              10     23    -13 (VIOLATED)
hold354/X                                10     23    -13 (VIOLATED)
fanout312/X                              10     22    -12 (VIOLATED)
fanout349/X                              10     22    -12 (VIOLATED)
fanout383/X                              10     22    -12 (VIOLATED)
fanout422/X                              10     22    -12 (VIOLATED)
fanout304/X                              10     21    -11 (VIOLATED)
fanout307/X                              10     21    -11 (VIOLATED)
fanout308/X                              10     21    -11 (VIOLATED)
fanout314/X                              10     21    -11 (VIOLATED)
fanout316/X                              10     21    -11 (VIOLATED)
fanout318/X                              10     21    -11 (VIOLATED)
fanout320/X                              10     21    -11 (VIOLATED)
fanout322/X                              10     21    -11 (VIOLATED)
fanout326/X                              10     21    -11 (VIOLATED)
fanout328/X                              10     21    -11 (VIOLATED)
fanout330/X                              10     21    -11 (VIOLATED)
fanout332/X                              10     21    -11 (VIOLATED)
fanout335/X                              10     21    -11 (VIOLATED)
fanout336/X                              10     21    -11 (VIOLATED)
fanout338/X                              10     21    -11 (VIOLATED)
fanout339/X                              10     21    -11 (VIOLATED)
fanout342/X                              10     21    -11 (VIOLATED)
fanout343/X                              10     21    -11 (VIOLATED)
fanout344/X                              10     21    -11 (VIOLATED)
fanout346/X                              10     21    -11 (VIOLATED)
fanout347/X                              10     21    -11 (VIOLATED)
fanout348/X                              10     21    -11 (VIOLATED)
fanout351/X                              10     21    -11 (VIOLATED)
fanout354/X                              10     21    -11 (VIOLATED)
fanout356/X                              10     21    -11 (VIOLATED)
fanout359/X                              10     21    -11 (VIOLATED)
fanout361/X                              10     21    -11 (VIOLATED)
fanout363/X                              10     21    -11 (VIOLATED)
fanout365/X                              10     21    -11 (VIOLATED)
fanout368/X                              10     21    -11 (VIOLATED)
fanout369/X                              10     21    -11 (VIOLATED)
fanout371/X                              10     21    -11 (VIOLATED)
fanout373/X                              10     21    -11 (VIOLATED)
fanout374/X                              10     21    -11 (VIOLATED)
fanout376/X                              10     21    -11 (VIOLATED)
fanout378/X                              10     21    -11 (VIOLATED)
fanout379/X                              10     21    -11 (VIOLATED)
fanout381/X                              10     21    -11 (VIOLATED)
fanout382/X                              10     21    -11 (VIOLATED)
fanout385/X                              10     21    -11 (VIOLATED)
fanout387/X                              10     21    -11 (VIOLATED)
fanout388/X                              10     21    -11 (VIOLATED)
fanout392/X                              10     21    -11 (VIOLATED)
fanout393/X                              10     21    -11 (VIOLATED)
fanout394/X                              10     21    -11 (VIOLATED)
fanout395/X                              10     21    -11 (VIOLATED)
fanout420/X                              10     21    -11 (VIOLATED)
fanout424/X                              10     21    -11 (VIOLATED)
fanout425/X                              10     21    -11 (VIOLATED)
fanout426/X                              10     21    -11 (VIOLATED)
fanout427/X                              10     21    -11 (VIOLATED)
fanout428/X                              10     21    -11 (VIOLATED)
fanout430/X                              10     21    -11 (VIOLATED)
fanout433/X                              10     21    -11 (VIOLATED)
fanout436/X                              10     21    -11 (VIOLATED)
fanout438/X                              10     21    -11 (VIOLATED)
fanout441/X                              10     21    -11 (VIOLATED)
fanout442/X                              10     21    -11 (VIOLATED)
fanout444/X                              10     21    -11 (VIOLATED)
fanout446/X                              10     21    -11 (VIOLATED)
fanout447/X                              10     21    -11 (VIOLATED)
fanout448/X                              10     21    -11 (VIOLATED)
fanout449/X                              10     21    -11 (VIOLATED)
fanout454/X                              10     21    -11 (VIOLATED)
hold172/X                                10     21    -11 (VIOLATED)
hold180/X                                10     21    -11 (VIOLATED)
hold190/X                                10     21    -11 (VIOLATED)
hold276/X                                10     21    -11 (VIOLATED)
hold47/X                                 10     21    -11 (VIOLATED)
hold618/X                                10     21    -11 (VIOLATED)
hold678/X                                10     21    -11 (VIOLATED)
hold76/X                                 10     21    -11 (VIOLATED)
fanout452/X                              10     20    -10 (VIOLATED)
hold340/X                                10     20    -10 (VIOLATED)
mprj.ffram/wbs_dat_o[29]                 10     20    -10 (VIOLATED)
_0972_/X                                 10     19     -9 (VIOLATED)
_1170_/X                                 10     19     -9 (VIOLATED)
fanout367/X                              10     19     -9 (VIOLATED)
fanout372/X                              10     19     -9 (VIOLATED)
fanout434/X                              10     19     -9 (VIOLATED)
hold140/X                                10     19     -9 (VIOLATED)
hold159/X                                10     19     -9 (VIOLATED)
hold184/X                                10     19     -9 (VIOLATED)
hold208/X                                10     19     -9 (VIOLATED)
hold350/X                                10     19     -9 (VIOLATED)
input127/X                               10     19     -9 (VIOLATED)
input157/X                               10     19     -9 (VIOLATED)
fanout315/X                              10     18     -8 (VIOLATED)
fanout345/X                              10     18     -8 (VIOLATED)
hold142/X                                10     18     -8 (VIOLATED)
hold846/X                                10     18     -8 (VIOLATED)
_0942_/Y                                 10     17     -7 (VIOLATED)
_1089_/Y                                 10     17     -7 (VIOLATED)
_1225_/X                                 10     17     -7 (VIOLATED)
fanout306/X                              10     17     -7 (VIOLATED)
fanout317/X                              10     17     -7 (VIOLATED)
fanout323/X                              10     17     -7 (VIOLATED)
fanout350/X                              10     17     -7 (VIOLATED)
fanout355/X                              10     17     -7 (VIOLATED)
fanout360/X                              10     17     -7 (VIOLATED)
fanout362/X                              10     17     -7 (VIOLATED)
fanout377/X                              10     17     -7 (VIOLATED)
fanout435/X                              10     17     -7 (VIOLATED)
fanout439/X                              10     17     -7 (VIOLATED)
fanout443/X                              10     17     -7 (VIOLATED)
fanout445/X                              10     17     -7 (VIOLATED)
fanout450/X                              10     17     -7 (VIOLATED)
hold124/X                                10     17     -7 (VIOLATED)
hold163/X                                10     17     -7 (VIOLATED)
hold202/X                                10     17     -7 (VIOLATED)
hold71/X                                 10     17     -7 (VIOLATED)
mprj.ffram/wbs_dat_o[14]                 10     17     -7 (VIOLATED)
mprj.ffram/wbs_dat_o[17]                 10     17     -7 (VIOLATED)
mprj.ffram/wbs_dat_o[22]                 10     17     -7 (VIOLATED)
mprj.ffram/wbs_dat_o[24]                 10     17     -7 (VIOLATED)
_1033_/Y                                 10     15     -5 (VIOLATED)
_1092_/X                                 10     15     -5 (VIOLATED)
_1349_/Y                                 10     15     -5 (VIOLATED)
_1406_/X                                 10     15     -5 (VIOLATED)
clkbuf_3_5_0_wb_clk_i_regs/X             10     15     -5 (VIOLATED)
fanout309/X                              10     15     -5 (VIOLATED)
fanout311/X                              10     15     -5 (VIOLATED)
fanout327/X                              10     15     -5 (VIOLATED)
fanout429/X                              10     15     -5 (VIOLATED)
fanout453/X                              10     15     -5 (VIOLATED)
hold16/X                                 10     15     -5 (VIOLATED)
hold168/X                                10     15     -5 (VIOLATED)
hold178/X                                10     15     -5 (VIOLATED)
hold217/X                                10     15     -5 (VIOLATED)
hold302/X                                10     15     -5 (VIOLATED)
hold306/X                                10     15     -5 (VIOLATED)
hold403/X                                10     15     -5 (VIOLATED)
hold53/X                                 10     15     -5 (VIOLATED)
hold691/X                                10     15     -5 (VIOLATED)
hold845/X                                10     15     -5 (VIOLATED)
hold878/X                                10     15     -5 (VIOLATED)
_1226_/X                                 10     14     -4 (VIOLATED)
_0950_/X                                 10     13     -3 (VIOLATED)
_0973_/Y                                 10     13     -3 (VIOLATED)
_0975_/X                                 10     13     -3 (VIOLATED)
_0976_/Y                                 10     13     -3 (VIOLATED)
_0997_/X                                 10     13     -3 (VIOLATED)
_1023_/Y                                 10     13     -3 (VIOLATED)
_1104_/X                                 10     13     -3 (VIOLATED)
_1120_/X                                 10     13     -3 (VIOLATED)
_1122_/Y                                 10     13     -3 (VIOLATED)
_1181_/X                                 10     13     -3 (VIOLATED)
_1266_/X                                 10     13     -3 (VIOLATED)
_1343_/X                                 10     13     -3 (VIOLATED)
_1520_/X                                 10     13     -3 (VIOLATED)
_1606_/X                                 10     13     -3 (VIOLATED)
fanout325/X                              10     13     -3 (VIOLATED)
fanout370/X                              10     13     -3 (VIOLATED)
fanout386/X                              10     13     -3 (VIOLATED)
fanout390/X                              10     13     -3 (VIOLATED)
fanout423/X                              10     13     -3 (VIOLATED)
fanout431/X                              10     13     -3 (VIOLATED)
fanout455/X                              10     13     -3 (VIOLATED)
hold176/X                                10     13     -3 (VIOLATED)
hold204/X                                10     13     -3 (VIOLATED)
hold218/X                                10     13     -3 (VIOLATED)
hold275/X                                10     13     -3 (VIOLATED)
mprj.ffram/wbs_dat_o[6]                  10     13     -3 (VIOLATED)
wire352/X                                10     13     -3 (VIOLATED)
wire353/X                                10     13     -3 (VIOLATED)
_1265_/X                                 10     12     -2 (VIOLATED)
_2025_/Q                                 10     12     -2 (VIOLATED)
hold148/X                                10     12     -2 (VIOLATED)
_0941_/Y                                 10     11        (VIOLATED)
_1085_/Y                                 10     11        (VIOLATED)
_1091_/Y                                 10     11        (VIOLATED)
_1097_/X                                 10     11        (VIOLATED)
_1110_/X                                 10     11        (VIOLATED)
_1146_/X                                 10     11        (VIOLATED)
_1148_/X                                 10     11        (VIOLATED)
_1150_/X                                 10     11        (VIOLATED)
_1154_/X                                 10     11        (VIOLATED)
_1156_/X                                 10     11        (VIOLATED)
_1158_/X                                 10     11        (VIOLATED)
_1160_/X                                 10     11        (VIOLATED)
_1162_/X                                 10     11        (VIOLATED)
_1164_/X                                 10     11        (VIOLATED)
_1166_/X                                 10     11        (VIOLATED)
_1433_/X                                 10     11        (VIOLATED)
_2028_/Q                                 10     11        (VIOLATED)
clkbuf_leaf_24_wb_clk_i_regs/X           10     11        (VIOLATED)
clkbuf_leaf_30_wb_clk_i_regs/X           10     11        (VIOLATED)
clkbuf_leaf_33_wb_clk_i_regs/X           10     11        (VIOLATED)
fanout313/X                              10     11        (VIOLATED)
fanout331/X                              10     11        (VIOLATED)
fanout337/X                              10     11        (VIOLATED)
fanout380/X                              10     11        (VIOLATED)
fanout389/X                              10     11        (VIOLATED)
fanout391/X                              10     11        (VIOLATED)
fanout432/X                              10     11        (VIOLATED)
fanout437/X                              10     11        (VIOLATED)
fanout440/X                              10     11        (VIOLATED)
fanout451/X                              10     11        (VIOLATED)
hold171/X                                10     11        (VIOLATED)
hold206/X                                10     11        (VIOLATED)
hold21/X                                 10     11        (VIOLATED)
hold251/X                                10     11        (VIOLATED)
hold256/X                                10     11        (VIOLATED)
hold272/X                                10     11        (VIOLATED)
hold283/X                                10     11        (VIOLATED)
hold288/X                                10     11        (VIOLATED)
hold309/X                                10     11        (VIOLATED)
hold318/X                                10     11        (VIOLATED)
hold343/X                                10     11        (VIOLATED)
hold42/X                                 10     11        (VIOLATED)
hold422/X                                10     11        (VIOLATED)
hold46/X                                 10     11        (VIOLATED)
hold512/X                                10     11        (VIOLATED)
hold519/X                                10     11        (VIOLATED)
hold533/X                                10     11        (VIOLATED)
hold554/X                                10     11        (VIOLATED)
hold605/X                                10     11        (VIOLATED)
hold638/X                                10     11        (VIOLATED)
hold65/X                                 10     11        (VIOLATED)
hold703/X                                10     11        (VIOLATED)
hold704/X                                10     11        (VIOLATED)
hold80/X                                 10     11        (VIOLATED)
hold83/X                                 10     11        (VIOLATED)
hold880/X                                10     11        (VIOLATED)
input100/X                               10     11        (VIOLATED)
input111/X                               10     11        (VIOLATED)
mprj.ffram/wbs_dat_o[20]                 10     11        (VIOLATED)
mprj.team_00_Wrapper.team_00_WB.instance_to_wrap/la_data_out[6]     10     11        (VIOLATED)
mprj.team_00_Wrapper.team_00_WB.instance_to_wrap/la_data_out[7]     10     11        (VIOLATED)

max capacitance

Pin                                        Limit         Cap       Slack
------------------------------------------------------------------------
hold484/X                               0.154734    0.300329   -0.145595 (VIOLATED)
hold364/X                               0.154734    0.271825   -0.117091 (VIOLATED)
hold587/X                               0.154734    0.265516   -0.110782 (VIOLATED)
hold464/X                               0.154734    0.259611   -0.104877 (VIOLATED)
hold239/X                               0.154734    0.240992   -0.086258 (VIOLATED)
hold354/X                               0.154734    0.236864   -0.082130 (VIOLATED)
hold140/X                               0.154734    0.219038   -0.064304 (VIOLATED)
hold340/X                               0.154734    0.219014   -0.064280 (VIOLATED)
hold116/X                               0.154734    0.207417   -0.052683 (VIOLATED)
hold91/X                                0.154734    0.204350   -0.049616 (VIOLATED)
hold159/X                               0.154734    0.195704   -0.040970 (VIOLATED)
hold132/X                               0.154734    0.184917   -0.030183 (VIOLATED)
hold215/X                               0.154734    0.164037   -0.009303 (VIOLATED)



===========================================================================
report_parasitic_annotation -report_unannotated
============================================================================
Found 407 unannotated drivers.
 analog_io[0]
 analog_io[10]
 analog_io[11]
 analog_io[12]
 analog_io[13]
 analog_io[14]
 analog_io[15]
 analog_io[16]
 analog_io[17]
 analog_io[18]
 analog_io[19]
 analog_io[1]
 analog_io[20]
 analog_io[21]
 analog_io[22]
 analog_io[23]
 analog_io[24]
 analog_io[25]
 analog_io[26]
 analog_io[27]
 analog_io[28]
 analog_io[2]
 analog_io[3]
 analog_io[4]
 analog_io[5]
 analog_io[6]
 analog_io[7]
 analog_io[8]
 analog_io[9]
 io_in[1]
 io_in[2]
 io_in[3]
 io_in[4]
 la_data_in[100]
 la_data_in[101]
 la_data_in[102]
 la_data_in[103]
 la_data_in[104]
 la_data_in[105]
 la_data_in[106]
 la_data_in[107]
 la_data_in[108]
 la_data_in[109]
 la_data_in[110]
 la_data_in[111]
 la_data_in[112]
 la_data_in[113]
 la_data_in[114]
 la_data_in[115]
 la_data_in[116]
 la_data_in[117]
 la_data_in[118]
 la_data_in[119]
 la_data_in[120]
 la_data_in[121]
 la_data_in[122]
 la_data_in[123]
 la_data_in[124]
 la_data_in[125]
 la_data_in[126]
 la_data_in[127]
 la_data_in[32]
 la_data_in[33]
 la_data_in[34]
 la_data_in[35]
 la_data_in[36]
 la_data_in[37]
 la_data_in[38]
 la_data_in[39]
 la_data_in[40]
 la_data_in[41]
 la_data_in[42]
 la_data_in[43]
 la_data_in[44]
 la_data_in[45]
 la_data_in[46]
 la_data_in[47]
 la_data_in[48]
 la_data_in[49]
 la_data_in[50]
 la_data_in[51]
 la_data_in[52]
 la_data_in[53]
 la_data_in[54]
 la_data_in[55]
 la_data_in[56]
 la_data_in[57]
 la_data_in[58]
 la_data_in[59]
 la_data_in[60]
 la_data_in[61]
 la_data_in[62]
 la_data_in[63]
 la_data_in[64]
 la_data_in[65]
 la_data_in[66]
 la_data_in[67]
 la_data_in[68]
 la_data_in[69]
 la_data_in[70]
 la_data_in[71]
 la_data_in[72]
 la_data_in[73]
 la_data_in[74]
 la_data_in[75]
 la_data_in[76]
 la_data_in[77]
 la_data_in[78]
 la_data_in[79]
 la_data_in[80]
 la_data_in[81]
 la_data_in[82]
 la_data_in[83]
 la_data_in[84]
 la_data_in[85]
 la_data_in[86]
 la_data_in[87]
 la_data_in[88]
 la_data_in[89]
 la_data_in[90]
 la_data_in[91]
 la_data_in[92]
 la_data_in[93]
 la_data_in[94]
 la_data_in[95]
 la_data_in[96]
 la_data_in[97]
 la_data_in[98]
 la_data_in[99]
 la_oenb[100]
 la_oenb[101]
 la_oenb[102]
 la_oenb[103]
 la_oenb[104]
 la_oenb[105]
 la_oenb[106]
 la_oenb[107]
 la_oenb[108]
 la_oenb[109]
 la_oenb[110]
 la_oenb[111]
 la_oenb[112]
 la_oenb[113]
 la_oenb[114]
 la_oenb[115]
 la_oenb[116]
 la_oenb[117]
 la_oenb[118]
 la_oenb[119]
 la_oenb[120]
 la_oenb[121]
 la_oenb[122]
 la_oenb[123]
 la_oenb[124]
 la_oenb[125]
 la_oenb[126]
 la_oenb[127]
 la_oenb[32]
 la_oenb[33]
 la_oenb[34]
 la_oenb[35]
 la_oenb[36]
 la_oenb[37]
 la_oenb[38]
 la_oenb[39]
 la_oenb[40]
 la_oenb[41]
 la_oenb[42]
 la_oenb[43]
 la_oenb[44]
 la_oenb[45]
 la_oenb[46]
 la_oenb[47]
 la_oenb[48]
 la_oenb[49]
 la_oenb[50]
 la_oenb[51]
 la_oenb[52]
 la_oenb[53]
 la_oenb[54]
 la_oenb[55]
 la_oenb[56]
 la_oenb[57]
 la_oenb[58]
 la_oenb[59]
 la_oenb[60]
 la_oenb[61]
 la_oenb[62]
 la_oenb[63]
 la_oenb[64]
 la_oenb[65]
 la_oenb[66]
 la_oenb[67]
 la_oenb[68]
 la_oenb[69]
 la_oenb[70]
 la_oenb[71]
 la_oenb[72]
 la_oenb[73]
 la_oenb[74]
 la_oenb[75]
 la_oenb[76]
 la_oenb[77]
 la_oenb[78]
 la_oenb[79]
 la_oenb[80]
 la_oenb[81]
 la_oenb[82]
 la_oenb[83]
 la_oenb[84]
 la_oenb[85]
 la_oenb[86]
 la_oenb[87]
 la_oenb[88]
 la_oenb[89]
 la_oenb[90]
 la_oenb[91]
 la_oenb[92]
 la_oenb[93]
 la_oenb[94]
 la_oenb[95]
 la_oenb[96]
 la_oenb[97]
 la_oenb[98]
 la_oenb[99]
 user_clock2
 _2023__560/LO
 _2238__561/LO
 _2239__562/LO
 _2240__563/LO
 _2241__564/LO
 _2242__457/HI
 _2243__458/HI
 _2244__459/HI
 _2245__460/HI
 _2246__461/HI
 _2247__462/HI
 _2248__463/HI
 _2249__464/HI
 _2250__465/HI
 _2251__466/HI
 _2252__467/HI
 _2253__468/HI
 _2254__469/HI
 _2255__470/HI
 _2256__471/HI
 _2257__472/HI
 _2258__473/HI
 _2259__474/HI
 _2260__475/HI
 _2261__476/HI
 _2262__477/HI
 _2263__478/HI
 _2264__479/HI
 _2265__480/HI
 _2266__481/HI
 _2267__482/HI
 _2268__483/HI
 _2269__484/HI
 _2270__485/HI
 _2271__486/HI
 _2272__487/HI
 _2273__488/HI
 _2274__489/HI
 _2275__490/HI
 _2276__491/HI
 _2277__492/HI
 _2278__493/HI
 _2279__494/HI
 _2280__495/HI
 _2281__496/HI
 _2282__497/HI
 _2283__498/HI
 _2284__499/HI
 _2285__500/HI
 _2286__501/HI
 _2287__502/HI
 _2288__503/HI
 _2289__504/HI
 _2290__505/HI
 _2291__506/HI
 _2292__507/HI
 _2293__508/HI
 _2294__509/HI
 _2295__510/HI
 _2296__511/HI
 _2297__512/HI
 _2298__513/HI
 _2299__514/HI
 _2300__515/HI
 _2301__516/HI
 _2302__517/HI
 _2303__518/HI
 _2304__519/HI
 _2305__520/HI
 _2306__521/HI
 _2307__522/HI
 _2308__523/HI
 _2309__524/HI
 _2310__525/HI
 _2311__526/HI
 _2312__527/HI
 _2313__528/HI
 _2314__529/HI
 _2315__530/HI
 _2316__531/HI
 _2317__532/HI
 _2318__533/HI
 _2319__534/HI
 _2320__535/HI
 _2321__536/HI
 _2322__537/HI
 _2323__538/HI
 _2324__539/HI
 _2325__540/HI
 _2326__541/HI
 _2327__542/HI
 _2328__543/HI
 _2329__544/HI
 _2330__545/HI
 _2331__546/HI
 _2332__547/HI
 _2333__548/HI
 _2334__549/HI
 _2335__550/HI
 _2336__551/HI
 _2337__552/HI
 _2338__553/HI
 _2339__554/HI
 _2340__555/HI
 _2341__556/HI
 _2342__557/HI
 _2343__558/HI
 _2344__559/HI
 clkload0/Y
 clkload1/X
 clkload10/X
 clkload11/X
 clkload12/X
 clkload13/X
 clkload14/X
 clkload15/X
 clkload16/X
 clkload17/X
 clkload18/X
 clkload19/X
 clkload2/Y
 clkload20/X
 clkload21/X
 clkload22/X
 clkload23/X
 clkload24/X
 clkload25/X
 clkload26/X
 clkload27/X
 clkload28/X
 clkload29/X
 clkload3/Y
 clkload30/X
 clkload31/X
 clkload32/X
 clkload33/X
 clkload34/X
 clkload35/X
 clkload36/X
 clkload37/X
 clkload38/X
 clkload39/X
 clkload4/Y
 clkload40/X
 clkload41/X
 clkload42/X
 clkload43/X
 clkload44/X
 clkload45/X
 clkload46/X
 clkload47/X
 clkload48/X
 clkload49/X
 clkload5/X
 clkload50/X
 clkload51/X
 clkload52/X
 clkload53/X
 clkload54/X
 clkload55/X
 clkload56/X
 clkload57/X
 clkload58/X
 clkload59/Y
 clkload6/Y
 clkload60/Y
 clkload61/X
 clkload62/Y
 clkload63/Y
 clkload64/X
 clkload65/Y
 clkload66/X
 clkload67/X
 clkload68/X
 clkload69/X
 clkload7/X
 clkload70/X
 clkload71/X
 clkload8/X
 clkload9/X
 mprj.ffram/wbs_ack_o
Found 0 partially unannotated drivers.

===========================================================================
max slew violation count 437
max fanout violation count 266
max cap violation count 13
============================================================================

===========================================================================
check_setup -verbose -unconstrained_endpoints -multiple_clock -no_clock -no_input_delay -loops -generated_clocks
===========================================================================
Warning: There are 68 input ports missing set_input_delay.
  analog_io[0]
  analog_io[10]
  analog_io[11]
  analog_io[12]
  analog_io[13]
  analog_io[14]
  analog_io[15]
  analog_io[16]
  analog_io[17]
  analog_io[18]
  analog_io[19]
  analog_io[1]
  analog_io[20]
  analog_io[21]
  analog_io[22]
  analog_io[23]
  analog_io[24]
  analog_io[25]
  analog_io[26]
  analog_io[27]
  analog_io[28]
  analog_io[2]
  analog_io[3]
  analog_io[4]
  analog_io[5]
  analog_io[6]
  analog_io[7]
  analog_io[8]
  analog_io[9]
  io_in[0]
  io_in[10]
  io_in[11]
  io_in[12]
  io_in[13]
  io_in[14]
  io_in[15]
  io_in[16]
  io_in[17]
  io_in[18]
  io_in[19]
  io_in[1]
  io_in[20]
  io_in[21]
  io_in[22]
  io_in[23]
  io_in[24]
  io_in[25]
  io_in[26]
  io_in[27]
  io_in[28]
  io_in[29]
  io_in[2]
  io_in[30]
  io_in[31]
  io_in[32]
  io_in[33]
  io_in[34]
  io_in[35]
  io_in[36]
  io_in[37]
  io_in[3]
  io_in[4]
  io_in[5]
  io_in[6]
  io_in[7]
  io_in[8]
  io_in[9]
  user_clock2
Warning: There are 237 unconstrained endpoints.
  analog_io[0]
  analog_io[10]
  analog_io[11]
  analog_io[12]
  analog_io[13]
  analog_io[14]
  analog_io[15]
  analog_io[16]
  analog_io[17]
  analog_io[18]
  analog_io[19]
  analog_io[1]
  analog_io[20]
  analog_io[21]
  analog_io[22]
  analog_io[23]
  analog_io[24]
  analog_io[25]
  analog_io[26]
  analog_io[27]
  analog_io[28]
  analog_io[2]
  analog_io[3]
  analog_io[4]
  analog_io[5]
  analog_io[6]
  analog_io[7]
  analog_io[8]
  analog_io[9]
  io_oeb[0]
  io_oeb[10]
  io_oeb[11]
  io_oeb[12]
  io_oeb[13]
  io_oeb[14]
  io_oeb[15]
  io_oeb[16]
  io_oeb[17]
  io_oeb[18]
  io_oeb[19]
  io_oeb[1]
  io_oeb[20]
  io_oeb[21]
  io_oeb[22]
  io_oeb[23]
  io_oeb[24]
  io_oeb[25]
  io_oeb[26]
  io_oeb[27]
  io_oeb[28]
  io_oeb[29]
  io_oeb[2]
  io_oeb[30]
  io_oeb[31]
  io_oeb[32]
  io_oeb[33]
  io_oeb[34]
  io_oeb[35]
  io_oeb[36]
  io_oeb[37]
  io_oeb[3]
  io_oeb[4]
  io_oeb[5]
  io_oeb[6]
  io_oeb[7]
  io_oeb[8]
  io_oeb[9]
  io_out[0]
  io_out[10]
  io_out[11]
  io_out[12]
  io_out[13]
  io_out[14]
  io_out[15]
  io_out[16]
  io_out[17]
  io_out[18]
  io_out[19]
  io_out[1]
  io_out[20]
  io_out[21]
  io_out[22]
  io_out[23]
  io_out[24]
  io_out[25]
  io_out[26]
  io_out[27]
  io_out[28]
  io_out[29]
  io_out[2]
  io_out[30]
  io_out[31]
  io_out[32]
  io_out[33]
  io_out[34]
  io_out[35]
  io_out[36]
  io_out[37]
  io_out[3]
  io_out[4]
  io_out[5]
  io_out[6]
  io_out[7]
  io_out[8]
  io_out[9]
  la_data_out[0]
  la_data_out[100]
  la_data_out[101]
  la_data_out[102]
  la_data_out[103]
  la_data_out[104]
  la_data_out[105]
  la_data_out[106]
  la_data_out[107]
  la_data_out[108]
  la_data_out[109]
  la_data_out[10]
  la_data_out[110]
  la_data_out[111]
  la_data_out[112]
  la_data_out[113]
  la_data_out[114]
  la_data_out[115]
  la_data_out[116]
  la_data_out[117]
  la_data_out[118]
  la_data_out[119]
  la_data_out[11]
  la_data_out[120]
  la_data_out[121]
  la_data_out[122]
  la_data_out[123]
  la_data_out[124]
  la_data_out[125]
  la_data_out[126]
  la_data_out[127]
  la_data_out[12]
  la_data_out[13]
  la_data_out[14]
  la_data_out[15]
  la_data_out[16]
  la_data_out[17]
  la_data_out[18]
  la_data_out[19]
  la_data_out[1]
  la_data_out[20]
  la_data_out[21]
  la_data_out[22]
  la_data_out[23]
  la_data_out[24]
  la_data_out[25]
  la_data_out[26]
  la_data_out[27]
  la_data_out[28]
  la_data_out[29]
  la_data_out[2]
  la_data_out[30]
  la_data_out[31]
  la_data_out[32]
  la_data_out[33]
  la_data_out[34]
  la_data_out[35]
  la_data_out[36]
  la_data_out[37]
  la_data_out[38]
  la_data_out[39]
  la_data_out[3]
  la_data_out[40]
  la_data_out[41]
  la_data_out[42]
  la_data_out[43]
  la_data_out[44]
  la_data_out[45]
  la_data_out[46]
  la_data_out[47]
  la_data_out[48]
  la_data_out[49]
  la_data_out[4]
  la_data_out[50]
  la_data_out[51]
  la_data_out[52]
  la_data_out[53]
  la_data_out[54]
  la_data_out[55]
  la_data_out[56]
  la_data_out[57]
  la_data_out[58]
  la_data_out[59]
  la_data_out[5]
  la_data_out[60]
  la_data_out[61]
  la_data_out[62]
  la_data_out[63]
  la_data_out[64]
  la_data_out[65]
  la_data_out[66]
  la_data_out[67]
  la_data_out[68]
  la_data_out[69]
  la_data_out[6]
  la_data_out[70]
  la_data_out[71]
  la_data_out[72]
  la_data_out[73]
  la_data_out[74]
  la_data_out[75]
  la_data_out[76]
  la_data_out[77]
  la_data_out[78]
  la_data_out[79]
  la_data_out[7]
  la_data_out[80]
  la_data_out[81]
  la_data_out[82]
  la_data_out[83]
  la_data_out[84]
  la_data_out[85]
  la_data_out[86]
  la_data_out[87]
  la_data_out[88]
  la_data_out[89]
  la_data_out[8]
  la_data_out[90]
  la_data_out[91]
  la_data_out[92]
  la_data_out[93]
  la_data_out[94]
  la_data_out[95]
  la_data_out[96]
  la_data_out[97]
  la_data_out[98]
  la_data_out[99]
  la_data_out[9]
  user_irq[0]
  user_irq[1]
  user_irq[2]
  _2023_/D
