
===========================================================================
 report_power
============================================================================
======================= max_tt_025C_1v80 Corner ===================================

Group                    Internal    Switching      Leakage        Total
                            Power        Power        Power        Power (Watts)
------------------------------------------------------------------------
Sequential           1.686134e-05 3.132866e-06 3.870854e-10 1.999459e-05  21.3%
Combinational        2.359991e-05 3.104043e-05 3.078471e-09 5.464342e-05  58.2%
Clock                9.380429e-06 9.821863e-06 5.291971e-09 1.920758e-05  20.5%
Macro                0.000000e+00 0.000000e+00 0.000000e+00 0.000000e+00   0.0%
Pad                  0.000000e+00 0.000000e+00 0.000000e+00 0.000000e+00   0.0%
------------------------------------------------------------------------
Total                4.984169e-05 4.399516e-05 8.757494e-09 9.384561e-05 100.0%
                            53.1%        46.9%         0.0%

