
===========================================================================
 report_power
============================================================================
======================= max_tt_025C_1v80 Corner ===================================

Group                    Internal    Switching      Leakage        Total
                            Power        Power        Power        Power (Watts)
------------------------------------------------------------------------
Sequential           6.951126e-05 1.926822e-05 4.456109e-10 8.877993e-05  11.1%
Combinational        2.382607e-04 3.891201e-04 3.095848e-09 6.273839e-04  78.5%
Clock                4.700481e-05 3.609202e-05 1.300294e-09 8.309814e-05  10.4%
Macro                0.000000e+00 0.000000e+00 0.000000e+00 0.000000e+00   0.0%
Pad                  0.000000e+00 0.000000e+00 0.000000e+00 0.000000e+00   0.0%
------------------------------------------------------------------------
Total                3.547767e-04 4.444803e-04 4.841744e-09 7.992618e-04 100.0%
                            44.4%        55.6%         0.0%

