
===========================================================================
 report_power
============================================================================
======================= nom_ss_100C_1v60 Corner ===================================

Group                    Internal    Switching      Leakage        Total
                            Power        Power        Power        Power (Watts)
------------------------------------------------------------------------
Sequential           1.095818e-04 8.823178e-06 6.458242e-06 1.248632e-04  42.9%
Combinational        3.192027e-05 3.516102e-05 9.564873e-06 7.664616e-05  26.3%
Clock                4.039688e-05 4.859414e-05 7.394909e-07 8.973051e-05  30.8%
Macro                0.000000e+00 0.000000e+00 0.000000e+00 0.000000e+00   0.0%
Pad                  0.000000e+00 0.000000e+00 0.000000e+00 0.000000e+00   0.0%
------------------------------------------------------------------------
Total                1.818990e-04 9.257827e-05 1.676253e-05 2.912398e-04 100.0%
                            62.5%        31.8%         5.8%

