Clock: clk
Sources: clk 
Generated: no
Virtual: yes
Propagated: no
Period: 100.000000

===========================================================================
report_clock_properties
============================================================================
Clock                   Period          Waveform
----------------------------------------------------
clk                 100.000000    0.000000 50.000000

===========================================================================
report_clock_latency
============================================================================
Clock clk
rise -> rise
    min     max
0.000000 0.000000 source latency
0.484030         network latency _3091_/CLK
        20.336018 network latency _2961_/CLK
---------------
0.484030 20.336018 latency
        19.851988 skew

rise -> fall
    min     max
0.000000 0.000000 source latency
0.814886         network latency _2939_/CLK
        20.302727 network latency _2961_/CLK
---------------
0.814886 20.302727 latency
        19.487841 skew

fall -> fall
    min     max
0.000000 0.000000 source latency
0.422009         network latency _3091_/CLK
        0.458005 network latency _2888_/CLK
---------------
0.422009 0.458005 latency
        0.035996 skew



===========================================================================
report_clock_min_period
============================================================================
clk period_min = 1.82 fmax = 550.06
