
===========================================================================
 report_power
============================================================================
======================= max_ff_n40C_1v95 Corner ===================================

Group                    Internal    Switching      Leakage        Total
                            Power        Power        Power        Power (Watts)
------------------------------------------------------------------------
Sequential           1.655036e-04 1.434103e-05 5.402858e-09 1.798500e-04  43.3%
Combinational        4.503474e-05 5.677735e-05 1.315527e-08 1.018252e-04  24.5%
Clock                5.647908e-05 7.723833e-05 3.392853e-09 1.337208e-04  32.2%
Macro                0.000000e+00 0.000000e+00 0.000000e+00 0.000000e+00   0.0%
Pad                  0.000000e+00 0.000000e+00 0.000000e+00 0.000000e+00   0.0%
------------------------------------------------------------------------
Total                2.670171e-04 1.483566e-04 2.195106e-08 4.153957e-04 100.0%
                            64.3%        35.7%         0.0%

