
===========================================================================
report_checks -unconstrained
===========================================================================
======================= max_ss_100C_1v60 Corner ===================================

Startpoint: nrst (input port clocked by clk)
Endpoint: _1291_ (recovery check against rising-edge clock clk)
Path Group: asynchronous
Path Type: max

Fanout         Cap        Slew       Delay        Time   Description
---------------------------------------------------------------------------------------------
                                  0.000000    0.000000   clock clk (rise edge)
                                  0.000000    0.000000   clock network delay (propagated)
                                  5.000000    5.000000 ^ input external delay
     2    0.004446    0.043394    0.024506    5.024506 ^ nrst (in)
                                                         nrst (net)
                      0.043394    0.000000    5.024506 ^ input6/A (sky130_fd_sc_hd__clkbuf_2)
     9    0.045370    0.385071    0.402687    5.427193 ^ input6/X (sky130_fd_sc_hd__clkbuf_2)
                                                         net6 (net)
                      0.385129    0.003947    5.431140 ^ fanout121/A (sky130_fd_sc_hd__clkbuf_4)
    21    0.080984    0.385707    0.614481    6.045621 ^ fanout121/X (sky130_fd_sc_hd__clkbuf_4)
                                                         net121 (net)
                      0.386785    0.015363    6.060984 ^ _1291_/RESET_B (sky130_fd_sc_hd__dfrtp_2)
                                              6.060984   data arrival time

                                 25.000000   25.000000   clock clk (rise edge)
                                  0.000000   25.000000   clock source latency
     2    0.033990    0.248131    0.172848   25.172848 ^ clk (in)
                                                         clk (net)
                      0.248218    0.000000   25.172848 ^ clkbuf_0_clk/A (sky130_fd_sc_hd__clkbuf_16)
     9    0.068354    0.132655    0.359563   25.532412 ^ clkbuf_0_clk/X (sky130_fd_sc_hd__clkbuf_16)
                                                         clknet_0_clk (net)
                      0.133083    0.006395   25.538805 ^ clkbuf_2_3__f_clk/A (sky130_fd_sc_hd__clkbuf_16)
    17    0.061970    0.123224    0.302173   25.840979 ^ clkbuf_2_3__f_clk/X (sky130_fd_sc_hd__clkbuf_16)
                                                         clknet_2_3__leaf_clk (net)
                      0.123306    0.002855   25.843832 ^ _1291_/CLK (sky130_fd_sc_hd__dfrtp_2)
                                 -0.250000   25.593834   clock uncertainty
                                  0.000000   25.593834   clock reconvergence pessimism
                                  0.327476   25.921309   library recovery time
                                             25.921309   data required time
---------------------------------------------------------------------------------------------
                                             25.921309   data required time
                                             -6.060984   data arrival time
---------------------------------------------------------------------------------------------
                                             19.860323   slack (MET)


Startpoint: prescaler[9] (input port clocked by clk)
Endpoint: _1283_ (rising edge-triggered flip-flop clocked by clk)
Path Group: clk
Path Type: max

Fanout         Cap        Slew       Delay        Time   Description
---------------------------------------------------------------------------------------------
                                  0.000000    0.000000   clock clk (rise edge)
                                  0.000000    0.000000   clock network delay (propagated)
                                  5.000000    5.000000 ^ input external delay
     2    0.004548    0.044097    0.025066    5.025066 ^ prescaler[9] (in)
                                                         prescaler[9] (net)
                      0.044098    0.000000    5.025066 ^ input20/A (sky130_fd_sc_hd__clkbuf_1)
     2    0.008078    0.166327    0.207482    5.232548 ^ input20/X (sky130_fd_sc_hd__clkbuf_1)
                                                         net20 (net)
                      0.166327    0.000485    5.233032 ^ fanout123/A (sky130_fd_sc_hd__clkbuf_4)
    10    0.053841    0.264569    0.433530    5.666563 ^ fanout123/X (sky130_fd_sc_hd__clkbuf_4)
                                                         net123 (net)
                      0.264585    0.002394    5.668956 ^ _0671_/A (sky130_fd_sc_hd__xor2_1)
     3    0.011095    0.422152    0.486656    6.155612 ^ _0671_/X (sky130_fd_sc_hd__xor2_1)
                                                         _0061_ (net)
                      0.422152    0.000710    6.156322 ^ _0672_/B (sky130_fd_sc_hd__xnor2_1)
     2    0.009265    0.396077    0.390161    6.546483 ^ _0672_/Y (sky130_fd_sc_hd__xnor2_1)
                                                         _0062_ (net)
                      0.396077    0.000596    6.547079 ^ _0674_/B (sky130_fd_sc_hd__xor2_1)
     2    0.009252    0.367679    0.490615    7.037694 ^ _0674_/X (sky130_fd_sc_hd__xor2_1)
                                                         _0064_ (net)
                      0.367679    0.000305    7.037998 ^ _0812_/A3 (sky130_fd_sc_hd__a31o_1)
     2    0.013467    0.227432    0.515420    7.553419 ^ _0812_/X (sky130_fd_sc_hd__a31o_1)
                                                         _0202_ (net)
                      0.227432    0.000908    7.554326 ^ _0820_/A (sky130_fd_sc_hd__xor2_2)
     2    0.012508    0.297919    0.379051    7.933377 ^ _0820_/X (sky130_fd_sc_hd__xor2_2)
                                                         _0210_ (net)
                      0.297919    0.000691    7.934068 ^ _0845_/B (sky130_fd_sc_hd__xor2_2)
     2    0.020862    0.439515    0.510103    8.444171 ^ _0845_/X (sky130_fd_sc_hd__xor2_2)
                                                         _0235_ (net)
                      0.439523    0.001608    8.445779 ^ _0847_/B (sky130_fd_sc_hd__xor2_4)
     2    0.027682    0.368091    0.500637    8.946415 ^ _0847_/X (sky130_fd_sc_hd__xor2_4)
                                                         _0237_ (net)
                      0.368091    0.001185    8.947600 ^ _0848_/B (sky130_fd_sc_hd__xnor2_4)
     2    0.021493    0.160099    0.261151    9.208752 v _0848_/Y (sky130_fd_sc_hd__xnor2_4)
                                                         _0238_ (net)
                      0.160114    0.001514    9.210266 v _0851_/A (sky130_fd_sc_hd__xnor2_4)
     3    0.035801    0.468519    0.509009    9.719275 ^ _0851_/Y (sky130_fd_sc_hd__xnor2_4)
                                                         _0241_ (net)
                      0.468602    0.004991    9.724265 ^ _0858_/A (sky130_fd_sc_hd__nor2_1)
     2    0.017518    0.204800    0.347672   10.071938 v _0858_/Y (sky130_fd_sc_hd__nor2_1)
                                                         _0248_ (net)
                      0.204804    0.001294   10.073232 v _0863_/B1 (sky130_fd_sc_hd__a221oi_4)
     4    0.018090    0.482311    0.569116   10.642347 ^ _0863_/Y (sky130_fd_sc_hd__a221oi_4)
                                                         _0253_ (net)
                      0.482316    0.002779   10.645127 ^ _0864_/A2 (sky130_fd_sc_hd__a21oi_1)
     3    0.007186    0.177645    0.332990   10.978116 v _0864_/Y (sky130_fd_sc_hd__a21oi_1)
                                                         _0254_ (net)
                      0.177645    0.000423   10.978539 v _0935_/B (sky130_fd_sc_hd__or3b_1)
     3    0.013172    0.240847    0.988241   11.966781 v _0935_/X (sky130_fd_sc_hd__or3b_1)
                                                         _0325_ (net)
                      0.240848    0.001075   11.967855 v _0938_/C (sky130_fd_sc_hd__and3_1)
     2    0.004924    0.088852    0.465685   12.433540 v _0938_/X (sky130_fd_sc_hd__and3_1)
                                                         _0328_ (net)
                      0.088852    0.000276   12.433817 v _0952_/B (sky130_fd_sc_hd__or4_1)
     1    0.002065    0.166712    1.152078   13.585895 v _0952_/X (sky130_fd_sc_hd__or4_1)
                                                         _0342_ (net)
                      0.166712    0.000132   13.586027 v _0953_/D (sky130_fd_sc_hd__or4_1)
     1    0.002174    0.168068    0.965440   14.551467 v _0953_/X (sky130_fd_sc_hd__or4_1)
                                                         _0343_ (net)
                      0.168068    0.000129   14.551596 v _0954_/C (sky130_fd_sc_hd__or3_2)
     9    0.038722    0.345043    1.278641   15.830237 v _0954_/X (sky130_fd_sc_hd__or3_2)
                                                         _0344_ (net)
                      0.345052    0.002322   15.832559 v _1005_/A1 (sky130_fd_sc_hd__o211ai_1)
     1    0.003873    0.280126    0.419920   16.252480 ^ _1005_/Y (sky130_fd_sc_hd__o211ai_1)
                                                         _0395_ (net)
                      0.280126    0.000252   16.252731 ^ fanout95/A (sky130_fd_sc_hd__clkbuf_2)
    13    0.050239    0.423448    0.532298   16.785028 ^ fanout95/X (sky130_fd_sc_hd__clkbuf_2)
                                                         net95 (net)
                      0.423454    0.001329   16.786358 ^ fanout94/A (sky130_fd_sc_hd__clkbuf_2)
     8    0.042582    0.363408    0.544448   17.330805 ^ fanout94/X (sky130_fd_sc_hd__clkbuf_2)
                                                         net94 (net)
                      0.363408    0.001146   17.331951 ^ fanout93/A (sky130_fd_sc_hd__clkbuf_2)
    10    0.032062    0.278054    0.463409   17.795361 ^ fanout93/X (sky130_fd_sc_hd__clkbuf_2)
                                                         net93 (net)
                      0.278056    0.001455   17.796816 ^ _1163_/B (sky130_fd_sc_hd__and3_1)
     1    0.003254    0.096841    0.369521   18.166336 ^ _1163_/X (sky130_fd_sc_hd__and3_1)
                                                         _0524_ (net)
                      0.096903    0.000218   18.166555 ^ _1167_/B1 (sky130_fd_sc_hd__o221a_1)
     2    0.008815    0.179196    0.460270   18.626825 ^ _1167_/X (sky130_fd_sc_hd__o221a_1)
                                                         clk_divider.next_count[25] (net)
                      0.179196    0.000602   18.627428 ^ _1188_/B (sky130_fd_sc_hd__xnor2_1)
     1    0.023336    0.405902    0.392623   19.020050 v _1188_/Y (sky130_fd_sc_hd__xnor2_1)
                                                         _0546_ (net)
                      0.406042    0.002576   19.022625 v _1190_/C (sky130_fd_sc_hd__or4_1)
     1    0.008678    0.247380    1.327154   20.349779 v _1190_/X (sky130_fd_sc_hd__or4_1)
                                                         _0548_ (net)
                      0.247380    0.000657   20.350437 v _1191_/D (sky130_fd_sc_hd__or4_1)
     1    0.003187    0.181969    1.018519   21.368956 v _1191_/X (sky130_fd_sc_hd__or4_1)
                                                         _0549_ (net)
                      0.181969    0.000137   21.369093 v _1219_/A (sky130_fd_sc_hd__nor3_1)
     1    0.002260    0.246158    0.333785   21.702877 ^ _1219_/Y (sky130_fd_sc_hd__nor3_1)
                                                         clk_divider.next_flag (net)
                      0.246158    0.000160   21.703037 ^ _1283_/D (sky130_fd_sc_hd__dfrtp_4)
                                             21.703037   data arrival time

                                 25.000000   25.000000   clock clk (rise edge)
                                  0.000000   25.000000   clock source latency
     2    0.033990    0.248131    0.172848   25.172848 ^ clk (in)
                                                         clk (net)
                      0.248218    0.000000   25.172848 ^ clkbuf_0_clk/A (sky130_fd_sc_hd__clkbuf_16)
     9    0.068354    0.132655    0.359563   25.532412 ^ clkbuf_0_clk/X (sky130_fd_sc_hd__clkbuf_16)
                                                         clknet_0_clk (net)
                      0.132812    0.004123   25.536533 ^ clkbuf_2_0__f_clk/A (sky130_fd_sc_hd__clkbuf_16)
     9    0.038852    0.093191    0.275717   25.812250 ^ clkbuf_2_0__f_clk/X (sky130_fd_sc_hd__clkbuf_16)
                                                         clknet_2_0__leaf_clk (net)
                      0.093337    0.003231   25.815481 ^ _1283_/CLK (sky130_fd_sc_hd__dfrtp_4)
                                 -0.250000   25.565483   clock uncertainty
                                  0.000000   25.565483   clock reconvergence pessimism
                                 -0.177199   25.388285   library setup time
                                             25.388285   data required time
---------------------------------------------------------------------------------------------
                                             25.388285   data required time
                                            -21.703037   data arrival time
---------------------------------------------------------------------------------------------
                                              3.685248   slack (MET)




===========================================================================
report_checks --slack_max -0.01
============================================================================
======================= max_ss_100C_1v60 Corner ===================================

No paths found.


===========================================================================
 report_check_types -max_slew -max_cap -max_fanout -violators
============================================================================
======================= max_ss_100C_1v60 Corner ===================================

max slew

Pin                                        Limit        Slew       Slack
------------------------------------------------------------------------
ANTENNA_output73_A/DIODE                0.750000    1.057942   -0.307942 (VIOLATED)
output73/A                              0.750000    1.057942   -0.307942 (VIOLATED)
ANTENNA__1274__Y/DIODE                  0.750000    1.057923   -0.307923 (VIOLATED)
_1274_/Y                                0.750000    1.057923   -0.307923 (VIOLATED)
output58/A                              0.750000    1.034880   -0.284880 (VIOLATED)
ANTENNA_output58_A/DIODE                0.750000    1.034880   -0.284880 (VIOLATED)
ANTENNA__1257__Y/DIODE                  0.750000    1.034867   -0.284867 (VIOLATED)
_1257_/Y                                0.750000    1.034867   -0.284867 (VIOLATED)
ANTENNA_output89_A/DIODE                0.750000    1.026039   -0.276039 (VIOLATED)
output89/A                              0.750000    1.026039   -0.276039 (VIOLATED)
ANTENNA__1251__Y/DIODE                  0.750000    1.026031   -0.276031 (VIOLATED)
_1251_/Y                                0.750000    1.026027   -0.276027 (VIOLATED)
_1190_/C                                0.750000    0.867334   -0.117334 (VIOLATED)
_1188_/Y                                0.750000    0.867324   -0.117324 (VIOLATED)
_0809_/A_N                              0.750000    0.840104   -0.090104 (VIOLATED)
_0965_/B                                0.750000    0.840103   -0.090103 (VIOLATED)
ANTENNA__0809__A_N/DIODE                0.750000    0.840100   -0.090100 (VIOLATED)
ANTENNA__0965__B/DIODE                  0.750000    0.840097   -0.090097 (VIOLATED)
ANTENNA__1001__B/DIODE                  0.750000    0.840096   -0.090096 (VIOLATED)
_1001_/B                                0.750000    0.840096   -0.090096 (VIOLATED)
ANTENNA__1196__A/DIODE                  0.750000    0.840056   -0.090056 (VIOLATED)
_1196_/A                                0.750000    0.840051   -0.090051 (VIOLATED)
_1186_/A1                               0.750000    0.840021   -0.090021 (VIOLATED)
ANTENNA__1186__A1/DIODE                 0.750000    0.839986   -0.089986 (VIOLATED)
_1054_/A2                               0.750000    0.839743   -0.089743 (VIOLATED)
ANTENNA__1054__A2/DIODE                 0.750000    0.839741   -0.089741 (VIOLATED)
_1137_/B                                0.750000    0.839738   -0.089738 (VIOLATED)
ANTENNA__1137__B/DIODE                  0.750000    0.839736   -0.089736 (VIOLATED)
_1039_/B                                0.750000    0.839727   -0.089727 (VIOLATED)
ANTENNA__1039__B/DIODE                  0.750000    0.839725   -0.089725 (VIOLATED)
_1119_/B                                0.750000    0.839712   -0.089712 (VIOLATED)
ANTENNA__1119__B/DIODE                  0.750000    0.839712   -0.089712 (VIOLATED)
_1117_/A2                               0.750000    0.839708   -0.089708 (VIOLATED)
ANTENNA__1117__A2/DIODE                 0.750000    0.839697   -0.089697 (VIOLATED)
_1099_/A2                               0.750000    0.839687   -0.089687 (VIOLATED)
ANTENNA__1099__A2/DIODE                 0.750000    0.839687   -0.089687 (VIOLATED)
ANTENNA__1014__Y/DIODE                  0.750000    0.839686   -0.089686 (VIOLATED)
_1014_/Y                                0.750000    0.839684   -0.089685 (VIOLATED)
ANTENNA__0790__Y/DIODE                  0.750000    0.839647   -0.089647 (VIOLATED)
_0790_/Y                                0.750000    0.839633   -0.089633 (VIOLATED)
_0809_/D                                0.750000    0.778456   -0.028456 (VIOLATED)
ANTENNA__0809__D/DIODE                  0.750000    0.778450   -0.028451 (VIOLATED)
ANTENNA__0964__B/DIODE                  0.750000    0.778450   -0.028450 (VIOLATED)
ANTENNA__0963__B/DIODE                  0.750000    0.778449   -0.028449 (VIOLATED)
_0964_/B                                0.750000    0.778439   -0.028439 (VIOLATED)
_0963_/B                                0.750000    0.778423   -0.028423 (VIOLATED)
ANTENNA__1203__A1/DIODE                 0.750000    0.778375   -0.028375 (VIOLATED)
_1215_/A1                               0.750000    0.778345   -0.028345 (VIOLATED)
ANTENNA__1215__A1/DIODE                 0.750000    0.778342   -0.028342 (VIOLATED)
_1203_/A1                               0.750000    0.778340   -0.028340 (VIOLATED)
ANTENNA__0789__Y/DIODE                  0.750000    0.777949   -0.027949 (VIOLATED)
_0789_/Y                                0.750000    0.777942   -0.027942 (VIOLATED)
_1004_/C1                               0.750000    0.763888   -0.013888 (VIOLATED)
_1005_/C1                               0.750000    0.763888   -0.013888 (VIOLATED)
_0950_/Y                                0.750000    0.763886   -0.013886 (VIOLATED)

max fanout

Pin                                   Limit Fanout  Slack
---------------------------------------------------------
_0646_/X                                 10     21    -11 (VIOLATED)
clkbuf_2_2__f_clk/X                      10     21    -11 (VIOLATED)
fanout121/X                              10     21    -11 (VIOLATED)
fanout124/X                              10     21    -11 (VIOLATED)
fanout125/X                              10     21    -11 (VIOLATED)
fanout90/X                               10     21    -11 (VIOLATED)
input11/X                                10     21    -11 (VIOLATED)
input13/X                                10     21    -11 (VIOLATED)
input15/X                                10     21    -11 (VIOLATED)
input8/X                                 10     21    -11 (VIOLATED)
_0618_/Y                                 10     19     -9 (VIOLATED)
input14/X                                10     19     -9 (VIOLATED)
input17/X                                10     19     -9 (VIOLATED)
_0615_/Y                                 10     17     -7 (VIOLATED)
_0617_/Y                                 10     17     -7 (VIOLATED)
clkbuf_2_3__f_clk/X                      10     17     -7 (VIOLATED)
input7/X                                 10     17     -7 (VIOLATED)
_1304_/Q                                 10     15     -5 (VIOLATED)
input9/X                                 10     15     -5 (VIOLATED)
_0801_/X                                 10     13     -3 (VIOLATED)
_1014_/Y                                 10     13     -3 (VIOLATED)
_1307_/Q                                 10     13     -3 (VIOLATED)
fanout95/X                               10     13     -3 (VIOLATED)
clkbuf_2_1__f_clk/X                      10     12     -2 (VIOLATED)
_0789_/Y                                 10     11        (VIOLATED)
_0790_/Y                                 10     11        (VIOLATED)
_0805_/X                                 10     11        (VIOLATED)
_0940_/X                                 10     11        (VIOLATED)
fanout114/X                              10     11        (VIOLATED)



===========================================================================
report_parasitic_annotation -report_unannotated
============================================================================
Found 129 unannotated drivers.
 gpio_in[0]
 gpio_in[10]
 gpio_in[11]
 gpio_in[12]
 gpio_in[13]
 gpio_in[14]
 gpio_in[15]
 gpio_in[16]
 gpio_in[17]
 gpio_in[18]
 gpio_in[19]
 gpio_in[1]
 gpio_in[20]
 gpio_in[21]
 gpio_in[22]
 gpio_in[23]
 gpio_in[24]
 gpio_in[25]
 gpio_in[26]
 gpio_in[27]
 gpio_in[28]
 gpio_in[29]
 gpio_in[2]
 gpio_in[30]
 gpio_in[31]
 gpio_in[32]
 gpio_in[33]
 gpio_in[3]
 gpio_in[4]
 gpio_in[5]
 gpio_in[6]
 gpio_in[7]
 gpio_in[8]
 gpio_in[9]
 la_data_in[10]
 la_data_in[11]
 la_data_in[12]
 la_data_in[13]
 la_data_in[14]
 la_data_in[15]
 la_data_in[16]
 la_data_in[17]
 la_data_in[18]
 la_data_in[19]
 la_data_in[20]
 la_data_in[21]
 la_data_in[22]
 la_data_in[23]
 la_data_in[24]
 la_data_in[25]
 la_data_in[26]
 la_data_in[27]
 la_data_in[28]
 la_data_in[29]
 la_data_in[2]
 la_data_in[30]
 la_data_in[31]
 la_data_in[3]
 la_data_in[4]
 la_data_in[5]
 la_data_in[6]
 la_data_in[7]
 la_data_in[8]
 la_data_in[9]
 la_oenb[10]
 la_oenb[11]
 la_oenb[12]
 la_oenb[13]
 la_oenb[14]
 la_oenb[15]
 la_oenb[16]
 la_oenb[17]
 la_oenb[18]
 la_oenb[19]
 la_oenb[20]
 la_oenb[21]
 la_oenb[22]
 la_oenb[23]
 la_oenb[24]
 la_oenb[25]
 la_oenb[26]
 la_oenb[27]
 la_oenb[28]
 la_oenb[29]
 la_oenb[2]
 la_oenb[30]
 la_oenb[31]
 la_oenb[3]
 la_oenb[4]
 la_oenb[5]
 la_oenb[6]
 la_oenb[7]
 la_oenb[8]
 la_oenb[9]
 clkload0/Y
 clkload1/Y
 clkload2/Y
 team_00_126/HI
 team_00_127/HI
 team_00_128/HI
 team_00_129/HI
 team_00_130/HI
 team_00_131/HI
 team_00_132/HI
 team_00_133/HI
 team_00_134/HI
 team_00_135/HI
 team_00_136/HI
 team_00_137/HI
 team_00_138/HI
 team_00_139/HI
 team_00_140/HI
 team_00_141/HI
 team_00_142/HI
 team_00_143/HI
 team_00_144/HI
 team_00_145/HI
 team_00_146/HI
 team_00_147/HI
 team_00_148/HI
 team_00_149/HI
 team_00_150/HI
 team_00_151/HI
 team_00_152/HI
 team_00_153/HI
 team_00_154/HI
 team_00_155/HI
 team_00_156/HI
 team_00_157/HI
Found 0 partially unannotated drivers.

===========================================================================
max slew violation count 55
max fanout violation count 29
max cap violation count 0
============================================================================

===========================================================================
check_setup -verbose -unconstrained_endpoints -multiple_clock -no_clock -no_input_delay -loops -generated_clocks
===========================================================================
Warning: There are 32 unconstrained endpoints.
  la_data_out[0]
  la_data_out[10]
  la_data_out[11]
  la_data_out[12]
  la_data_out[13]
  la_data_out[14]
  la_data_out[15]
  la_data_out[16]
  la_data_out[17]
  la_data_out[18]
  la_data_out[19]
  la_data_out[1]
  la_data_out[20]
  la_data_out[21]
  la_data_out[22]
  la_data_out[23]
  la_data_out[24]
  la_data_out[25]
  la_data_out[26]
  la_data_out[27]
  la_data_out[28]
  la_data_out[29]
  la_data_out[2]
  la_data_out[30]
  la_data_out[31]
  la_data_out[3]
  la_data_out[4]
  la_data_out[5]
  la_data_out[6]
  la_data_out[7]
  la_data_out[8]
  la_data_out[9]
