Clock: clk
Sources: clk 
Generated: no
Virtual: yes
Propagated: no
Period: 25.000000

===========================================================================
report_clock_properties
============================================================================
Clock                   Period          Waveform
----------------------------------------------------
clk                  25.000000    0.000000 12.500000

===========================================================================
report_clock_latency
============================================================================
Clock clk
rise -> rise
    min     max
0.000000 0.000000 source latency
0.813966         network latency _1298_/CLK
        0.852827 network latency _1302_/CLK
---------------
0.813966 0.852827 latency
        0.038860 skew

fall -> fall
    min     max
0.000000 0.000000 source latency
0.733547         network latency _1298_/CLK
        0.764070 network latency _1302_/CLK
---------------
0.733547 0.764070 latency
        0.030522 skew



===========================================================================
report_clock_min_period
============================================================================
clk period_min = 13.42 fmax = 74.50
