
===========================================================================
 report_power
============================================================================
======================= max_ss_100C_1v60 Corner ===================================

Group                    Internal    Switching      Leakage        Total
                            Power        Power        Power        Power (Watts)
------------------------------------------------------------------------
Sequential           1.300326e-05 2.449720e-06 6.686640e-07 1.612164e-05  20.4%
Combinational        1.932223e-05 2.434517e-05 3.825617e-06 4.749301e-05  60.0%
Clock                7.687458e-06 7.794482e-06 1.131970e-07 1.559514e-05  19.7%
Macro                0.000000e+00 0.000000e+00 0.000000e+00 0.000000e+00   0.0%
Pad                  0.000000e+00 0.000000e+00 0.000000e+00 0.000000e+00   0.0%
------------------------------------------------------------------------
Total                4.001294e-05 3.458936e-05 4.607476e-06 7.920978e-05 100.0%
                            50.5%        43.7%         5.8%

